<?xml version="1.0"?>
<link_info>
   <banner>TI ARM Linker PC v15.12.3.LTS</banner>
   <copyright>Copyright (c) 1996-2015 Texas Instruments Incorporated</copyright>
   <link_time>0x5819e786</link_time>
   <link_errors>0x0</link_errors>
   <output_file>ece3849b16_lab0_yuyan_nhtranngoc.out</output_file>
   <entry_point>
      <name>_c_int00</name>
      <address>0x4ebd</address>
   </entry_point>
   <input_file_list>
      <input_file id="fl-2">
         <path>.\</path>
         <kind>object</kind>
         <file>buttons.obj</file>
         <name>buttons.obj</name>
      </input_file>
      <input_file id="fl-3">
         <path>.\</path>
         <kind>object</kind>
         <file>frame_graphics.obj</file>
         <name>frame_graphics.obj</name>
      </input_file>
      <input_file id="fl-4">
         <path>.\</path>
         <kind>object</kind>
         <file>lm3s8962_startup_ccs.obj</file>
         <name>lm3s8962_startup_ccs.obj</name>
      </input_file>
      <input_file id="fl-5">
         <path>.\</path>
         <kind>object</kind>
         <file>main.obj</file>
         <name>main.obj</name>
      </input_file>
      <input_file id="fl-6">
         <path>.\</path>
         <kind>object</kind>
         <file>rit128x96x4.obj</file>
         <name>rit128x96x4.obj</name>
      </input_file>
      <input_file id="fl-7">
         <path>.\</path>
         <kind>object</kind>
         <file>ustdlib.obj</file>
         <name>ustdlib.obj</name>
      </input_file>
      <input_file id="fl-c2">
         <path>C:\Program Files (x86)\Texas Instruments\ccsv6\tools\compiler\arm_15.12.3.LTS\lib\</path>
         <kind>archive</kind>
         <file>rtsv7M3_T_le_eabi.lib</file>
         <name>boot.obj</name>
      </input_file>
      <input_file id="fl-c3">
         <path>C:\Program Files (x86)\Texas Instruments\ccsv6\tools\compiler\arm_15.12.3.LTS\lib\</path>
         <kind>archive</kind>
         <file>rtsv7M3_T_le_eabi.lib</file>
         <name>copy_decompress_none.obj</name>
      </input_file>
      <input_file id="fl-c4">
         <path>C:\Program Files (x86)\Texas Instruments\ccsv6\tools\compiler\arm_15.12.3.LTS\lib\</path>
         <kind>archive</kind>
         <file>rtsv7M3_T_le_eabi.lib</file>
         <name>copy_decompress_rle.obj</name>
      </input_file>
      <input_file id="fl-c5">
         <path>C:\Program Files (x86)\Texas Instruments\ccsv6\tools\compiler\arm_15.12.3.LTS\lib\</path>
         <kind>archive</kind>
         <file>rtsv7M3_T_le_eabi.lib</file>
         <name>copy_zero_init.obj</name>
      </input_file>
      <input_file id="fl-c6">
         <path>C:\Program Files (x86)\Texas Instruments\ccsv6\tools\compiler\arm_15.12.3.LTS\lib\</path>
         <kind>archive</kind>
         <file>rtsv7M3_T_le_eabi.lib</file>
         <name>exit.obj</name>
      </input_file>
      <input_file id="fl-c7">
         <path>C:\Program Files (x86)\Texas Instruments\ccsv6\tools\compiler\arm_15.12.3.LTS\lib\</path>
         <kind>archive</kind>
         <file>rtsv7M3_T_le_eabi.lib</file>
         <name>fd_div_t2.obj</name>
      </input_file>
      <input_file id="fl-c8">
         <path>C:\Program Files (x86)\Texas Instruments\ccsv6\tools\compiler\arm_15.12.3.LTS\lib\</path>
         <kind>archive</kind>
         <file>rtsv7M3_T_le_eabi.lib</file>
         <name>fd_mul_t2.obj</name>
      </input_file>
      <input_file id="fl-c9">
         <path>C:\Program Files (x86)\Texas Instruments\ccsv6\tools\compiler\arm_15.12.3.LTS\lib\</path>
         <kind>archive</kind>
         <file>rtsv7M3_T_le_eabi.lib</file>
         <name>fd_tos_t2.obj</name>
      </input_file>
      <input_file id="fl-ca">
         <path>C:\Program Files (x86)\Texas Instruments\ccsv6\tools\compiler\arm_15.12.3.LTS\lib\</path>
         <kind>archive</kind>
         <file>rtsv7M3_T_le_eabi.lib</file>
         <name>fs_add_t2.obj</name>
      </input_file>
      <input_file id="fl-cb">
         <path>C:\Program Files (x86)\Texas Instruments\ccsv6\tools\compiler\arm_15.12.3.LTS\lib\</path>
         <kind>archive</kind>
         <file>rtsv7M3_T_le_eabi.lib</file>
         <name>fs_mul_t2.obj</name>
      </input_file>
      <input_file id="fl-cc">
         <path>C:\Program Files (x86)\Texas Instruments\ccsv6\tools\compiler\arm_15.12.3.LTS\lib\</path>
         <kind>archive</kind>
         <file>rtsv7M3_T_le_eabi.lib</file>
         <name>fs_toi_t2.obj</name>
      </input_file>
      <input_file id="fl-cd">
         <path>C:\Program Files (x86)\Texas Instruments\ccsv6\tools\compiler\arm_15.12.3.LTS\lib\</path>
         <kind>archive</kind>
         <file>rtsv7M3_T_le_eabi.lib</file>
         <name>i_divt2.obj</name>
      </input_file>
      <input_file id="fl-ce">
         <path>C:\Program Files (x86)\Texas Instruments\ccsv6\tools\compiler\arm_15.12.3.LTS\lib\</path>
         <kind>archive</kind>
         <file>rtsv7M3_T_le_eabi.lib</file>
         <name>i_tofd_t2.obj</name>
      </input_file>
      <input_file id="fl-cf">
         <path>C:\Program Files (x86)\Texas Instruments\ccsv6\tools\compiler\arm_15.12.3.LTS\lib\</path>
         <kind>archive</kind>
         <file>rtsv7M3_T_le_eabi.lib</file>
         <name>memcpy_t2.obj</name>
      </input_file>
      <input_file id="fl-d0">
         <path>C:\Program Files (x86)\Texas Instruments\ccsv6\tools\compiler\arm_15.12.3.LTS\lib\</path>
         <kind>archive</kind>
         <file>rtsv7M3_T_le_eabi.lib</file>
         <name>memset_t2.obj</name>
      </input_file>
      <input_file id="fl-d1">
         <path>C:\Program Files (x86)\Texas Instruments\ccsv6\tools\compiler\arm_15.12.3.LTS\lib\</path>
         <kind>archive</kind>
         <file>rtsv7M3_T_le_eabi.lib</file>
         <name>mpu_init.obj</name>
      </input_file>
      <input_file id="fl-d2">
         <path>C:\Program Files (x86)\Texas Instruments\ccsv6\tools\compiler\arm_15.12.3.LTS\lib\</path>
         <kind>archive</kind>
         <file>rtsv7M3_T_le_eabi.lib</file>
         <name>pre_init.obj</name>
      </input_file>
      <input_file id="fl-d3">
         <path>C:\Program Files (x86)\Texas Instruments\ccsv6\tools\compiler\arm_15.12.3.LTS\lib\</path>
         <kind>archive</kind>
         <file>rtsv7M3_T_le_eabi.lib</file>
         <name>s_cosf.obj</name>
      </input_file>
      <input_file id="fl-d4">
         <path>C:\Program Files (x86)\Texas Instruments\ccsv6\tools\compiler\arm_15.12.3.LTS\lib\</path>
         <kind>archive</kind>
         <file>rtsv7M3_T_le_eabi.lib</file>
         <name>s_sinf.obj</name>
      </input_file>
      <input_file id="fl-d5">
         <path>C:\Program Files (x86)\Texas Instruments\ccsv6\tools\compiler\arm_15.12.3.LTS\lib\</path>
         <kind>archive</kind>
         <file>rtsv7M3_T_le_eabi.lib</file>
         <name>stkdepth_vars.obj</name>
      </input_file>
      <input_file id="fl-d6">
         <path>C:\Program Files (x86)\Texas Instruments\ccsv6\tools\compiler\arm_15.12.3.LTS\lib\</path>
         <kind>archive</kind>
         <file>rtsv7M3_T_le_eabi.lib</file>
         <name>u_divt2.obj</name>
      </input_file>
      <input_file id="fl-d7">
         <path>C:\Program Files (x86)\Texas Instruments\ccsv6\tools\compiler\arm_15.12.3.LTS\lib\</path>
         <kind>archive</kind>
         <file>rtsv7M3_T_le_eabi.lib</file>
         <name>_lock.obj</name>
      </input_file>
      <input_file id="fl-d8">
         <path>C:\Program Files (x86)\Texas Instruments\ccsv6\tools\compiler\arm_15.12.3.LTS\lib\</path>
         <kind>archive</kind>
         <file>rtsv7M3_T_le_eabi.lib</file>
         <name>args_main.obj</name>
      </input_file>
      <input_file id="fl-d9">
         <path>C:\Program Files (x86)\Texas Instruments\ccsv6\tools\compiler\arm_15.12.3.LTS\lib\</path>
         <kind>archive</kind>
         <file>rtsv7M3_T_le_eabi.lib</file>
         <name>autoinit.obj</name>
      </input_file>
      <input_file id="fl-da">
         <path>C:\Program Files (x86)\Texas Instruments\ccsv6\tools\compiler\arm_15.12.3.LTS\lib\</path>
         <kind>archive</kind>
         <file>rtsv7M3_T_le_eabi.lib</file>
         <name>cpy_tbl.obj</name>
      </input_file>
      <input_file id="fl-db">
         <path>C:\Program Files (x86)\Texas Instruments\ccsv6\tools\compiler\arm_15.12.3.LTS\lib\</path>
         <kind>archive</kind>
         <file>rtsv7M3_T_le_eabi.lib</file>
         <name>fd_add_t2.obj</name>
      </input_file>
      <input_file id="fl-dc">
         <path>C:\Program Files (x86)\Texas Instruments\ccsv6\tools\compiler\arm_15.12.3.LTS\lib\</path>
         <kind>archive</kind>
         <file>rtsv7M3_T_le_eabi.lib</file>
         <name>fd_toi_t2.obj</name>
      </input_file>
      <input_file id="fl-dd">
         <path>C:\Program Files (x86)\Texas Instruments\ccsv6\tools\compiler\arm_15.12.3.LTS\lib\</path>
         <kind>archive</kind>
         <file>rtsv7M3_T_le_eabi.lib</file>
         <name>fs_tod_t2.obj</name>
      </input_file>
      <input_file id="fl-de">
         <path>C:\Program Files (x86)\Texas Instruments\ccsv6\tools\compiler\arm_15.12.3.LTS\lib\</path>
         <kind>archive</kind>
         <file>rtsv7M3_T_le_eabi.lib</file>
         <name>i_div0.obj</name>
      </input_file>
      <input_file id="fl-df">
         <path>C:\Program Files (x86)\Texas Instruments\ccsv6\tools\compiler\arm_15.12.3.LTS\lib\</path>
         <kind>archive</kind>
         <file>rtsv7M3_T_le_eabi.lib</file>
         <name>k_rem_pio2.obj</name>
      </input_file>
      <input_file id="fl-e0">
         <path>C:\Program Files (x86)\Texas Instruments\ccsv6\tools\compiler\arm_15.12.3.LTS\lib\</path>
         <kind>archive</kind>
         <file>rtsv7M3_T_le_eabi.lib</file>
         <name>s_floor.obj</name>
      </input_file>
      <input_file id="fl-e1">
         <path>C:\Program Files (x86)\Texas Instruments\ccsv6\tools\compiler\arm_15.12.3.LTS\lib\</path>
         <kind>archive</kind>
         <file>rtsv7M3_T_le_eabi.lib</file>
         <name>s_scalbn.obj</name>
      </input_file>
      <input_file id="fl-e2">
         <path>C:\Program Files (x86)\Texas Instruments\ccsv6\tools\compiler\arm_15.12.3.LTS\lib\</path>
         <kind>archive</kind>
         <file>rtsv7M3_T_le_eabi.lib</file>
         <name>startup.obj</name>
      </input_file>
      <input_file id="fl-e3">
         <path>C:\Program Files (x86)\Texas Instruments\ccsv6\tools\compiler\arm_15.12.3.LTS\lib\</path>
         <kind>archive</kind>
         <file>rtsv7M3_T_le_eabi.lib</file>
         <name>errno.obj</name>
      </input_file>
      <input_file id="fl-e4">
         <path>C:\Program Files (x86)\Texas Instruments\ccsv6\tools\compiler\arm_15.12.3.LTS\lib\</path>
         <kind>archive</kind>
         <file>rtsv7M3_T_le_eabi.lib</file>
         <name>fd_cmp_t2.obj</name>
      </input_file>
      <input_file id="fl-e5">
         <path>C:\Program Files (x86)\Texas Instruments\ccsv6\tools\compiler\arm_15.12.3.LTS\lib\</path>
         <kind>archive</kind>
         <file>rtsv7M3_T_le_eabi.lib</file>
         <name>s_copysign.obj</name>
      </input_file>
      <input_file id="fl-e6">
         <path>C:\Program Files (x86)\Texas Instruments\StellarisWare\driverlib\ccs-cm3\Debug\</path>
         <kind>archive</kind>
         <file>driverlib-cm3.lib</file>
         <name>timer.obj</name>
      </input_file>
      <input_file id="fl-e7">
         <path>C:\Program Files (x86)\Texas Instruments\StellarisWare\driverlib\ccs-cm3\Debug\</path>
         <kind>archive</kind>
         <file>driverlib-cm3.lib</file>
         <name>sysctl.obj</name>
      </input_file>
      <input_file id="fl-e8">
         <path>C:\Program Files (x86)\Texas Instruments\StellarisWare\driverlib\ccs-cm3\Debug\</path>
         <kind>archive</kind>
         <file>driverlib-cm3.lib</file>
         <name>ssi.obj</name>
      </input_file>
      <input_file id="fl-e9">
         <path>C:\Program Files (x86)\Texas Instruments\StellarisWare\driverlib\ccs-cm3\Debug\</path>
         <kind>archive</kind>
         <file>driverlib-cm3.lib</file>
         <name>interrupt.obj</name>
      </input_file>
      <input_file id="fl-ea">
         <path>C:\Program Files (x86)\Texas Instruments\StellarisWare\driverlib\ccs-cm3\Debug\</path>
         <kind>archive</kind>
         <file>driverlib-cm3.lib</file>
         <name>gpio.obj</name>
      </input_file>
      <input_file id="fl-eb">
         <path>C:\Program Files (x86)\Texas Instruments\StellarisWare\driverlib\ccs-cm3\Debug\</path>
         <kind>archive</kind>
         <file>driverlib-cm3.lib</file>
         <name>cpu.obj</name>
      </input_file>
   </input_file_list>
   <object_component_list>
      <object_component id="oc-f">
         <name>.intvecs</name>
         <load_address>0x0</load_address>
         <run_address>0x0</run_address>
         <size>0xf0</size>
         <input_file_ref idref="fl-4"/>
      </object_component>
      <object_component id="oc-a2">
         <name>.text</name>
         <load_address>0xf0</load_address>
         <run_address>0xf0</run_address>
         <size>0xdb4</size>
         <input_file_ref idref="fl-d3"/>
      </object_component>
      <object_component id="oc-b7">
         <name>.text</name>
         <load_address>0xea4</load_address>
         <run_address>0xea4</run_address>
         <size>0xd68</size>
         <input_file_ref idref="fl-d4"/>
      </object_component>
      <object_component id="oc-88">
         <name>.text</name>
         <load_address>0x1c0c</load_address>
         <run_address>0x1c0c</run_address>
         <size>0xa48</size>
         <input_file_ref idref="fl-7"/>
      </object_component>
      <object_component id="oc-17d">
         <name>.text</name>
         <load_address>0x2654</load_address>
         <run_address>0x2654</run_address>
         <size>0x704</size>
         <input_file_ref idref="fl-df"/>
      </object_component>
      <object_component id="oc-bd">
         <name>.text</name>
         <load_address>0x2d58</load_address>
         <run_address>0x2d58</run_address>
         <size>0x684</size>
         <input_file_ref idref="fl-3"/>
      </object_component>
      <object_component id="oc-da">
         <name>.text</name>
         <load_address>0x33dc</load_address>
         <run_address>0x33dc</run_address>
         <size>0x510</size>
         <input_file_ref idref="fl-6"/>
      </object_component>
      <object_component id="oc-31">
         <name>.text</name>
         <load_address>0x38ec</load_address>
         <run_address>0x38ec</run_address>
         <size>0x4c4</size>
         <input_file_ref idref="fl-5"/>
      </object_component>
      <object_component id="oc-178">
         <name>.text</name>
         <load_address>0x3db0</load_address>
         <run_address>0x3db0</run_address>
         <size>0x1b6</size>
         <input_file_ref idref="fl-db"/>
      </object_component>
      <object_component id="oc-19e">
         <name>.text</name>
         <load_address>0x3f66</load_address>
         <run_address>0x3f66</run_address>
         <size>0x2</size>
         <input_file_ref idref="fl-de"/>
      </object_component>
      <object_component id="oc-d6">
         <name>.text:SysCtlClockGet</name>
         <load_address>0x3f68</load_address>
         <run_address>0x3f68</run_address>
         <size>0x198</size>
         <input_file_ref idref="fl-e7"/>
      </object_component>
      <object_component id="oc-d2">
         <name>.text:SysCtlClockSet</name>
         <load_address>0x4100</load_address>
         <run_address>0x4100</run_address>
         <size>0x144</size>
         <input_file_ref idref="fl-e7"/>
      </object_component>
      <object_component id="oc-98">
         <name>.text</name>
         <load_address>0x4244</load_address>
         <run_address>0x4244</run_address>
         <size>0x136</size>
         <input_file_ref idref="fl-c7"/>
      </object_component>
      <object_component id="oc-93">
         <name>.text</name>
         <load_address>0x437a</load_address>
         <run_address>0x437a</run_address>
         <size>0xfc</size>
         <input_file_ref idref="fl-c8"/>
      </object_component>
      <object_component id="oc-ad">
         <name>.text</name>
         <load_address>0x4476</load_address>
         <run_address>0x4476</run_address>
         <size>0xfa</size>
         <input_file_ref idref="fl-ca"/>
      </object_component>
      <object_component id="oc-24b">
         <name>.text</name>
         <load_address>0x4570</load_address>
         <run_address>0x4570</run_address>
         <size>0xf4</size>
         <input_file_ref idref="fl-e0"/>
      </object_component>
      <object_component id="oc-245">
         <name>.text</name>
         <load_address>0x4664</load_address>
         <run_address>0x4664</run_address>
         <size>0xd0</size>
         <input_file_ref idref="fl-e1"/>
      </object_component>
      <object_component id="oc-100">
         <name>.text:GPIOPadConfigSet</name>
         <load_address>0x4734</load_address>
         <run_address>0x4734</run_address>
         <size>0xc8</size>
         <input_file_ref idref="fl-ea"/>
      </object_component>
      <object_component id="oc-3a">
         <name>.text</name>
         <load_address>0x47fc</load_address>
         <run_address>0x47fc</run_address>
         <size>0x9c</size>
         <input_file_ref idref="fl-cf"/>
      </object_component>
      <object_component id="oc-82">
         <name>.text</name>
         <load_address>0x4898</load_address>
         <run_address>0x4898</run_address>
         <size>0x94</size>
         <input_file_ref idref="fl-2"/>
      </object_component>
      <object_component id="oc-259">
         <name>.text:__aeabi_cdcmple</name>
         <load_address>0x492c</load_address>
         <run_address>0x492c</run_address>
         <size>0x86</size>
         <input_file_ref idref="fl-e4"/>
      </object_component>
      <object_component id="oc-251">
         <name>.text:__aeabi_cdrcmple</name>
         <load_address>0x49b2</load_address>
         <run_address>0x49b2</run_address>
         <size>0x86</size>
         <input_file_ref idref="fl-e4"/>
      </object_component>
      <object_component id="oc-a8">
         <name>.text</name>
         <load_address>0x4a38</load_address>
         <run_address>0x4a38</run_address>
         <size>0x7a</size>
         <input_file_ref idref="fl-cb"/>
      </object_component>
      <object_component id="oc-53">
         <name>.text</name>
         <load_address>0x4ab2</load_address>
         <run_address>0x4ab2</run_address>
         <size>0x7a</size>
         <input_file_ref idref="fl-d0"/>
      </object_component>
      <object_component id="oc-6b">
         <name>.text</name>
         <load_address>0x4b2c</load_address>
         <run_address>0x4b2c</run_address>
         <size>0x70</size>
         <input_file_ref idref="fl-d9"/>
      </object_component>
      <object_component id="oc-9d">
         <name>.text</name>
         <load_address>0x4b9c</load_address>
         <run_address>0x4b9c</run_address>
         <size>0x6e</size>
         <input_file_ref idref="fl-c9"/>
      </object_component>
      <object_component id="oc-46">
         <name>.text</name>
         <load_address>0x4c0a</load_address>
         <run_address>0x4c0a</run_address>
         <size>0x6a</size>
         <input_file_ref idref="fl-c4"/>
      </object_component>
      <object_component id="oc-108">
         <name>.text:IntEnable</name>
         <load_address>0x4c74</load_address>
         <run_address>0x4c74</run_address>
         <size>0x64</size>
         <input_file_ref idref="fl-e9"/>
      </object_component>
      <object_component id="oc-c9">
         <name>.text</name>
         <load_address>0x4cd8</load_address>
         <run_address>0x4cd8</run_address>
         <size>0x5e</size>
         <input_file_ref idref="fl-cd"/>
      </object_component>
      <object_component id="oc-5f">
         <name>.text</name>
         <load_address>0x4d36</load_address>
         <run_address>0x4d36</run_address>
         <size>0x2</size>
         <input_file_ref idref="fl-d1"/>
      </object_component>
      <object_component id="oc-e0">
         <name>.text:SysCtlPeripheralEnable</name>
         <load_address>0x4d38</load_address>
         <run_address>0x4d38</run_address>
         <size>0x58</size>
         <input_file_ref idref="fl-e7"/>
      </object_component>
      <object_component id="oc-77">
         <name>.text</name>
         <load_address>0x4d90</load_address>
         <run_address>0x4d90</run_address>
         <size>0x54</size>
         <input_file_ref idref="fl-c6"/>
      </object_component>
      <object_component id="oc-138">
         <name>.text</name>
         <load_address>0x4de4</load_address>
         <run_address>0x4de4</run_address>
         <size>0x4c</size>
         <input_file_ref idref="fl-da"/>
      </object_component>
      <object_component id="oc-183">
         <name>.text</name>
         <load_address>0x4e30</load_address>
         <run_address>0x4e30</run_address>
         <size>0x48</size>
         <input_file_ref idref="fl-dc"/>
      </object_component>
      <object_component id="oc-1c3">
         <name>.text:SSIConfigSetExpClk</name>
         <load_address>0x4e78</load_address>
         <run_address>0x4e78</run_address>
         <size>0x44</size>
         <input_file_ref idref="fl-e8"/>
      </object_component>
      <object_component id="oc-24">
         <name>.text</name>
         <load_address>0x4ebc</load_address>
         <run_address>0x4ebc</run_address>
         <size>0x40</size>
         <input_file_ref idref="fl-c2"/>
      </object_component>
      <object_component id="oc-155">
         <name>.text</name>
         <load_address>0x4efc</load_address>
         <run_address>0x4efc</run_address>
         <size>0x40</size>
         <input_file_ref idref="fl-d6"/>
      </object_component>
      <object_component id="oc-173">
         <name>.text</name>
         <load_address>0x4f3c</load_address>
         <run_address>0x4f3c</run_address>
         <size>0x38</size>
         <input_file_ref idref="fl-dd"/>
      </object_component>
      <object_component id="oc-b2">
         <name>.text</name>
         <load_address>0x4f74</load_address>
         <run_address>0x4f74</run_address>
         <size>0x38</size>
         <input_file_ref idref="fl-cc"/>
      </object_component>
      <object_component id="oc-1f5">
         <name>.text:GPIODirModeSet</name>
         <load_address>0x4fac</load_address>
         <run_address>0x4fac</run_address>
         <size>0x2e</size>
         <input_file_ref idref="fl-ea"/>
      </object_component>
      <object_component id="oc-8e">
         <name>.text</name>
         <load_address>0x4fda</load_address>
         <run_address>0x4fda</run_address>
         <size>0x2e</size>
         <input_file_ref idref="fl-ce"/>
      </object_component>
      <object_component id="oc-104">
         <name>.text:IntPrioritySet</name>
         <load_address>0x5008</load_address>
         <run_address>0x5008</run_address>
         <size>0x24</size>
         <input_file_ref idref="fl-e9"/>
      </object_component>
      <object_component id="oc-e8">
         <name>.text:TimerConfigure</name>
         <load_address>0x502c</load_address>
         <run_address>0x502c</run_address>
         <size>0x24</size>
         <input_file_ref idref="fl-e6"/>
      </object_component>
      <object_component id="oc-71">
         <name>.text</name>
         <load_address>0x5050</load_address>
         <run_address>0x5050</run_address>
         <size>0x18</size>
         <input_file_ref idref="fl-d8"/>
      </object_component>
      <object_component id="oc-e4">
         <name>.text:TimerDisable</name>
         <load_address>0x5068</load_address>
         <run_address>0x5068</run_address>
         <size>0x14</size>
         <input_file_ref idref="fl-e6"/>
      </object_component>
      <object_component id="oc-22d">
         <name>.text</name>
         <load_address>0x507c</load_address>
         <run_address>0x507c</run_address>
         <size>0x14</size>
         <input_file_ref idref="fl-d7"/>
      </object_component>
      <object_component id="oc-fc">
         <name>.text:GPIOPinTypeGPIOInput</name>
         <load_address>0x5090</load_address>
         <run_address>0x5090</run_address>
         <size>0x12</size>
         <input_file_ref idref="fl-ea"/>
      </object_component>
      <object_component id="oc-1d3">
         <name>.text:GPIOPinTypeGPIOOutput</name>
         <load_address>0x50a2</load_address>
         <run_address>0x50a2</run_address>
         <size>0x12</size>
         <input_file_ref idref="fl-ea"/>
      </object_component>
      <object_component id="oc-1c7">
         <name>.text:GPIOPinTypeSSI</name>
         <load_address>0x50b4</load_address>
         <run_address>0x50b4</run_address>
         <size>0x12</size>
         <input_file_ref idref="fl-ea"/>
      </object_component>
      <object_component id="oc-1cf">
         <name>.text:SSIDataGetNonBlocking</name>
         <load_address>0x50c6</load_address>
         <run_address>0x50c6</run_address>
         <size>0x12</size>
         <input_file_ref idref="fl-e8"/>
      </object_component>
      <object_component id="oc-ec">
         <name>.text:TimerLoadSet</name>
         <load_address>0x50d8</load_address>
         <run_address>0x50d8</run_address>
         <size>0x12</size>
         <input_file_ref idref="fl-e6"/>
      </object_component>
      <object_component id="oc-f0">
         <name>.text:TimerPrescaleSet</name>
         <load_address>0x50ea</load_address>
         <run_address>0x50ea</run_address>
         <size>0x12</size>
         <input_file_ref idref="fl-e6"/>
      </object_component>
      <object_component id="oc-f8">
         <name>.text:TimerEnable</name>
         <load_address>0x50fc</load_address>
         <run_address>0x50fc</run_address>
         <size>0xe</size>
         <input_file_ref idref="fl-e6"/>
      </object_component>
      <object_component id="oc-12">
         <name>.text:decompress:none</name>
         <load_address>0x510a</load_address>
         <run_address>0x510a</run_address>
         <size>0xe</size>
         <input_file_ref idref="fl-c3"/>
      </object_component>
      <object_component id="oc-203">
         <name>.text:CPUcpsie</name>
         <load_address>0x5118</load_address>
         <run_address>0x5118</run_address>
         <size>0xc</size>
         <input_file_ref idref="fl-eb"/>
      </object_component>
      <object_component id="oc-ce">
         <name>.text:SysCtlLDOSet</name>
         <load_address>0x5124</load_address>
         <run_address>0x5124</run_address>
         <size>0xc</size>
         <input_file_ref idref="fl-e7"/>
      </object_component>
      <object_component id="oc-2b">
         <name>.text</name>
         <load_address>0x5130</load_address>
         <run_address>0x5130</run_address>
         <size>0xc</size>
         <input_file_ref idref="fl-4"/>
      </object_component>
      <object_component id="oc-10c">
         <name>.text:IntMasterEnable</name>
         <load_address>0x513c</load_address>
         <run_address>0x513c</run_address>
         <size>0xa</size>
         <input_file_ref idref="fl-e9"/>
      </object_component>
      <object_component id="oc-1b8">
         <name>.text:SSIDataPut</name>
         <load_address>0x5146</load_address>
         <run_address>0x5146</run_address>
         <size>0xa</size>
         <input_file_ref idref="fl-e8"/>
      </object_component>
      <object_component id="oc-1bf">
         <name>.text:SSIDisable</name>
         <load_address>0x5150</load_address>
         <run_address>0x5150</run_address>
         <size>0xa</size>
         <input_file_ref idref="fl-e8"/>
      </object_component>
      <object_component id="oc-1cb">
         <name>.text:SSIEnable</name>
         <load_address>0x515a</load_address>
         <run_address>0x515a</run_address>
         <size>0xa</size>
         <input_file_ref idref="fl-e8"/>
      </object_component>
      <object_component id="oc-1b0">
         <name>.text:SSIBusy</name>
         <load_address>0x5164</load_address>
         <run_address>0x5164</run_address>
         <size>0x8</size>
         <input_file_ref idref="fl-e8"/>
      </object_component>
      <object_component id="oc-f4">
         <name>.text:TimerIntEnable</name>
         <load_address>0x516c</load_address>
         <run_address>0x516c</run_address>
         <size>0x8</size>
         <input_file_ref idref="fl-e6"/>
      </object_component>
      <object_component id="oc-29d">
         <name>.text</name>
         <load_address>0x5174</load_address>
         <run_address>0x5174</run_address>
         <size>0x8</size>
         <input_file_ref idref="fl-e5"/>
      </object_component>
      <object_component id="oc-1b4">
         <name>.text:GPIOPinWrite</name>
         <load_address>0x517c</load_address>
         <run_address>0x517c</run_address>
         <size>0x6</size>
         <input_file_ref idref="fl-ea"/>
      </object_component>
      <object_component id="oc-1ab">
         <name>.text:SysCtlDelay</name>
         <load_address>0x5182</load_address>
         <run_address>0x5182</run_address>
         <size>0x6</size>
         <input_file_ref idref="fl-e7"/>
      </object_component>
      <object_component id="oc-18">
         <name>.text:decompress:rle24</name>
         <load_address>0x5188</load_address>
         <run_address>0x5188</run_address>
         <size>0x6</size>
         <input_file_ref idref="fl-c4"/>
      </object_component>
      <object_component id="oc-65">
         <name>.text</name>
         <load_address>0x518e</load_address>
         <run_address>0x518e</run_address>
         <size>0x4</size>
         <input_file_ref idref="fl-d2"/>
      </object_component>
      <object_component id="oc-13e">
         <name>.text</name>
         <load_address>0x5192</load_address>
         <run_address>0x5192</run_address>
         <size>0x2</size>
         <input_file_ref idref="fl-e2"/>
      </object_component>
      <object_component id="oc-1e2">
         <name>.const:g_pucFont</name>
         <load_address>0x5198</load_address>
         <run_address>0x5198</run_address>
         <size>0x1e0</size>
         <input_file_ref idref="fl-6"/>
      </object_component>
      <object_component id="oc-194">
         <name>.const:g_pucFont</name>
         <load_address>0x5378</load_address>
         <run_address>0x5378</run_address>
         <size>0x1db</size>
         <input_file_ref idref="fl-3"/>
      </object_component>
      <object_component id="oc-15a">
         <name>.const</name>
         <load_address>0x5554</load_address>
         <run_address>0x5554</run_address>
         <size>0x4</size>
         <input_file_ref idref="fl-7"/>
      </object_component>
      <object_component id="oc-256">
         <name>.const:$O1$$</name>
         <load_address>0x5558</load_address>
         <run_address>0x5558</run_address>
         <size>0x158</size>
         <input_file_ref idref="fl-df"/>
      </object_component>
      <object_component id="oc-1fc">
         <name>.const:g_pulRegs</name>
         <load_address>0x56b0</load_address>
         <run_address>0x56b0</run_address>
         <size>0x9c</size>
         <input_file_ref idref="fl-e9"/>
      </object_component>
      <object_component id="oc-200">
         <name>.const</name>
         <load_address>0x574c</load_address>
         <run_address>0x574c</run_address>
         <size>0x70</size>
         <input_file_ref idref="fl-e9"/>
      </object_component>
      <object_component id="oc-1ad">
         <name>.const:g_pulXtals</name>
         <load_address>0x57bc</load_address>
         <run_address>0x57bc</run_address>
         <size>0x6c</size>
         <input_file_ref idref="fl-e7"/>
      </object_component>
      <object_component id="oc-1e5">
         <name>.const:.string:g_pucRIT128x96x4Init</name>
         <load_address>0x5828</load_address>
         <run_address>0x5828</run_address>
         <size>0x4f</size>
         <input_file_ref idref="fl-6"/>
      </object_component>
      <object_component id="oc-1eb">
         <name>.const</name>
         <load_address>0x5878</load_address>
         <run_address>0x5878</run_address>
         <size>0x40</size>
         <input_file_ref idref="fl-e7"/>
      </object_component>
      <object_component id="oc-197">
         <name>.const:mask_left$2</name>
         <load_address>0x58b8</load_address>
         <run_address>0x58b8</run_address>
         <size>0x20</size>
         <input_file_ref idref="fl-3"/>
      </object_component>
      <object_component id="oc-198">
         <name>.const:mask_right$1</name>
         <load_address>0x58d8</load_address>
         <run_address>0x58d8</run_address>
         <size>0x20</size>
         <input_file_ref idref="fl-3"/>
      </object_component>
      <object_component id="oc-15d">
         <name>.const:g_psDaysToMonth</name>
         <load_address>0x58f8</load_address>
         <run_address>0x58f8</run_address>
         <size>0x18</size>
         <input_file_ref idref="fl-7"/>
      </object_component>
      <object_component id="oc-23a">
         <name>.const:.string</name>
         <load_address>0x5910</load_address>
         <run_address>0x5910</run_address>
         <size>0x12</size>
         <input_file_ref idref="fl-7"/>
      </object_component>
      <object_component id="oc-1da">
         <name>.const:.string:pucCommand1$1</name>
         <load_address>0x5922</load_address>
         <run_address>0x5922</run_address>
         <size>0x3</size>
         <input_file_ref idref="fl-6"/>
      </object_component>
      <object_component id="oc-1db">
         <name>.const:.string:pucCommand2$2</name>
         <load_address>0x5925</load_address>
         <run_address>0x5925</run_address>
         <size>0x3</size>
         <input_file_ref idref="fl-6"/>
      </object_component>
      <object_component id="oc-1dc">
         <name>.const:.string:g_pucRIT128x96x4HorizontalInc</name>
         <load_address>0x5928</load_address>
         <run_address>0x5928</run_address>
         <size>0x2</size>
         <input_file_ref idref="fl-6"/>
      </object_component>
      <object_component id="oc-1df">
         <name>.const:.string:g_pucRIT128x96x4VerticalInc</name>
         <load_address>0x592a</load_address>
         <run_address>0x592a</run_address>
         <size>0x2</size>
         <input_file_ref idref="fl-6"/>
      </object_component>
      <object_component id="oc-1e8">
         <name>.const:.string:pucCommand1$3</name>
         <load_address>0x592c</load_address>
         <run_address>0x592c</run_address>
         <size>0x2</size>
         <input_file_ref idref="fl-6"/>
      </object_component>
      <object_component id="oc-2df">
         <name>.cinit..data.load</name>
         <load_address>0x5930</load_address>
         <run_address>0x5930</run_address>
         <size>0x23</size>
      </object_component>
      <object_component id="oc-2e0">
         <name>.cinit..bss.load</name>
         <load_address>0x5958</load_address>
         <run_address>0x5958</run_address>
         <size>0xb</size>
      </object_component>
      <object_component id="oc-2dd">
         <name>__TI_handler_table</name>
         <load_address>0x5964</load_address>
         <run_address>0x5964</run_address>
         <size>0x8</size>
      </object_component>
      <object_component id="oc-2de">
         <name>__TI_cinit_table</name>
         <load_address>0x596c</load_address>
         <run_address>0x596c</run_address>
         <size>0x10</size>
      </object_component>
      <object_component id="oc-c6">
         <name>.data</name>
         <load_address>0x20002034</load_address>
         <run_address>0x20002034</run_address>
         <size>0xc</size>
         <input_file_ref idref="fl-5"/>
      </object_component>
      <object_component id="oc-160">
         <name>.data</name>
         <load_address>0x20002050</load_address>
         <run_address>0x20002050</run_address>
         <size>0x4</size>
         <input_file_ref idref="fl-7"/>
      </object_component>
      <object_component id="oc-148">
         <name>.data:$O1$$</name>
         <load_address>0x20002028</load_address>
         <run_address>0x20002028</run_address>
         <size>0xc</size>
         <input_file_ref idref="fl-c6"/>
      </object_component>
      <object_component id="oc-7d">
         <name>.data</name>
         <load_address>0x2000204c</load_address>
         <run_address>0x2000204c</run_address>
         <size>0x4</size>
         <input_file_ref idref="fl-d5"/>
      </object_component>
      <object_component id="oc-14b">
         <name>.data:$O1$$</name>
         <load_address>0x20002040</load_address>
         <run_address>0x20002040</run_address>
         <size>0x8</size>
         <input_file_ref idref="fl-d7"/>
      </object_component>
      <object_component id="oc-2a3">
         <name>.data</name>
         <load_address>0x20002048</load_address>
         <run_address>0x20002048</run_address>
         <size>0x4</size>
         <input_file_ref idref="fl-e3"/>
      </object_component>
      <object_component id="oc-153">
         <name>.bss:piState$1</name>
         <uninitialized>true</uninitialized>
         <run_address>0x20001800</run_address>
         <size>0x14</size>
         <input_file_ref idref="fl-2"/>
      </object_component>
      <object_component id="oc-1bc">
         <name>.bss</name>
         <uninitialized>true</uninitialized>
         <run_address>0x2000181c</run_address>
         <size>0x4</size>
         <input_file_ref idref="fl-6"/>
      </object_component>
      <object_component id="oc-1d7">
         <name>.bss:g_pucBuffer</name>
         <uninitialized>true</uninitialized>
         <run_address>0x20001814</run_address>
         <size>0x8</size>
         <input_file_ref idref="fl-6"/>
      </object_component>
      <object_component id="oc-c3">
         <name>.common:g_ulButtons</name>
         <uninitialized>true</uninitialized>
         <run_address>0x20001820</run_address>
         <size>0x4</size>
      </object_component>
      <object_component id="oc-113">
         <name>.common:g_pucFrame</name>
         <uninitialized>true</uninitialized>
         <run_address>0x20000000</run_address>
         <size>0x1800</size>
      </object_component>
      <object_component id="oc-110">
         <name>.common:g_ulSystemClock</name>
         <uninitialized>true</uninitialized>
         <run_address>0x20001824</run_address>
         <size>0x4</size>
      </object_component>
      <object_component id="oc-2a">
         <name>.stack</name>
         <uninitialized>true</uninitialized>
         <run_address>0x20001828</run_address>
         <size>0x0</size>
         <input_file_ref idref="fl-c2"/>
      </object_component>
      <object_component id="oc-2e1">
         <name>.stack</name>
         <uninitialized>true</uninitialized>
         <run_address>0x20001828</run_address>
         <size>0x0</size>
      </object_component>
      <object_component id="oc-c4">
         <name>.debug_info</name>
         <load_address>0x0</load_address>
         <run_address>0x0</run_address>
         <size>0xf0</size>
         <input_file_ref idref="fl-2"/>
      </object_component>
      <object_component id="oc-83">
         <name>.debug_info</name>
         <load_address>0xf0</load_address>
         <run_address>0xf0</run_address>
         <size>0x185</size>
         <input_file_ref idref="fl-2"/>
      </object_component>
      <object_component id="oc-117">
         <name>.debug_info</name>
         <load_address>0x275</load_address>
         <run_address>0x275</run_address>
         <size>0x84</size>
         <input_file_ref idref="fl-2"/>
      </object_component>
      <object_component id="oc-20e">
         <name>.debug_info</name>
         <load_address>0x2f9</load_address>
         <run_address>0x2f9</run_address>
         <size>0x2c</size>
         <input_file_ref idref="fl-2"/>
      </object_component>
      <object_component id="oc-114">
         <name>.debug_info</name>
         <load_address>0x325</load_address>
         <run_address>0x325</run_address>
         <size>0x141</size>
         <input_file_ref idref="fl-3"/>
      </object_component>
      <object_component id="oc-195">
         <name>.debug_info</name>
         <load_address>0x466</load_address>
         <run_address>0x466</run_address>
         <size>0xe1</size>
         <input_file_ref idref="fl-3"/>
      </object_component>
      <object_component id="oc-c0">
         <name>.debug_info</name>
         <load_address>0x547</load_address>
         <run_address>0x547</run_address>
         <size>0xaf0</size>
         <input_file_ref idref="fl-3"/>
      </object_component>
      <object_component id="oc-39">
         <name>.debug_info</name>
         <load_address>0x1037</load_address>
         <run_address>0x1037</run_address>
         <size>0x118</size>
         <input_file_ref idref="fl-4"/>
      </object_component>
      <object_component id="oc-10">
         <name>.debug_info</name>
         <load_address>0x114f</load_address>
         <run_address>0x114f</run_address>
         <size>0xec</size>
         <input_file_ref idref="fl-4"/>
      </object_component>
      <object_component id="oc-2f">
         <name>.debug_info</name>
         <load_address>0x123b</load_address>
         <run_address>0x123b</run_address>
         <size>0x23f</size>
         <input_file_ref idref="fl-4"/>
      </object_component>
      <object_component id="oc-11e">
         <name>.debug_info</name>
         <load_address>0x147a</load_address>
         <run_address>0x147a</run_address>
         <size>0x18b</size>
         <input_file_ref idref="fl-4"/>
      </object_component>
      <object_component id="oc-111">
         <name>.debug_info</name>
         <load_address>0x1605</load_address>
         <run_address>0x1605</run_address>
         <size>0x653</size>
         <input_file_ref idref="fl-5"/>
      </object_component>
      <object_component id="oc-c7">
         <name>.debug_info</name>
         <load_address>0x1c58</load_address>
         <run_address>0x1c58</run_address>
         <size>0xd4</size>
         <input_file_ref idref="fl-5"/>
      </object_component>
      <object_component id="oc-32">
         <name>.debug_info</name>
         <load_address>0x1d2c</load_address>
         <run_address>0x1d2c</run_address>
         <size>0x9ea</size>
         <input_file_ref idref="fl-5"/>
      </object_component>
      <object_component id="oc-16a">
         <name>.debug_info</name>
         <load_address>0x2716</load_address>
         <run_address>0x2716</run_address>
         <size>0xc2</size>
         <input_file_ref idref="fl-5"/>
      </object_component>
      <object_component id="oc-165">
         <name>.debug_info</name>
         <load_address>0x27d8</load_address>
         <run_address>0x27d8</run_address>
         <size>0x4e</size>
         <input_file_ref idref="fl-5"/>
      </object_component>
      <object_component id="oc-1ea">
         <name>.debug_info</name>
         <load_address>0x2826</load_address>
         <run_address>0x2826</run_address>
         <size>0x3ff</size>
         <input_file_ref idref="fl-6"/>
      </object_component>
      <object_component id="oc-1bd">
         <name>.debug_info</name>
         <load_address>0x2c25</load_address>
         <run_address>0x2c25</run_address>
         <size>0x131</size>
         <input_file_ref idref="fl-6"/>
      </object_component>
      <object_component id="oc-1d8">
         <name>.debug_info</name>
         <load_address>0x2d56</load_address>
         <run_address>0x2d56</run_address>
         <size>0x12f</size>
         <input_file_ref idref="fl-6"/>
      </object_component>
      <object_component id="oc-1e0">
         <name>.debug_info</name>
         <load_address>0x2e85</load_address>
         <run_address>0x2e85</run_address>
         <size>0x14f</size>
         <input_file_ref idref="fl-6"/>
      </object_component>
      <object_component id="oc-1dd">
         <name>.debug_info</name>
         <load_address>0x2fd4</load_address>
         <run_address>0x2fd4</run_address>
         <size>0x153</size>
         <input_file_ref idref="fl-6"/>
      </object_component>
      <object_component id="oc-1e3">
         <name>.debug_info</name>
         <load_address>0x3127</load_address>
         <run_address>0x3127</run_address>
         <size>0x12b</size>
         <input_file_ref idref="fl-6"/>
      </object_component>
      <object_component id="oc-1e6">
         <name>.debug_info</name>
         <load_address>0x3252</load_address>
         <run_address>0x3252</run_address>
         <size>0x141</size>
         <input_file_ref idref="fl-6"/>
      </object_component>
      <object_component id="oc-dc">
         <name>.debug_info</name>
         <load_address>0x3393</load_address>
         <run_address>0x3393</run_address>
         <size>0x128f</size>
         <input_file_ref idref="fl-6"/>
      </object_component>
      <object_component id="oc-164">
         <name>.debug_info</name>
         <load_address>0x4622</load_address>
         <run_address>0x4622</run_address>
         <size>0x12b</size>
         <input_file_ref idref="fl-7"/>
      </object_component>
      <object_component id="oc-15b">
         <name>.debug_info</name>
         <load_address>0x474d</load_address>
         <run_address>0x474d</run_address>
         <size>0x10e</size>
         <input_file_ref idref="fl-7"/>
      </object_component>
      <object_component id="oc-15e">
         <name>.debug_info</name>
         <load_address>0x485b</load_address>
         <run_address>0x485b</run_address>
         <size>0x11f</size>
         <input_file_ref idref="fl-7"/>
      </object_component>
      <object_component id="oc-161">
         <name>.debug_info</name>
         <load_address>0x497a</load_address>
         <run_address>0x497a</run_address>
         <size>0x11d</size>
         <input_file_ref idref="fl-7"/>
      </object_component>
      <object_component id="oc-8b">
         <name>.debug_info</name>
         <load_address>0x4a97</load_address>
         <run_address>0x4a97</run_address>
         <size>0x1662</size>
         <input_file_ref idref="fl-7"/>
      </object_component>
      <object_component id="oc-12e">
         <name>.debug_info</name>
         <load_address>0x60f9</load_address>
         <run_address>0x60f9</run_address>
         <size>0x2c</size>
         <input_file_ref idref="fl-7"/>
      </object_component>
      <object_component id="oc-25">
         <name>.debug_info</name>
         <load_address>0x6125</load_address>
         <run_address>0x6125</run_address>
         <size>0x161</size>
         <input_file_ref idref="fl-c2"/>
      </object_component>
      <object_component id="oc-45">
         <name>.debug_info</name>
         <load_address>0x6286</load_address>
         <run_address>0x6286</run_address>
         <size>0x141</size>
         <input_file_ref idref="fl-c3"/>
      </object_component>
      <object_component id="oc-14">
         <name>.debug_info</name>
         <load_address>0x63c7</load_address>
         <run_address>0x63c7</run_address>
         <size>0x1e0</size>
         <input_file_ref idref="fl-c3"/>
      </object_component>
      <object_component id="oc-40">
         <name>.debug_info</name>
         <load_address>0x65a7</load_address>
         <run_address>0x65a7</run_address>
         <size>0x46</size>
         <input_file_ref idref="fl-c3"/>
      </object_component>
      <object_component id="oc-124">
         <name>.debug_info</name>
         <load_address>0x65ed</load_address>
         <run_address>0x65ed</run_address>
         <size>0x2c</size>
         <input_file_ref idref="fl-c3"/>
      </object_component>
      <object_component id="oc-4d">
         <name>.debug_info</name>
         <load_address>0x6619</load_address>
         <run_address>0x6619</run_address>
         <size>0x135</size>
         <input_file_ref idref="fl-c4"/>
      </object_component>
      <object_component id="oc-48">
         <name>.debug_info</name>
         <load_address>0x674e</load_address>
         <run_address>0x674e</run_address>
         <size>0x248</size>
         <input_file_ref idref="fl-c4"/>
      </object_component>
      <object_component id="oc-1b">
         <name>.debug_info</name>
         <load_address>0x6996</load_address>
         <run_address>0x6996</run_address>
         <size>0x1b2</size>
         <input_file_ref idref="fl-c4"/>
      </object_component>
      <object_component id="oc-4e">
         <name>.debug_info</name>
         <load_address>0x6b48</load_address>
         <run_address>0x6b48</run_address>
         <size>0x39</size>
         <input_file_ref idref="fl-c4"/>
      </object_component>
      <object_component id="oc-14f">
         <name>.debug_info</name>
         <load_address>0x6b81</load_address>
         <run_address>0x6b81</run_address>
         <size>0x235</size>
         <input_file_ref idref="fl-c6"/>
      </object_component>
      <object_component id="oc-149">
         <name>.debug_info</name>
         <load_address>0x6db6</load_address>
         <run_address>0x6db6</run_address>
         <size>0x186</size>
         <input_file_ref idref="fl-c6"/>
      </object_component>
      <object_component id="oc-7a">
         <name>.debug_info</name>
         <load_address>0x6f3c</load_address>
         <run_address>0x6f3c</run_address>
         <size>0x215</size>
         <input_file_ref idref="fl-c6"/>
      </object_component>
      <object_component id="oc-99">
         <name>.debug_info</name>
         <load_address>0x7151</load_address>
         <run_address>0x7151</run_address>
         <size>0x133</size>
         <input_file_ref idref="fl-c7"/>
      </object_component>
      <object_component id="oc-96">
         <name>.debug_info</name>
         <load_address>0x7284</load_address>
         <run_address>0x7284</run_address>
         <size>0x133</size>
         <input_file_ref idref="fl-c8"/>
      </object_component>
      <object_component id="oc-a0">
         <name>.debug_info</name>
         <load_address>0x73b7</load_address>
         <run_address>0x73b7</run_address>
         <size>0x137</size>
         <input_file_ref idref="fl-c9"/>
      </object_component>
      <object_component id="oc-af">
         <name>.debug_info</name>
         <load_address>0x74ee</load_address>
         <run_address>0x74ee</run_address>
         <size>0x139</size>
         <input_file_ref idref="fl-ca"/>
      </object_component>
      <object_component id="oc-a9">
         <name>.debug_info</name>
         <load_address>0x7627</load_address>
         <run_address>0x7627</run_address>
         <size>0x133</size>
         <input_file_ref idref="fl-cb"/>
      </object_component>
      <object_component id="oc-b3">
         <name>.debug_info</name>
         <load_address>0x775a</load_address>
         <run_address>0x775a</run_address>
         <size>0x127</size>
         <input_file_ref idref="fl-cc"/>
      </object_component>
      <object_component id="oc-cb">
         <name>.debug_info</name>
         <load_address>0x7881</load_address>
         <run_address>0x7881</run_address>
         <size>0x139</size>
         <input_file_ref idref="fl-cd"/>
      </object_component>
      <object_component id="oc-91">
         <name>.debug_info</name>
         <load_address>0x79ba</load_address>
         <run_address>0x79ba</run_address>
         <size>0x125</size>
         <input_file_ref idref="fl-ce"/>
      </object_component>
      <object_component id="oc-3d">
         <name>.debug_info</name>
         <load_address>0x7adf</load_address>
         <run_address>0x7adf</run_address>
         <size>0x112</size>
         <input_file_ref idref="fl-cf"/>
      </object_component>
      <object_component id="oc-56">
         <name>.debug_info</name>
         <load_address>0x7bf1</load_address>
         <run_address>0x7bf1</run_address>
         <size>0x140</size>
         <input_file_ref idref="fl-d0"/>
      </object_component>
      <object_component id="oc-60">
         <name>.debug_info</name>
         <load_address>0x7d31</load_address>
         <run_address>0x7d31</run_address>
         <size>0x139</size>
         <input_file_ref idref="fl-d1"/>
      </object_component>
      <object_component id="oc-67">
         <name>.debug_info</name>
         <load_address>0x7e6a</load_address>
         <run_address>0x7e6a</run_address>
         <size>0x149</size>
         <input_file_ref idref="fl-d2"/>
      </object_component>
      <object_component id="oc-18e">
         <name>.debug_info</name>
         <load_address>0x7fb3</load_address>
         <run_address>0x7fb3</run_address>
         <size>0x17f</size>
         <input_file_ref idref="fl-d3"/>
      </object_component>
      <object_component id="oc-a3">
         <name>.debug_info</name>
         <load_address>0x8132</load_address>
         <run_address>0x8132</run_address>
         <size>0x15b7</size>
         <input_file_ref idref="fl-d3"/>
      </object_component>
      <object_component id="oc-189">
         <name>.debug_info</name>
         <load_address>0x96e9</load_address>
         <run_address>0x96e9</run_address>
         <size>0x2c</size>
         <input_file_ref idref="fl-d3"/>
      </object_component>
      <object_component id="oc-193">
         <name>.debug_info</name>
         <load_address>0x9715</load_address>
         <run_address>0x9715</run_address>
         <size>0x17f</size>
         <input_file_ref idref="fl-d4"/>
      </object_component>
      <object_component id="oc-b8">
         <name>.debug_info</name>
         <load_address>0x9894</load_address>
         <run_address>0x9894</run_address>
         <size>0x1663</size>
         <input_file_ref idref="fl-d4"/>
      </object_component>
      <object_component id="oc-7e">
         <name>.debug_info</name>
         <load_address>0xaef7</load_address>
         <run_address>0xaef7</run_address>
         <size>0x10a</size>
         <input_file_ref idref="fl-d5"/>
      </object_component>
      <object_component id="oc-157">
         <name>.debug_info</name>
         <load_address>0xb001</load_address>
         <run_address>0xb001</run_address>
         <size>0x13b</size>
         <input_file_ref idref="fl-d6"/>
      </object_component>
      <object_component id="oc-235">
         <name>.debug_info</name>
         <load_address>0xb13c</load_address>
         <run_address>0xb13c</run_address>
         <size>0x125</size>
         <input_file_ref idref="fl-d7"/>
      </object_component>
      <object_component id="oc-14c">
         <name>.debug_info</name>
         <load_address>0xb261</load_address>
         <run_address>0xb261</run_address>
         <size>0x114</size>
         <input_file_ref idref="fl-d7"/>
      </object_component>
      <object_component id="oc-230">
         <name>.debug_info</name>
         <load_address>0xb375</load_address>
         <run_address>0xb375</run_address>
         <size>0x220</size>
         <input_file_ref idref="fl-d7"/>
      </object_component>
      <object_component id="oc-147">
         <name>.debug_info</name>
         <load_address>0xb595</load_address>
         <run_address>0xb595</run_address>
         <size>0x167</size>
         <input_file_ref idref="fl-d8"/>
      </object_component>
      <object_component id="oc-73">
         <name>.debug_info</name>
         <load_address>0xb6fc</load_address>
         <run_address>0xb6fc</run_address>
         <size>0x168</size>
         <input_file_ref idref="fl-d8"/>
      </object_component>
      <object_component id="oc-226">
         <name>.debug_info</name>
         <load_address>0xb864</load_address>
         <run_address>0xb864</run_address>
         <size>0x5e</size>
         <input_file_ref idref="fl-d8"/>
      </object_component>
      <object_component id="oc-145">
         <name>.debug_info</name>
         <load_address>0xb8c2</load_address>
         <run_address>0xb8c2</run_address>
         <size>0x2ea</size>
         <input_file_ref idref="fl-d9"/>
      </object_component>
      <object_component id="oc-6e">
         <name>.debug_info</name>
         <load_address>0xbbac</load_address>
         <run_address>0xbbac</run_address>
         <size>0x1cb</size>
         <input_file_ref idref="fl-d9"/>
      </object_component>
      <object_component id="oc-21a">
         <name>.debug_info</name>
         <load_address>0xbd77</load_address>
         <run_address>0xbd77</run_address>
         <size>0x39</size>
         <input_file_ref idref="fl-d9"/>
      </object_component>
      <object_component id="oc-21f">
         <name>.debug_info</name>
         <load_address>0xbdb0</load_address>
         <run_address>0xbdb0</run_address>
         <size>0xcd</size>
         <input_file_ref idref="fl-d9"/>
      </object_component>
      <object_component id="oc-216">
         <name>.debug_info</name>
         <load_address>0xbe7d</load_address>
         <run_address>0xbe7d</run_address>
         <size>0x1e1</size>
         <input_file_ref idref="fl-da"/>
      </object_component>
      <object_component id="oc-13c">
         <name>.debug_info</name>
         <load_address>0xc05e</load_address>
         <run_address>0xc05e</run_address>
         <size>0x184</size>
         <input_file_ref idref="fl-da"/>
      </object_component>
      <object_component id="oc-295">
         <name>.debug_info</name>
         <load_address>0xc1e2</load_address>
         <run_address>0xc1e2</run_address>
         <size>0x2c</size>
         <input_file_ref idref="fl-da"/>
      </object_component>
      <object_component id="oc-17b">
         <name>.debug_info</name>
         <load_address>0xc20e</load_address>
         <run_address>0xc20e</run_address>
         <size>0x145</size>
         <input_file_ref idref="fl-db"/>
      </object_component>
      <object_component id="oc-186">
         <name>.debug_info</name>
         <load_address>0xc353</load_address>
         <run_address>0xc353</run_address>
         <size>0x127</size>
         <input_file_ref idref="fl-dc"/>
      </object_component>
      <object_component id="oc-175">
         <name>.debug_info</name>
         <load_address>0xc47a</load_address>
         <run_address>0xc47a</run_address>
         <size>0x125</size>
         <input_file_ref idref="fl-dd"/>
      </object_component>
      <object_component id="oc-1a0">
         <name>.debug_info</name>
         <load_address>0xc59f</load_address>
         <run_address>0xc59f</run_address>
         <size>0x148</size>
         <input_file_ref idref="fl-de"/>
      </object_component>
      <object_component id="oc-25f">
         <name>.debug_info</name>
         <load_address>0xc6e7</load_address>
         <run_address>0xc6e7</run_address>
         <size>0x201</size>
         <input_file_ref idref="fl-df"/>
      </object_component>
      <object_component id="oc-257">
         <name>.debug_info</name>
         <load_address>0xc8e8</load_address>
         <run_address>0xc8e8</run_address>
         <size>0x130</size>
         <input_file_ref idref="fl-df"/>
      </object_component>
      <object_component id="oc-17e">
         <name>.debug_info</name>
         <load_address>0xca18</load_address>
         <run_address>0xca18</run_address>
         <size>0x715</size>
         <input_file_ref idref="fl-df"/>
      </object_component>
      <object_component id="oc-2a9">
         <name>.debug_info</name>
         <load_address>0xd12d</load_address>
         <run_address>0xd12d</run_address>
         <size>0x135</size>
         <input_file_ref idref="fl-e0"/>
      </object_component>
      <object_component id="oc-24c">
         <name>.debug_info</name>
         <load_address>0xd262</load_address>
         <run_address>0xd262</run_address>
         <size>0x21f</size>
         <input_file_ref idref="fl-e0"/>
      </object_component>
      <object_component id="oc-2aa">
         <name>.debug_info</name>
         <load_address>0xd481</load_address>
         <run_address>0xd481</run_address>
         <size>0x39</size>
         <input_file_ref idref="fl-e0"/>
      </object_component>
      <object_component id="oc-2a7">
         <name>.debug_info</name>
         <load_address>0xd4ba</load_address>
         <run_address>0xd4ba</run_address>
         <size>0x17d</size>
         <input_file_ref idref="fl-e1"/>
      </object_component>
      <object_component id="oc-248">
         <name>.debug_info</name>
         <load_address>0xd637</load_address>
         <run_address>0xd637</run_address>
         <size>0x1e7</size>
         <input_file_ref idref="fl-e1"/>
      </object_component>
      <object_component id="oc-140">
         <name>.debug_info</name>
         <load_address>0xd81e</load_address>
         <run_address>0xd81e</run_address>
         <size>0x146</size>
         <input_file_ref idref="fl-e2"/>
      </object_component>
      <object_component id="oc-2a4">
         <name>.debug_info</name>
         <load_address>0xd964</load_address>
         <run_address>0xd964</run_address>
         <size>0xf4</size>
         <input_file_ref idref="fl-e3"/>
      </object_component>
      <object_component id="oc-25a">
         <name>.debug_info</name>
         <load_address>0xda58</load_address>
         <run_address>0xda58</run_address>
         <size>0x121</size>
         <input_file_ref idref="fl-e4"/>
      </object_component>
      <object_component id="oc-252">
         <name>.debug_info</name>
         <load_address>0xdb79</load_address>
         <run_address>0xdb79</run_address>
         <size>0x123</size>
         <input_file_ref idref="fl-e4"/>
      </object_component>
      <object_component id="oc-29f">
         <name>.debug_info</name>
         <load_address>0xdc9c</load_address>
         <run_address>0xdc9c</run_address>
         <size>0x155</size>
         <input_file_ref idref="fl-e5"/>
      </object_component>
      <object_component id="oc-1ef">
         <name>.debug_info</name>
         <load_address>0xddf1</load_address>
         <run_address>0xddf1</run_address>
         <size>0x473</size>
         <input_file_ref idref="fl-e6"/>
      </object_component>
      <object_component id="oc-f1">
         <name>.debug_info</name>
         <load_address>0xe264</load_address>
         <run_address>0xe264</run_address>
         <size>0x21f</size>
         <input_file_ref idref="fl-e6"/>
      </object_component>
      <object_component id="oc-ed">
         <name>.debug_info</name>
         <load_address>0xe483</load_address>
         <run_address>0xe483</run_address>
         <size>0x217</size>
         <input_file_ref idref="fl-e6"/>
      </object_component>
      <object_component id="oc-f5">
         <name>.debug_info</name>
         <load_address>0xe69a</load_address>
         <run_address>0xe69a</run_address>
         <size>0x1f9</size>
         <input_file_ref idref="fl-e6"/>
      </object_component>
      <object_component id="oc-f9">
         <name>.debug_info</name>
         <load_address>0xe893</load_address>
         <run_address>0xe893</run_address>
         <size>0x1e4</size>
         <input_file_ref idref="fl-e6"/>
      </object_component>
      <object_component id="oc-e5">
         <name>.debug_info</name>
         <load_address>0xea77</load_address>
         <run_address>0xea77</run_address>
         <size>0x1e6</size>
         <input_file_ref idref="fl-e6"/>
      </object_component>
      <object_component id="oc-e9">
         <name>.debug_info</name>
         <load_address>0xec5d</load_address>
         <run_address>0xec5d</run_address>
         <size>0x1f1</size>
         <input_file_ref idref="fl-e6"/>
      </object_component>
      <object_component id="oc-1a6">
         <name>.debug_info</name>
         <load_address>0xee4e</load_address>
         <run_address>0xee4e</run_address>
         <size>0x84</size>
         <input_file_ref idref="fl-e6"/>
      </object_component>
      <object_component id="oc-208">
         <name>.debug_info</name>
         <load_address>0xeed2</load_address>
         <run_address>0xeed2</run_address>
         <size>0x2c</size>
         <input_file_ref idref="fl-e6"/>
      </object_component>
      <object_component id="oc-1aa">
         <name>.debug_info</name>
         <load_address>0xeefe</load_address>
         <run_address>0xeefe</run_address>
         <size>0x4cc</size>
         <input_file_ref idref="fl-e7"/>
      </object_component>
      <object_component id="oc-1ec">
         <name>.debug_info</name>
         <load_address>0xf3ca</load_address>
         <run_address>0xf3ca</run_address>
         <size>0x1b8</size>
         <input_file_ref idref="fl-e7"/>
      </object_component>
      <object_component id="oc-1ae">
         <name>.debug_info</name>
         <load_address>0xf582</load_address>
         <run_address>0xf582</run_address>
         <size>0x10e</size>
         <input_file_ref idref="fl-e7"/>
      </object_component>
      <object_component id="oc-e3">
         <name>.debug_info</name>
         <load_address>0xf690</load_address>
         <run_address>0xf690</run_address>
         <size>0x1ea</size>
         <input_file_ref idref="fl-e7"/>
      </object_component>
      <object_component id="oc-d1">
         <name>.debug_info</name>
         <load_address>0xf87a</load_address>
         <run_address>0xf87a</run_address>
         <size>0x1ca</size>
         <input_file_ref idref="fl-e7"/>
      </object_component>
      <object_component id="oc-d5">
         <name>.debug_info</name>
         <load_address>0xfa44</load_address>
         <run_address>0xfa44</run_address>
         <size>0x2e4</size>
         <input_file_ref idref="fl-e7"/>
      </object_component>
      <object_component id="oc-d9">
         <name>.debug_info</name>
         <load_address>0xfd28</load_address>
         <run_address>0xfd28</run_address>
         <size>0x1ea</size>
         <input_file_ref idref="fl-e7"/>
      </object_component>
      <object_component id="oc-26e">
         <name>.debug_info</name>
         <load_address>0xff12</load_address>
         <run_address>0xff12</run_address>
         <size>0x477</size>
         <input_file_ref idref="fl-e8"/>
      </object_component>
      <object_component id="oc-1cc">
         <name>.debug_info</name>
         <load_address>0x10389</load_address>
         <run_address>0x10389</run_address>
         <size>0x1af</size>
         <input_file_ref idref="fl-e8"/>
      </object_component>
      <object_component id="oc-1c0">
         <name>.debug_info</name>
         <load_address>0x10538</load_address>
         <run_address>0x10538</run_address>
         <size>0x1b1</size>
         <input_file_ref idref="fl-e8"/>
      </object_component>
      <object_component id="oc-1b9">
         <name>.debug_info</name>
         <load_address>0x106e9</load_address>
         <run_address>0x106e9</run_address>
         <size>0x261</size>
         <input_file_ref idref="fl-e8"/>
      </object_component>
      <object_component id="oc-1d0">
         <name>.debug_info</name>
         <load_address>0x1094a</load_address>
         <run_address>0x1094a</run_address>
         <size>0x1f9</size>
         <input_file_ref idref="fl-e8"/>
      </object_component>
      <object_component id="oc-1c4">
         <name>.debug_info</name>
         <load_address>0x10b43</load_address>
         <run_address>0x10b43</run_address>
         <size>0x396</size>
         <input_file_ref idref="fl-e8"/>
      </object_component>
      <object_component id="oc-1b1">
         <name>.debug_info</name>
         <load_address>0x10ed9</load_address>
         <run_address>0x10ed9</run_address>
         <size>0x1af</size>
         <input_file_ref idref="fl-e8"/>
      </object_component>
      <object_component id="oc-1ff">
         <name>.debug_info</name>
         <load_address>0x11088</load_address>
         <run_address>0x11088</run_address>
         <size>0x478</size>
         <input_file_ref idref="fl-e9"/>
      </object_component>
      <object_component id="oc-201">
         <name>.debug_info</name>
         <load_address>0x11500</load_address>
         <run_address>0x11500</run_address>
         <size>0x1bd</size>
         <input_file_ref idref="fl-e9"/>
      </object_component>
      <object_component id="oc-1fd">
         <name>.debug_info</name>
         <load_address>0x116bd</load_address>
         <run_address>0x116bd</run_address>
         <size>0x10f</size>
         <input_file_ref idref="fl-e9"/>
      </object_component>
      <object_component id="oc-105">
         <name>.debug_info</name>
         <load_address>0x117cc</load_address>
         <run_address>0x117cc</run_address>
         <size>0x22e</size>
         <input_file_ref idref="fl-e9"/>
      </object_component>
      <object_component id="oc-10e">
         <name>.debug_info</name>
         <load_address>0x119fa</load_address>
         <run_address>0x119fa</run_address>
         <size>0x1b3</size>
         <input_file_ref idref="fl-e9"/>
      </object_component>
      <object_component id="oc-10a">
         <name>.debug_info</name>
         <load_address>0x11bad</load_address>
         <run_address>0x11bad</run_address>
         <size>0x1d5</size>
         <input_file_ref idref="fl-e9"/>
      </object_component>
      <object_component id="oc-1fb">
         <name>.debug_info</name>
         <load_address>0x11d82</load_address>
         <run_address>0x11d82</run_address>
         <size>0x471</size>
         <input_file_ref idref="fl-ea"/>
      </object_component>
      <object_component id="oc-1b5">
         <name>.debug_info</name>
         <load_address>0x121f3</load_address>
         <run_address>0x121f3</run_address>
         <size>0x208</size>
         <input_file_ref idref="fl-ea"/>
      </object_component>
      <object_component id="oc-1f6">
         <name>.debug_info</name>
         <load_address>0x123fb</load_address>
         <run_address>0x123fb</run_address>
         <size>0x214</size>
         <input_file_ref idref="fl-ea"/>
      </object_component>
      <object_component id="oc-101">
         <name>.debug_info</name>
         <load_address>0x1260f</load_address>
         <run_address>0x1260f</run_address>
         <size>0x25a</size>
         <input_file_ref idref="fl-ea"/>
      </object_component>
      <object_component id="oc-1c8">
         <name>.debug_info</name>
         <load_address>0x12869</load_address>
         <run_address>0x12869</run_address>
         <size>0x1e8</size>
         <input_file_ref idref="fl-ea"/>
      </object_component>
      <object_component id="oc-1d4">
         <name>.debug_info</name>
         <load_address>0x12a51</load_address>
         <run_address>0x12a51</run_address>
         <size>0x1f6</size>
         <input_file_ref idref="fl-ea"/>
      </object_component>
      <object_component id="oc-fd">
         <name>.debug_info</name>
         <load_address>0x12c47</load_address>
         <run_address>0x12c47</run_address>
         <size>0x1f4</size>
         <input_file_ref idref="fl-ea"/>
      </object_component>
      <object_component id="oc-204">
         <name>.debug_info</name>
         <load_address>0x12e3b</load_address>
         <run_address>0x12e3b</run_address>
         <size>0x187</size>
         <input_file_ref idref="fl-eb"/>
      </object_component>
      <object_component id="oc-2e2">
         <name>.debug_info</name>
         <load_address>0x12fc2</load_address>
         <run_address>0x12fc2</run_address>
         <size>0xa6</size>
      </object_component>
      <object_component id="oc-19b">
         <name>.debug_line</name>
         <load_address>0x0</load_address>
         <run_address>0x0</run_address>
         <size>0x30</size>
         <input_file_ref idref="fl-2"/>
      </object_component>
      <object_component id="oc-86">
         <name>.debug_line</name>
         <load_address>0x30</load_address>
         <run_address>0x30</run_address>
         <size>0x65</size>
         <input_file_ref idref="fl-2"/>
      </object_component>
      <object_component id="oc-11a">
         <name>.debug_line</name>
         <load_address>0x95</load_address>
         <run_address>0x95</run_address>
         <size>0x20</size>
         <input_file_ref idref="fl-2"/>
      </object_component>
      <object_component id="oc-211">
         <name>.debug_line</name>
         <load_address>0xb5</load_address>
         <run_address>0xb5</run_address>
         <size>0x69</size>
         <input_file_ref idref="fl-2"/>
      </object_component>
      <object_component id="oc-214">
         <name>.debug_line</name>
         <load_address>0x11e</load_address>
         <run_address>0x11e</run_address>
         <size>0x37</size>
         <input_file_ref idref="fl-3"/>
      </object_component>
      <object_component id="oc-267">
         <name>.debug_line</name>
         <load_address>0x155</load_address>
         <run_address>0x155</run_address>
         <size>0x37</size>
         <input_file_ref idref="fl-3"/>
      </object_component>
      <object_component id="oc-be">
         <name>.debug_line</name>
         <load_address>0x18c</load_address>
         <run_address>0x18c</run_address>
         <size>0x2cc</size>
         <input_file_ref idref="fl-3"/>
      </object_component>
      <object_component id="oc-11d">
         <name>.debug_line</name>
         <load_address>0x458</load_address>
         <run_address>0x458</run_address>
         <size>0x3d</size>
         <input_file_ref idref="fl-4"/>
      </object_component>
      <object_component id="oc-38">
         <name>.debug_line</name>
         <load_address>0x495</load_address>
         <run_address>0x495</run_address>
         <size>0x3d</size>
         <input_file_ref idref="fl-4"/>
      </object_component>
      <object_component id="oc-2e">
         <name>.debug_line</name>
         <load_address>0x4d2</load_address>
         <run_address>0x4d2</run_address>
         <size>0x9d</size>
         <input_file_ref idref="fl-4"/>
      </object_component>
      <object_component id="oc-121">
         <name>.debug_line</name>
         <load_address>0x56f</load_address>
         <run_address>0x56f</run_address>
         <size>0x82</size>
         <input_file_ref idref="fl-4"/>
      </object_component>
      <object_component id="oc-20d">
         <name>.debug_line</name>
         <load_address>0x5f1</load_address>
         <run_address>0x5f1</run_address>
         <size>0x295</size>
         <input_file_ref idref="fl-5"/>
      </object_component>
      <object_component id="oc-19d">
         <name>.debug_line</name>
         <load_address>0x886</load_address>
         <run_address>0x886</run_address>
         <size>0x2d</size>
         <input_file_ref idref="fl-5"/>
      </object_component>
      <object_component id="oc-35">
         <name>.debug_line</name>
         <load_address>0x8b3</load_address>
         <run_address>0x8b3</run_address>
         <size>0x138</size>
         <input_file_ref idref="fl-5"/>
      </object_component>
      <object_component id="oc-16d">
         <name>.debug_line</name>
         <load_address>0x9eb</load_address>
         <run_address>0x9eb</run_address>
         <size>0x6a</size>
         <input_file_ref idref="fl-5"/>
      </object_component>
      <object_component id="oc-168">
         <name>.debug_line</name>
         <load_address>0xa55</load_address>
         <run_address>0xa55</run_address>
         <size>0x82</size>
         <input_file_ref idref="fl-5"/>
      </object_component>
      <object_component id="oc-284">
         <name>.debug_line</name>
         <load_address>0xad7</load_address>
         <run_address>0xad7</run_address>
         <size>0x102</size>
         <input_file_ref idref="fl-6"/>
      </object_component>
      <object_component id="oc-272">
         <name>.debug_line</name>
         <load_address>0xbd9</load_address>
         <run_address>0xbd9</run_address>
         <size>0x83</size>
         <input_file_ref idref="fl-6"/>
      </object_component>
      <object_component id="oc-27a">
         <name>.debug_line</name>
         <load_address>0xc5c</load_address>
         <run_address>0xc5c</run_address>
         <size>0x83</size>
         <input_file_ref idref="fl-6"/>
      </object_component>
      <object_component id="oc-27e">
         <name>.debug_line</name>
         <load_address>0xcdf</load_address>
         <run_address>0xcdf</run_address>
         <size>0x83</size>
         <input_file_ref idref="fl-6"/>
      </object_component>
      <object_component id="oc-27c">
         <name>.debug_line</name>
         <load_address>0xd62</load_address>
         <run_address>0xd62</run_address>
         <size>0x83</size>
         <input_file_ref idref="fl-6"/>
      </object_component>
      <object_component id="oc-280">
         <name>.debug_line</name>
         <load_address>0xde5</load_address>
         <run_address>0xde5</run_address>
         <size>0x83</size>
         <input_file_ref idref="fl-6"/>
      </object_component>
      <object_component id="oc-282">
         <name>.debug_line</name>
         <load_address>0xe68</load_address>
         <run_address>0xe68</run_address>
         <size>0x83</size>
         <input_file_ref idref="fl-6"/>
      </object_component>
      <object_component id="oc-df">
         <name>.debug_line</name>
         <load_address>0xeeb</load_address>
         <run_address>0xeeb</run_address>
         <size>0x2d0</size>
         <input_file_ref idref="fl-6"/>
      </object_component>
      <object_component id="oc-242">
         <name>.debug_line</name>
         <load_address>0x11bb</load_address>
         <run_address>0x11bb</run_address>
         <size>0x20</size>
         <input_file_ref idref="fl-7"/>
      </object_component>
      <object_component id="oc-23c">
         <name>.debug_line</name>
         <load_address>0x11db</load_address>
         <run_address>0x11db</run_address>
         <size>0x6a</size>
         <input_file_ref idref="fl-7"/>
      </object_component>
      <object_component id="oc-23e">
         <name>.debug_line</name>
         <load_address>0x1245</load_address>
         <run_address>0x1245</run_address>
         <size>0x6a</size>
         <input_file_ref idref="fl-7"/>
      </object_component>
      <object_component id="oc-240">
         <name>.debug_line</name>
         <load_address>0x12af</load_address>
         <run_address>0x12af</run_address>
         <size>0x6a</size>
         <input_file_ref idref="fl-7"/>
      </object_component>
      <object_component id="oc-8d">
         <name>.debug_line</name>
         <load_address>0x1319</load_address>
         <run_address>0x1319</run_address>
         <size>0x5ac</size>
         <input_file_ref idref="fl-7"/>
      </object_component>
      <object_component id="oc-131">
         <name>.debug_line</name>
         <load_address>0x18c5</load_address>
         <run_address>0x18c5</run_address>
         <size>0x82</size>
         <input_file_ref idref="fl-7"/>
      </object_component>
      <object_component id="oc-28">
         <name>.debug_line</name>
         <load_address>0x1947</load_address>
         <run_address>0x1947</run_address>
         <size>0x4d</size>
         <input_file_ref idref="fl-c2"/>
      </object_component>
      <object_component id="oc-12a">
         <name>.debug_line</name>
         <load_address>0x1994</load_address>
         <run_address>0x1994</run_address>
         <size>0x8a</size>
         <input_file_ref idref="fl-c3"/>
      </object_component>
      <object_component id="oc-16">
         <name>.debug_line</name>
         <load_address>0x1a1e</load_address>
         <run_address>0x1a1e</run_address>
         <size>0x55</size>
         <input_file_ref idref="fl-c3"/>
      </object_component>
      <object_component id="oc-43">
[...]
         <object_component_ref idref="oc-bd"/>
      </symbol>
      <symbol id="sm-ae">
         <name>g_pucFont</name>
         <value>0x5378</value>
         <object_component_ref idref="oc-194"/>
      </symbol>
      <symbol id="sm-cf">
         <name>ResetISR</name>
         <value>0x5131</value>
         <object_component_ref idref="oc-2b"/>
      </symbol>
      <symbol id="sm-d0">
         <name>g_pfnVectors</name>
         <value>0x0</value>
         <object_component_ref idref="oc-f"/>
      </symbol>
      <symbol id="sm-128">
         <name>g_ulSystemClock</name>
         <value>0x20001824</value>
      </symbol>
      <symbol id="sm-129">
         <name>printTime</name>
         <value>0x397f</value>
         <object_component_ref idref="oc-31"/>
      </symbol>
      <symbol id="sm-12a">
         <name>TimerISR</name>
         <value>0x38ed</value>
         <object_component_ref idref="oc-31"/>
      </symbol>
      <symbol id="sm-12b">
         <name>g_ulTime</name>
         <value>0x20002034</value>
         <object_component_ref idref="oc-c6"/>
      </symbol>
      <symbol id="sm-12c">
         <name>drawClock</name>
         <value>0x39d5</value>
         <object_component_ref idref="oc-31"/>
      </symbol>
      <symbol id="sm-12d">
         <name>main</name>
         <value>0x3c45</value>
         <object_component_ref idref="oc-31"/>
      </symbol>
      <symbol id="sm-12e">
         <name>drawFrame</name>
         <value>0x3b81</value>
         <object_component_ref idref="oc-31"/>
      </symbol>
      <symbol id="sm-1ad">
         <name>RIT128x96x4StringDraw</name>
         <value>0x3545</value>
         <object_component_ref idref="oc-da"/>
      </symbol>
      <symbol id="sm-1ae">
         <name>RIT128x96x4DisplayOn</name>
         <value>0x3889</value>
         <object_component_ref idref="oc-da"/>
      </symbol>
      <symbol id="sm-1af">
         <name>RIT128x96x4Enable</name>
         <value>0x3709</value>
         <object_component_ref idref="oc-da"/>
      </symbol>
      <symbol id="sm-1b0">
         <name>RIT128x96x4Clear</name>
         <value>0x34e9</value>
         <object_component_ref idref="oc-da"/>
      </symbol>
      <symbol id="sm-1b1">
         <name>RIT128x96x4Disable</name>
         <value>0x3763</value>
         <object_component_ref idref="oc-da"/>
      </symbol>
      <symbol id="sm-1b2">
         <name>RIT128x96x4DisplayOff</name>
         <value>0x38bd</value>
         <object_component_ref idref="oc-da"/>
      </symbol>
      <symbol id="sm-1b3">
         <name>RIT128x96x4ImageDraw</name>
         <value>0x3681</value>
         <object_component_ref idref="oc-da"/>
      </symbol>
      <symbol id="sm-1b4">
         <name>RIT128x96x4Init</name>
         <value>0x37dd</value>
         <object_component_ref idref="oc-da"/>
      </symbol>
      <symbol id="sm-271">
         <name>uvsnprintf</name>
         <value>0x1c65</value>
         <object_component_ref idref="oc-88"/>
      </symbol>
      <symbol id="sm-272">
         <name>ustrncpy</name>
         <value>0x1c0d</value>
         <object_component_ref idref="oc-88"/>
      </symbol>
      <symbol id="sm-273">
         <name>ustrlen</name>
         <value>0x24a5</value>
         <object_component_ref idref="oc-88"/>
      </symbol>
      <symbol id="sm-274">
         <name>ulocaltime</name>
         <value>0x20f1</value>
         <object_component_ref idref="oc-88"/>
      </symbol>
      <symbol id="sm-275">
         <name>ustrstr</name>
         <value>0x24c7</value>
         <object_component_ref idref="oc-88"/>
      </symbol>
      <symbol id="sm-276">
         <name>ustrcmp</name>
         <value>0x260d</value>
         <object_component_ref idref="oc-88"/>
      </symbol>
      <symbol id="sm-277">
         <name>usprintf</name>
         <value>0x208f</value>
         <object_component_ref idref="oc-88"/>
      </symbol>
      <symbol id="sm-278">
         <name>usnprintf</name>
         <value>0x20c1</value>
         <object_component_ref idref="oc-88"/>
      </symbol>
      <symbol id="sm-279">
         <name>ustrtoul</name>
         <value>0x236d</value>
         <object_component_ref idref="oc-88"/>
      </symbol>
      <symbol id="sm-27a">
         <name>ustrcasecmp</name>
         <value>0x2599</value>
         <object_component_ref idref="oc-88"/>
      </symbol>
      <symbol id="sm-27b">
         <name>ustrnicmp</name>
         <value>0x24f9</value>
         <object_component_ref idref="oc-88"/>
      </symbol>
      <symbol id="sm-27c">
         <name>umktime</name>
         <value>0x22f3</value>
         <object_component_ref idref="oc-88"/>
      </symbol>
      <symbol id="sm-27d">
         <name>usrand</name>
         <value>0x2621</value>
         <object_component_ref idref="oc-88"/>
      </symbol>
      <symbol id="sm-27e">
         <name>ustrncmp</name>
         <value>0x25ad</value>
         <object_component_ref idref="oc-88"/>
      </symbol>
      <symbol id="sm-27f">
         <name>urand</name>
         <value>0x2631</value>
         <object_component_ref idref="oc-88"/>
      </symbol>
      <symbol id="sm-28f">
         <name>_c_int00</name>
         <value>0x4ebd</value>
         <object_component_ref idref="oc-24"/>
      </symbol>
      <symbol id="sm-290">
         <name>__stack</name>
         <value>0x20001828</value>
         <object_component_ref idref="oc-2a"/>
      </symbol>
      <symbol id="sm-2a7">
         <name>__TI_decompress_none</name>
         <value>0x510b</value>
         <object_component_ref idref="oc-12"/>
      </symbol>
      <symbol id="sm-2ca">
         <name>__TI_decompress_rle24</name>
         <value>0x5189</value>
         <object_component_ref idref="oc-18"/>
      </symbol>
      <symbol id="sm-2ec">
         <name>C$$EXIT</name>
         <value>0x4d91</value>
         <object_component_ref idref="oc-77"/>
      </symbol>
      <symbol id="sm-2ed">
         <name>abort</name>
         <value>0x4d95</value>
         <object_component_ref idref="oc-77"/>
      </symbol>
      <symbol id="sm-2ee">
         <name>exit</name>
         <value>0x4d9d</value>
         <object_component_ref idref="oc-77"/>
      </symbol>
      <symbol id="sm-2ef">
         <name>__TI_dtors_ptr</name>
         <value>0x2000202c</value>
         <object_component_ref idref="oc-148"/>
      </symbol>
      <symbol id="sm-2f0">
         <name>__TI_cleanup_ptr</name>
         <value>0x20002028</value>
         <object_component_ref idref="oc-148"/>
      </symbol>
      <symbol id="sm-2f1">
         <name>__TI_enable_exit_profile_output</name>
         <value>0x20002030</value>
         <object_component_ref idref="oc-148"/>
      </symbol>
      <symbol id="sm-305">
         <name>__aeabi_ddiv</name>
         <value>0x4245</value>
         <object_component_ref idref="oc-98"/>
      </symbol>
      <symbol id="sm-310">
         <name>__aeabi_dmul</name>
         <value>0x437b</value>
         <object_component_ref idref="oc-93"/>
      </symbol>
      <symbol id="sm-31c">
         <name>__aeabi_d2f</name>
         <value>0x4b9d</value>
         <object_component_ref idref="oc-9d"/>
      </symbol>
      <symbol id="sm-32d">
         <name>__aeabi_fadd</name>
         <value>0x447b</value>
         <object_component_ref idref="oc-ad"/>
      </symbol>
      <symbol id="sm-32e">
         <name>__aeabi_fsub</name>
         <value>0x4477</value>
         <object_component_ref idref="oc-ad"/>
      </symbol>
      <symbol id="sm-338">
         <name>__aeabi_fmul</name>
         <value>0x4a39</value>
         <object_component_ref idref="oc-a8"/>
      </symbol>
      <symbol id="sm-342">
         <name>__aeabi_f2iz</name>
         <value>0x4f75</value>
         <object_component_ref idref="oc-b2"/>
      </symbol>
      <symbol id="sm-351">
         <name>__aeabi_idivmod</name>
         <value>0x4cd9</value>
         <object_component_ref idref="oc-c9"/>
      </symbol>
      <symbol id="sm-352">
         <name>__aeabi_idiv</name>
         <value>0x4cd9</value>
         <object_component_ref idref="oc-c9"/>
      </symbol>
      <symbol id="sm-35c">
         <name>__aeabi_i2d</name>
         <value>0x4fdb</value>
         <object_component_ref idref="oc-8e"/>
      </symbol>
      <symbol id="sm-377">
         <name>memcpy</name>
         <value>0x47fd</value>
         <object_component_ref idref="oc-3a"/>
      </symbol>
      <symbol id="sm-378">
         <name>__aeabi_memcpy</name>
         <value>0x47fd</value>
         <object_component_ref idref="oc-3a"/>
      </symbol>
      <symbol id="sm-379">
         <name>__aeabi_memcpy8</name>
         <value>0x47fd</value>
         <object_component_ref idref="oc-3a"/>
      </symbol>
      <symbol id="sm-37a">
         <name>__aeabi_memcpy4</name>
         <value>0x47fd</value>
         <object_component_ref idref="oc-3a"/>
      </symbol>
      <symbol id="sm-389">
         <name>__aeabi_memset</name>
         <value>0x4ab5</value>
         <object_component_ref idref="oc-53"/>
      </symbol>
      <symbol id="sm-38a">
         <name>memset</name>
         <value>0x4abb</value>
         <object_component_ref idref="oc-53"/>
      </symbol>
      <symbol id="sm-38b">
         <name>__aeabi_memset8</name>
         <value>0x4ab5</value>
         <object_component_ref idref="oc-53"/>
      </symbol>
      <symbol id="sm-38c">
         <name>__aeabi_memset4</name>
         <value>0x4ab5</value>
         <object_component_ref idref="oc-53"/>
      </symbol>
      <symbol id="sm-38d">
         <name>__aeabi_memclr8</name>
         <value>0x4ab3</value>
         <object_component_ref idref="oc-53"/>
      </symbol>
      <symbol id="sm-38e">
         <name>__aeabi_memclr4</name>
         <value>0x4ab3</value>
         <object_component_ref idref="oc-53"/>
      </symbol>
      <symbol id="sm-38f">
         <name>__aeabi_memclr</name>
         <value>0x4ab3</value>
         <object_component_ref idref="oc-53"/>
      </symbol>
      <symbol id="sm-399">
         <name>__mpu_init</name>
         <value>0x4d37</value>
         <object_component_ref idref="oc-5f"/>
      </symbol>
      <symbol id="sm-3a3">
         <name>_system_pre_init</name>
         <value>0x518f</value>
         <object_component_ref idref="oc-65"/>
      </symbol>
      <symbol id="sm-3f7">
         <name>cosf</name>
         <value>0xf1</value>
         <object_component_ref idref="oc-a2"/>
      </symbol>
      <symbol id="sm-446">
         <name>sinf</name>
         <value>0xea5</value>
         <object_component_ref idref="oc-b7"/>
      </symbol>
      <symbol id="sm-44e">
         <name>main_func_sp</name>
         <value>0x2000204c</value>
         <object_component_ref idref="oc-7d"/>
      </symbol>
      <symbol id="sm-45d">
         <name>__aeabi_uidivmod</name>
         <value>0x4efd</value>
         <object_component_ref idref="oc-155"/>
      </symbol>
      <symbol id="sm-45e">
         <name>__aeabi_uidiv</name>
         <value>0x4efd</value>
         <object_component_ref idref="oc-155"/>
      </symbol>
      <symbol id="sm-477">
         <name>_nop</name>
         <value>0x508b</value>
         <object_component_ref idref="oc-22d"/>
      </symbol>
      <symbol id="sm-478">
         <name>_lock</name>
         <value>0x20002040</value>
         <object_component_ref idref="oc-14b"/>
      </symbol>
      <symbol id="sm-479">
         <name>_unlock</name>
         <value>0x20002044</value>
         <object_component_ref idref="oc-14b"/>
      </symbol>
      <symbol id="sm-47a">
         <name>_register_lock</name>
         <value>0x5083</value>
         <object_component_ref idref="oc-22d"/>
      </symbol>
      <symbol id="sm-47b">
         <name>_register_unlock</name>
         <value>0x507d</value>
         <object_component_ref idref="oc-22d"/>
      </symbol>
      <symbol id="sm-48f">
         <name>_args_main</name>
         <value>0x5051</value>
         <object_component_ref idref="oc-71"/>
      </symbol>
      <symbol id="sm-4b4">
         <name>__TI_auto_init</name>
         <value>0x4b2d</value>
         <object_component_ref idref="oc-6b"/>
      </symbol>
      <symbol id="sm-4ce">
         <name>copy_in</name>
         <value>0x4de5</value>
         <object_component_ref idref="oc-138"/>
      </symbol>
      <symbol id="sm-4e5">
         <name>__aeabi_dsub</name>
         <value>0x3db1</value>
         <object_component_ref idref="oc-178"/>
      </symbol>
      <symbol id="sm-4e6">
         <name>__aeabi_dadd</name>
         <value>0x3dbb</value>
         <object_component_ref idref="oc-178"/>
      </symbol>
      <symbol id="sm-4f0">
         <name>__aeabi_d2iz</name>
         <value>0x4e31</value>
         <object_component_ref idref="oc-183"/>
      </symbol>
      <symbol id="sm-4fb">
         <name>__aeabi_f2d</name>
         <value>0x4f3d</value>
         <object_component_ref idref="oc-173"/>
      </symbol>
      <symbol id="sm-505">
         <name>__aeabi_idiv0</name>
         <value>0x3f67</value>
         <object_component_ref idref="oc-19e"/>
      </symbol>
      <symbol id="sm-568">
         <name>__kernel_rem_pio2</name>
         <value>0x2655</value>
         <object_component_ref idref="oc-17d"/>
      </symbol>
      <symbol id="sm-58a">
         <name>floorl</name>
         <value>0x4571</value>
         <object_component_ref idref="oc-24b"/>
      </symbol>
      <symbol id="sm-58b">
         <name>floor</name>
         <value>0x4571</value>
         <object_component_ref idref="oc-24b"/>
      </symbol>
      <symbol id="sm-5a9">
         <name>scalbn</name>
         <value>0x4665</value>
         <object_component_ref idref="oc-245"/>
      </symbol>
      <symbol id="sm-5aa">
         <name>scalbnl</name>
         <value>0x4665</value>
         <object_component_ref idref="oc-245"/>
      </symbol>
      <symbol id="sm-5ab">
         <name>ldexpl</name>
         <value>0x4665</value>
         <object_component_ref idref="oc-245"/>
      </symbol>
      <symbol id="sm-5ac">
         <name>ldexp</name>
         <value>0x4665</value>
         <object_component_ref idref="oc-245"/>
      </symbol>
      <symbol id="sm-5b6">
         <name>_system_post_cinit</name>
         <value>0x5193</value>
         <object_component_ref idref="oc-13e"/>
      </symbol>
      <symbol id="sm-5be">
         <name>errno</name>
         <value>0x20002048</value>
         <object_component_ref idref="oc-2a3"/>
      </symbol>
      <symbol id="sm-5e0">
         <name>__aeabi_cdcmpeq</name>
         <value>0x492d</value>
         <object_component_ref idref="oc-259"/>
      </symbol>
      <symbol id="sm-5e1">
         <name>__aeabi_cdcmple</name>
         <value>0x492d</value>
         <object_component_ref idref="oc-259"/>
      </symbol>
      <symbol id="sm-5e2">
         <name>__aeabi_cdrcmple</name>
         <value>0x49b3</value>
         <object_component_ref idref="oc-251"/>
      </symbol>
      <symbol id="sm-5ec">
         <name>copysign</name>
         <value>0x5175</value>
         <object_component_ref idref="oc-29d"/>
      </symbol>
      <symbol id="sm-5ed">
         <name>copysignl</name>
         <value>0x5175</value>
         <object_component_ref idref="oc-29d"/>
      </symbol>
      <symbol id="sm-626">
         <name>TimerLoadSet</name>
         <value>0x50d9</value>
         <object_component_ref idref="oc-ec"/>
      </symbol>
      <symbol id="sm-627">
         <name>TimerDisable</name>
         <value>0x5069</value>
         <object_component_ref idref="oc-e4"/>
      </symbol>
      <symbol id="sm-628">
         <name>TimerEnable</name>
         <value>0x50fd</value>
         <object_component_ref idref="oc-f8"/>
      </symbol>
      <symbol id="sm-629">
         <name>TimerPrescaleSet</name>
         <value>0x50eb</value>
         <object_component_ref idref="oc-f0"/>
      </symbol>
      <symbol id="sm-62a">
         <name>TimerIntEnable</name>
         <value>0x516d</value>
         <object_component_ref idref="oc-f4"/>
      </symbol>
      <symbol id="sm-62b">
         <name>TimerConfigure</name>
         <value>0x502d</value>
         <object_component_ref idref="oc-e8"/>
      </symbol>
      <symbol id="sm-6a4">
         <name>SysCtlClockSet</name>
         <value>0x4101</value>
         <object_component_ref idref="oc-d2"/>
      </symbol>
      <symbol id="sm-6a5">
         <name>SysCtlLDOSet</name>
         <value>0x5125</value>
         <object_component_ref idref="oc-ce"/>
      </symbol>
      <symbol id="sm-6a6">
         <name>SysCtlDelay</name>
         <value>0x5183</value>
         <object_component_ref idref="oc-1ab"/>
      </symbol>
      <symbol id="sm-6a7">
         <name>SysCtlPeripheralEnable</name>
         <value>0x4d39</value>
         <object_component_ref idref="oc-e0"/>
      </symbol>
      <symbol id="sm-6a8">
         <name>SysCtlClockGet</name>
         <value>0x3f69</value>
         <object_component_ref idref="oc-d6"/>
      </symbol>
      <symbol id="sm-6dc">
         <name>SSIDataPut</name>
         <value>0x5147</value>
         <object_component_ref idref="oc-1b8"/>
      </symbol>
      <symbol id="sm-6dd">
         <name>SSIDataGetNonBlocking</name>
         <value>0x50c7</value>
         <object_component_ref idref="oc-1cf"/>
      </symbol>
      <symbol id="sm-6de">
         <name>SSIConfigSetExpClk</name>
         <value>0x4e79</value>
         <object_component_ref idref="oc-1c3"/>
      </symbol>
      <symbol id="sm-6df">
         <name>SSIEnable</name>
         <value>0x515b</value>
         <object_component_ref idref="oc-1cb"/>
      </symbol>
      <symbol id="sm-6e0">
         <name>SSIBusy</name>
         <value>0x5165</value>
         <object_component_ref idref="oc-1b0"/>
      </symbol>
      <symbol id="sm-6e1">
         <name>SSIDisable</name>
         <value>0x5151</value>
         <object_component_ref idref="oc-1bf"/>
      </symbol>
      <symbol id="sm-717">
         <name>IntPrioritySet</name>
         <value>0x5009</value>
         <object_component_ref idref="oc-104"/>
      </symbol>
      <symbol id="sm-718">
         <name>IntEnable</name>
         <value>0x4c75</value>
         <object_component_ref idref="oc-108"/>
      </symbol>
      <symbol id="sm-719">
         <name>IntMasterEnable</name>
         <value>0x513d</value>
         <object_component_ref idref="oc-10c"/>
      </symbol>
      <symbol id="sm-758">
         <name>GPIOPinTypeGPIOInput</name>
         <value>0x5091</value>
         <object_component_ref idref="oc-fc"/>
      </symbol>
      <symbol id="sm-759">
         <name>GPIOPinTypeGPIOOutput</name>
         <value>0x50a3</value>
         <object_component_ref idref="oc-1d3"/>
      </symbol>
      <symbol id="sm-75a">
         <name>GPIODirModeSet</name>
         <value>0x4fad</value>
         <object_component_ref idref="oc-1f5"/>
      </symbol>
      <symbol id="sm-75b">
         <name>GPIOPinWrite</name>
         <value>0x517d</value>
         <object_component_ref idref="oc-1b4"/>
      </symbol>
      <symbol id="sm-75c">
         <name>GPIOPadConfigSet</name>
         <value>0x4735</value>
         <object_component_ref idref="oc-100"/>
      </symbol>
      <symbol id="sm-75d">
         <name>GPIOPinTypeSSI</name>
         <value>0x50b5</value>
         <object_component_ref idref="oc-1c7"/>
      </symbol>
      <symbol id="sm-765">
         <name>CPUcpsie</name>
         <value>0x5119</value>
         <object_component_ref idref="oc-203"/>
      </symbol>
      <symbol id="sm-766">
         <name>__TI_static_base__</name>
         <value>0x0</value>
      </symbol>
      <symbol id="sm-769">
         <name>SHT$$INIT_ARRAY$$Limit</name>
         <value>0x0</value>
      </symbol>
      <symbol id="sm-76a">
         <name>SHT$$INIT_ARRAY$$Base</name>
         <value>0x0</value>
      </symbol>
   </symbol_table>
   <title>Link successful</title>
</link_info>
