******************************************************************************
                  TI ARM Linker PC v15.12.3                    
******************************************************************************
>> Linked Wed Nov 02 09:17:58 2016

OUTPUT FILE NAME:   <ece3849b16_lab0_yuyan_nhtranngoc.out>
ENTRY POINT SYMBOL: "_c_int00"  address: 00004ebd


MEMORY CONFIGURATION

         name            origin    length      used     unused   attr    fill
----------------------  --------  ---------  --------  --------  ----  --------
  FLASH                 00000000   00040000  00005976  0003a68a  R  X
  SRAM                  20000000   00010000  00002054  0000dfac  RW X


SEGMENT ALLOCATION MAP

run origin  load origin   length   init length attrs members
----------  ----------- ---------- ----------- ----- -------
00000000    00000000    0000597c   0000597c    r-x
  00000000    00000000    000000f0   000000f0    r-- .intvecs
  000000f0    000000f0    000050a4   000050a4    r-x .text
  00005198    00005198    00000796   00000796    r-- .const
  00005930    00005930    0000004c   0000004c    r-- .cinit
20000000    20000000    00002054   00000000    rw-
  20000000    20000000    00001828   00000000    rw- .bss
  20001828    20001828    00000800   00000000    rw- .stack
  20002028    20002028    0000002c   00000000    rw- .data


SECTION ALLOCATION MAP

 output                                  attributes/
section   page    origin      length       input sections
--------  ----  ----------  ----------   ----------------
.intvecs   0    00000000    000000f0     
                  00000000    000000f0     lm3s8962_startup_ccs.obj (.intvecs)

.text      0    000000f0    000050a4     
                  000000f0    00000db4     rtsv7M3_T_le_eabi.lib : s_cosf.obj (.text)
                  00000ea4    00000d68                           : s_sinf.obj (.text)
                  00001c0c    00000a48     ustdlib.obj (.text)
                  00002654    00000704     rtsv7M3_T_le_eabi.lib : k_rem_pio2.obj (.text)
                  00002d58    00000684     frame_graphics.obj (.text)
                  000033dc    00000510     rit128x96x4.obj (.text)
                  000038ec    000004c4     main.obj (.text)
                  00003db0    000001b6     rtsv7M3_T_le_eabi.lib : fd_add_t2.obj (.text)
                  00003f66    00000002                           : i_div0.obj (.text)
                  00003f68    00000198     driverlib-cm3.lib : sysctl.obj (.text:SysCtlClockGet)
                  00004100    00000144                       : sysctl.obj (.text:SysCtlClockSet)
                  00004244    00000136     rtsv7M3_T_le_eabi.lib : fd_div_t2.obj (.text)
                  0000437a    000000fc                           : fd_mul_t2.obj (.text)
                  00004476    000000fa                           : fs_add_t2.obj (.text)
                  00004570    000000f4                           : s_floor.obj (.text)
                  00004664    000000d0                           : s_scalbn.obj (.text)
                  00004734    000000c8     driverlib-cm3.lib : gpio.obj (.text:GPIOPadConfigSet)
                  000047fc    0000009c     rtsv7M3_T_le_eabi.lib : memcpy_t2.obj (.text)
                  00004898    00000094     buttons.obj (.text)
                  0000492c    00000086     rtsv7M3_T_le_eabi.lib : fd_cmp_t2.obj (.text:__aeabi_cdcmple)
                  000049b2    00000086                           : fd_cmp_t2.obj (.text:__aeabi_cdrcmple)
                  00004a38    0000007a                           : fs_mul_t2.obj (.text)
                  00004ab2    0000007a                           : memset_t2.obj (.text)
                  00004b2c    00000070                           : autoinit.obj (.text)
                  00004b9c    0000006e                           : fd_tos_t2.obj (.text)
                  00004c0a    0000006a                           : copy_decompress_rle.obj (.text)
                  00004c74    00000064     driverlib-cm3.lib : interrupt.obj (.text:IntEnable)
                  00004cd8    0000005e     rtsv7M3_T_le_eabi.lib : i_divt2.obj (.text)
                  00004d36    00000002                           : mpu_init.obj (.text)
                  00004d38    00000058     driverlib-cm3.lib : sysctl.obj (.text:SysCtlPeripheralEnable)
                  00004d90    00000054     rtsv7M3_T_le_eabi.lib : exit.obj (.text)
                  00004de4    0000004c                           : cpy_tbl.obj (.text)
                  00004e30    00000048                           : fd_toi_t2.obj (.text)
                  00004e78    00000044     driverlib-cm3.lib : ssi.obj (.text:SSIConfigSetExpClk)
                  00004ebc    00000040     rtsv7M3_T_le_eabi.lib : boot.obj (.text)
                  00004efc    00000040                           : u_divt2.obj (.text)
                  00004f3c    00000038                           : fs_tod_t2.obj (.text)
                  00004f74    00000038                           : fs_toi_t2.obj (.text)
                  00004fac    0000002e     driverlib-cm3.lib : gpio.obj (.text:GPIODirModeSet)
                  00004fda    0000002e     rtsv7M3_T_le_eabi.lib : i_tofd_t2.obj (.text)
                  00005008    00000024     driverlib-cm3.lib : interrupt.obj (.text:IntPrioritySet)
                  0000502c    00000024                       : timer.obj (.text:TimerConfigure)
                  00005050    00000018     rtsv7M3_T_le_eabi.lib : args_main.obj (.text)
                  00005068    00000014     driverlib-cm3.lib : timer.obj (.text:TimerDisable)
                  0000507c    00000014     rtsv7M3_T_le_eabi.lib : _lock.obj (.text)
                  00005090    00000012     driverlib-cm3.lib : gpio.obj (.text:GPIOPinTypeGPIOInput)
                  000050a2    00000012                       : gpio.obj (.text:GPIOPinTypeGPIOOutput)
                  000050b4    00000012                       : gpio.obj (.text:GPIOPinTypeSSI)
                  000050c6    00000012                       : ssi.obj (.text:SSIDataGetNonBlocking)
                  000050d8    00000012                       : timer.obj (.text:TimerLoadSet)
                  000050ea    00000012                       : timer.obj (.text:TimerPrescaleSet)
                  000050fc    0000000e                       : timer.obj (.text:TimerEnable)
                  0000510a    0000000e     rtsv7M3_T_le_eabi.lib : copy_decompress_none.obj (.text:decompress:none)
                  00005118    0000000c     driverlib-cm3.lib : cpu.obj (.text:CPUcpsie)
                  00005124    0000000c                       : sysctl.obj (.text:SysCtlLDOSet)
                  00005130    0000000c     lm3s8962_startup_ccs.obj (.text)
                  0000513c    0000000a     driverlib-cm3.lib : interrupt.obj (.text:IntMasterEnable)
                  00005146    0000000a                       : ssi.obj (.text:SSIDataPut)
                  00005150    0000000a                       : ssi.obj (.text:SSIDisable)
                  0000515a    0000000a                       : ssi.obj (.text:SSIEnable)
                  00005164    00000008                       : ssi.obj (.text:SSIBusy)
                  0000516c    00000008                       : timer.obj (.text:TimerIntEnable)
                  00005174    00000008     rtsv7M3_T_le_eabi.lib : s_copysign.obj (.text)
                  0000517c    00000006     driverlib-cm3.lib : gpio.obj (.text:GPIOPinWrite)
                  00005182    00000006                       : sysctl.obj (.text:SysCtlDelay)
                  00005188    00000006     rtsv7M3_T_le_eabi.lib : copy_decompress_rle.obj (.text:decompress:rle24)
                  0000518e    00000004                           : pre_init.obj (.text)
                  00005192    00000002                           : startup.obj (.text)

.const     0    00005198    00000796     
                  00005198    000001e0     rit128x96x4.obj (.const:g_pucFont)
                  00005378    000001db     frame_graphics.obj (.const:g_pucFont)
                  00005553    00000001     --HOLE-- [fill = 0]
                  00005554    00000004     ustdlib.obj (.const)
                  00005558    00000158     rtsv7M3_T_le_eabi.lib : k_rem_pio2.obj (.const:$O1$$)
                  000056b0    0000009c     driverlib-cm3.lib : interrupt.obj (.const:g_pulRegs)
                  0000574c    00000070                       : interrupt.obj (.const)
                  000057bc    0000006c                       : sysctl.obj (.const:g_pulXtals)
                  00005828    0000004f     rit128x96x4.obj (.const:.string:g_pucRIT128x96x4Init)
                  00005877    00000001     --HOLE-- [fill = 0]
                  00005878    00000040     driverlib-cm3.lib : sysctl.obj (.const)
                  000058b8    00000020     frame_graphics.obj (.const:mask_left$2)
                  000058d8    00000020     frame_graphics.obj (.const:mask_right$1)
                  000058f8    00000018     ustdlib.obj (.const:g_psDaysToMonth)
                  00005910    00000012     ustdlib.obj (.const:.string)
                  00005922    00000003     rit128x96x4.obj (.const:.string:pucCommand1$1)
                  00005925    00000003     rit128x96x4.obj (.const:.string:pucCommand2$2)
                  00005928    00000002     rit128x96x4.obj (.const:.string:g_pucRIT128x96x4HorizontalInc)
                  0000592a    00000002     rit128x96x4.obj (.const:.string:g_pucRIT128x96x4VerticalInc)
                  0000592c    00000002     rit128x96x4.obj (.const:.string:pucCommand1$3)

.cinit     0    00005930    0000004c     
                  00005930    00000023     (.cinit..data.load) [load image, compression = rle]
                  00005953    00000005     --HOLE-- [fill = 0]
                  00005958    0000000b     (.cinit..bss.load) [load image, compression = rle]
                  00005963    00000001     --HOLE-- [fill = 0]
                  00005964    00000008     (__TI_handler_table)
                  0000596c    00000010     (__TI_cinit_table)

.init_array 
*          0    00000000    00000000     UNINITIALIZED

.bss       0    20000000    00001828     UNINITIALIZED
                  20000000    00001800     (.common:g_pucFrame)
                  20001800    00000014     buttons.obj (.bss:piState$1)
                  20001814    00000008     rit128x96x4.obj (.bss:g_pucBuffer)
                  2000181c    00000004     rit128x96x4.obj (.bss)
                  20001820    00000004     (.common:g_ulButtons)
                  20001824    00000004     (.common:g_ulSystemClock)

.stack     0    20001828    00000800     UNINITIALIZED
                  20001828    00000800     --HOLE--

.data      0    20002028    0000002c     UNINITIALIZED
                  20002028    0000000c     rtsv7M3_T_le_eabi.lib : exit.obj (.data:$O1$$)
                  20002034    0000000c     main.obj (.data)
                  20002040    00000008     rtsv7M3_T_le_eabi.lib : _lock.obj (.data:$O1$$)
                  20002048    00000004                           : errno.obj (.data)
                  2000204c    00000004                           : stkdepth_vars.obj (.data)
                  20002050    00000004     ustdlib.obj (.data)

MODULE SUMMARY

       Module                     code    ro data   rw data
       ------                     ----    -------   -------
    .\
       frame_graphics.obj         1668    539       6144   
       ustdlib.obj                2632    46        4      
       rit128x96x4.obj            1296    571       12     
       main.obj                   1220    0         16     
       lm3s8962_startup_ccs.obj   12      240       0      
       buttons.obj                148     0         24     
    +--+--------------------------+-------+---------+---------+
       Total:                     6976    1396      6200   
                                                           
    C:/Program Files (x86)/Texas Instruments/StellarisWare/driverlib/ccs-cm3/Debug/driverlib-cm3.lib
       sysctl.obj                 838     172       0      
       interrupt.obj              146     268       0      
       gpio.obj                   306     0         0      
       ssi.obj                    124     0         0      
       timer.obj                  114     0         0      
       cpu.obj                    12      0         0      
    +--+--------------------------+-------+---------+---------+
       Total:                     1540    440       0      
                                                           
    C:\Program Files (x86)\Texas Instruments\ccsv6\tools\compiler\arm_15.12.3.LTS\lib\rtsv7M3_T_le_eabi.lib
       s_cosf.obj                 3508    0         0      
       s_sinf.obj                 3432    0         0      
       k_rem_pio2.obj             1796    344       0      
       fd_add_t2.obj              438     0         0      
       fd_div_t2.obj              310     0         0      
       fd_cmp_t2.obj              268     0         0      
       fd_mul_t2.obj              252     0         0      
       fs_add_t2.obj              250     0         0      
       s_floor.obj                244     0         0      
       s_scalbn.obj               208     0         0      
       memcpy_t2.obj              156     0         0      
       fs_mul_t2.obj              122     0         0      
       memset_t2.obj              122     0         0      
       autoinit.obj               112     0         0      
       copy_decompress_rle.obj    112     0         0      
       fd_tos_t2.obj              110     0         0      
       exit.obj                   84      0         12     
       i_divt2.obj                94      0         0      
       cpy_tbl.obj                76      0         0      
       fd_toi_t2.obj              72      0         0      
       boot.obj                   64      0         0      
       u_divt2.obj                64      0         0      
       fs_tod_t2.obj              56      0         0      
       fs_toi_t2.obj              56      0         0      
       i_tofd_t2.obj              46      0         0      
       _lock.obj                  20      0         8      
       args_main.obj              24      0         0      
       copy_decompress_none.obj   14      0         0      
       s_copysign.obj             8       0         0      
       errno.obj                  0       0         4      
       pre_init.obj               4       0         0      
       stkdepth_vars.obj          0       0         4      
       i_div0.obj                 2       0         0      
       mpu_init.obj               2       0         0      
       startup.obj                2       0         0      
    +--+--------------------------+-------+---------+---------+
       Total:                     12128   344       28     
                                                           
       Stack:                     0       0         2048   
       Linker Generated:          0       70        0      
    +--+--------------------------+-------+---------+---------+
       Grand Total:               20644   2250      8276   


LINKER GENERATED COPY TABLES

__TI_cinit_table @ 0000596c records: 2, size/record: 8, table size: 16
	.data: load addr=00005930, load size=00000023 bytes, run addr=20002028, run size=0000002c bytes, compression=rle
	.bss: load addr=00005958, load size=0000000b bytes, run addr=20000000, run size=00001828 bytes, compression=rle


LINKER GENERATED HANDLER TABLE

__TI_handler_table @ 00005964 records: 2, size/record: 4, table size: 8
	index: 0, handler: __TI_decompress_rle24
	index: 1, handler: __TI_decompress_none


GLOBAL SYMBOLS: SORTED ALPHABETICALLY BY Name 

address   name                           
-------   ----                           
00004899  ButtonDebounce                 
00004d91  C$$EXIT                        
00005119  CPUcpsie                       
00002f55  DrawChar                       
00003117  DrawCircle                     
000031b5  DrawFilledRectangle            
00002e3b  DrawLine                       
00002dcb  DrawPoint                      
0000302d  DrawString                     
00002d59  FillFrame                      
00004fad  GPIODirModeSet                 
00004735  GPIOPadConfigSet               
00005091  GPIOPinTypeGPIOInput           
000050a3  GPIOPinTypeGPIOOutput          
000050b5  GPIOPinTypeSSI                 
0000517d  GPIOPinWrite                   
00004c75  IntEnable                      
0000513d  IntMasterEnable                
00005009  IntPrioritySet                 
000034e9  RIT128x96x4Clear               
00003763  RIT128x96x4Disable             
000038bd  RIT128x96x4DisplayOff          
00003889  RIT128x96x4DisplayOn           
00003709  RIT128x96x4Enable              
00003681  RIT128x96x4ImageDraw           
000037dd  RIT128x96x4Init                
00003545  RIT128x96x4StringDraw          
00005131  ResetISR                       
UNDEFED   SHT$$INIT_ARRAY$$Base          
UNDEFED   SHT$$INIT_ARRAY$$Limit         
00005165  SSIBusy                        
00004e79  SSIConfigSetExpClk             
000050c7  SSIDataGetNonBlocking          
00005147  SSIDataPut                     
00005151  SSIDisable                     
0000515b  SSIEnable                      
00003f69  SysCtlClockGet                 
00004101  SysCtlClockSet                 
00005183  SysCtlDelay                    
00005125  SysCtlLDOSet                   
00004d39  SysCtlPeripheralEnable         
0000502d  TimerConfigure                 
00005069  TimerDisable                   
000050fd  TimerEnable                    
000038ed  TimerISR                       
0000516d  TimerIntEnable                 
000050d9  TimerLoadSet                   
000050eb  TimerPrescaleSet               
20002028  __STACK_END                    
00000800  __STACK_SIZE                   
20001a28  __STACK_TOP                    
0000596c  __TI_CINIT_Base                
0000597c  __TI_CINIT_Limit               
00005964  __TI_Handler_Table_Base        
0000596c  __TI_Handler_Table_Limit       
00004b2d  __TI_auto_init                 
20002028  __TI_cleanup_ptr               
0000510b  __TI_decompress_none           
00005189  __TI_decompress_rle24          
2000202c  __TI_dtors_ptr                 
20002030  __TI_enable_exit_profile_output
ffffffff  __TI_pprof_out_hndl            
ffffffff  __TI_prof_data_size            
ffffffff  __TI_prof_data_start           
00000000  __TI_static_base__             
0000492d  __aeabi_cdcmpeq                
0000492d  __aeabi_cdcmple                
000049b3  __aeabi_cdrcmple               
00004b9d  __aeabi_d2f                    
00004e31  __aeabi_d2iz                   
00003dbb  __aeabi_dadd                   
00004245  __aeabi_ddiv                   
0000437b  __aeabi_dmul                   
00003db1  __aeabi_dsub                   
00004f3d  __aeabi_f2d                    
00004f75  __aeabi_f2iz                   
0000447b  __aeabi_fadd                   
00004a39  __aeabi_fmul                   
00004477  __aeabi_fsub                   
00004fdb  __aeabi_i2d                    
00004cd9  __aeabi_idiv                   
00003f67  __aeabi_idiv0                  
00004cd9  __aeabi_idivmod                
00004ab3  __aeabi_memclr                 
00004ab3  __aeabi_memclr4                
00004ab3  __aeabi_memclr8                
000047fd  __aeabi_memcpy                 
000047fd  __aeabi_memcpy4                
000047fd  __aeabi_memcpy8                
00004ab5  __aeabi_memset                 
00004ab5  __aeabi_memset4                
00004ab5  __aeabi_memset8                
00004efd  __aeabi_uidiv                  
00004efd  __aeabi_uidivmod               
ffffffff  __binit__                      
ffffffff  __c_args__                     
00002655  __kernel_rem_pio2              
00004d37  __mpu_init                     
20001828  __stack                        
00005051  _args_main                     
00004ebd  _c_int00                       
20002040  _lock                          
0000508b  _nop                           
00005083  _register_lock                 
0000507d  _register_unlock               
00005193  _system_post_cinit             
0000518f  _system_pre_init               
20002044  _unlock                        
00004d95  abort                          
ffffffff  binit                          
00004de5  copy_in                        
00005175  copysign                       
00005175  copysignl                      
000000f1  cosf                           
000039d5  drawClock                      
00003b81  drawFrame                      
20002048  errno                          
00004d9d  exit                           
00004571  floor                          
00004571  floorl                         
00000000  g_pfnVectors                   
00005378  g_pucFont                      
20000000  g_pucFrame                     
20001820  g_ulButtons                    
20001824  g_ulSystemClock                
20002034  g_ulTime                       
00004665  ldexp                          
00004665  ldexpl                         
00003c45  main                           
2000204c  main_func_sp                   
000047fd  memcpy                         
00004abb  memset                         
0000397f  printTime                      
00004665  scalbn                         
00004665  scalbnl                        
00000ea5  sinf                           
000020f1  ulocaltime                     
000022f3  umktime                        
00002631  urand                          
000020c1  usnprintf                      
0000208f  usprintf                       
00002621  usrand                         
00002599  ustrcasecmp                    
0000260d  ustrcmp                        
000024a5  ustrlen                        
000025ad  ustrncmp                       
00001c0d  ustrncpy                       
000024f9  ustrnicmp                      
000024c7  ustrstr                        
0000236d  ustrtoul                       
00001c65  uvsnprintf                     


GLOBAL SYMBOLS: SORTED BY Symbol Address 

address   name                           
-------   ----                           
00000000  __TI_static_base__             
00000000  g_pfnVectors                   
000000f1  cosf                           
00000800  __STACK_SIZE                   
00000ea5  sinf                           
00001c0d  ustrncpy                       
00001c65  uvsnprintf                     
0000208f  usprintf                       
000020c1  usnprintf                      
000020f1  ulocaltime                     
000022f3  umktime                        
0000236d  ustrtoul                       
000024a5  ustrlen                        
000024c7  ustrstr                        
000024f9  ustrnicmp                      
00002599  ustrcasecmp                    
000025ad  ustrncmp                       
0000260d  ustrcmp                        
00002621  usrand                         
00002631  urand                          
00002655  __kernel_rem_pio2              
00002d59  FillFrame                      
00002dcb  DrawPoint                      
00002e3b  DrawLine                       
00002f55  DrawChar                       
0000302d  DrawString                     
00003117  DrawCircle                     
000031b5  DrawFilledRectangle            
000034e9  RIT128x96x4Clear               
00003545  RIT128x96x4StringDraw          
00003681  RIT128x96x4ImageDraw           
00003709  RIT128x96x4Enable              
00003763  RIT128x96x4Disable             
000037dd  RIT128x96x4Init                
00003889  RIT128x96x4DisplayOn           
000038bd  RIT128x96x4DisplayOff          
000038ed  TimerISR                       
0000397f  printTime                      
000039d5  drawClock                      
00003b81  drawFrame                      
00003c45  main                           
00003db1  __aeabi_dsub                   
00003dbb  __aeabi_dadd                   
00003f67  __aeabi_idiv0                  
00003f69  SysCtlClockGet                 
00004101  SysCtlClockSet                 
00004245  __aeabi_ddiv                   
0000437b  __aeabi_dmul                   
00004477  __aeabi_fsub                   
0000447b  __aeabi_fadd                   
00004571  floor                          
00004571  floorl                         
00004665  ldexp                          
00004665  ldexpl                         
00004665  scalbn                         
00004665  scalbnl                        
00004735  GPIOPadConfigSet               
000047fd  __aeabi_memcpy                 
000047fd  __aeabi_memcpy4                
000047fd  __aeabi_memcpy8                
000047fd  memcpy                         
00004899  ButtonDebounce                 
0000492d  __aeabi_cdcmpeq                
0000492d  __aeabi_cdcmple                
000049b3  __aeabi_cdrcmple               
00004a39  __aeabi_fmul                   
00004ab3  __aeabi_memclr                 
00004ab3  __aeabi_memclr4                
00004ab3  __aeabi_memclr8                
00004ab5  __aeabi_memset                 
00004ab5  __aeabi_memset4                
00004ab5  __aeabi_memset8                
00004abb  memset                         
00004b2d  __TI_auto_init                 
00004b9d  __aeabi_d2f                    
00004c75  IntEnable                      
00004cd9  __aeabi_idiv                   
00004cd9  __aeabi_idivmod                
00004d37  __mpu_init                     
00004d39  SysCtlPeripheralEnable         
00004d91  C$$EXIT                        
00004d95  abort                          
00004d9d  exit                           
00004de5  copy_in                        
00004e31  __aeabi_d2iz                   
00004e79  SSIConfigSetExpClk             
00004ebd  _c_int00                       
00004efd  __aeabi_uidiv                  
00004efd  __aeabi_uidivmod               
00004f3d  __aeabi_f2d                    
00004f75  __aeabi_f2iz                   
00004fad  GPIODirModeSet                 
00004fdb  __aeabi_i2d                    
00005009  IntPrioritySet                 
0000502d  TimerConfigure                 
00005051  _args_main                     
00005069  TimerDisable                   
0000507d  _register_unlock               
00005083  _register_lock                 
0000508b  _nop                           
00005091  GPIOPinTypeGPIOInput           
000050a3  GPIOPinTypeGPIOOutput          
000050b5  GPIOPinTypeSSI                 
000050c7  SSIDataGetNonBlocking          
000050d9  TimerLoadSet                   
000050eb  TimerPrescaleSet               
000050fd  TimerEnable                    
0000510b  __TI_decompress_none           
00005119  CPUcpsie                       
00005125  SysCtlLDOSet                   
00005131  ResetISR                       
0000513d  IntMasterEnable                
00005147  SSIDataPut                     
00005151  SSIDisable                     
0000515b  SSIEnable                      
00005165  SSIBusy                        
0000516d  TimerIntEnable                 
00005175  copysign                       
00005175  copysignl                      
0000517d  GPIOPinWrite                   
00005183  SysCtlDelay                    
00005189  __TI_decompress_rle24          
0000518f  _system_pre_init               
00005193  _system_post_cinit             
00005378  g_pucFont                      
00005964  __TI_Handler_Table_Base        
0000596c  __TI_CINIT_Base                
0000596c  __TI_Handler_Table_Limit       
0000597c  __TI_CINIT_Limit               
20000000  g_pucFrame                     
20001820  g_ulButtons                    
20001824  g_ulSystemClock                
20001828  __stack                        
20001a28  __STACK_TOP                    
20002028  __STACK_END                    
20002028  __TI_cleanup_ptr               
2000202c  __TI_dtors_ptr                 
20002030  __TI_enable_exit_profile_output
20002034  g_ulTime                       
20002040  _lock                          
20002044  _unlock                        
20002048  errno                          
2000204c  main_func_sp                   
ffffffff  __TI_pprof_out_hndl            
ffffffff  __TI_prof_data_size            
ffffffff  __TI_prof_data_start           
ffffffff  __binit__                      
ffffffff  __c_args__                     
ffffffff  binit                          
UNDEFED   SHT$$INIT_ARRAY$$Base          
UNDEFED   SHT$$INIT_ARRAY$$Limit         

[151 symbols]
