<?xml version="1.0"?>
<link_info>
   <banner>TI ARM Linker PC v15.12.3.LTS</banner>
   <copyright>Copyright (c) 1996-2015 Texas Instruments Incorporated</copyright>
   <link_time>0x58183672</link_time>
   <link_errors>0x0</link_errors>
   <output_file>ece3849b16_lab0_yuyan_nhtranngoc.out</output_file>
   <entry_point>
      <name>_c_int00</name>
      <address>0x4ec9</address>
   </entry_point>
   <input_file_list>
      <input_file id="fl-2">
         <path>.\</path>
         <kind>object</kind>
         <file>buttons.obj</file>
         <name>buttons.obj</name>
      </input_file>
      <input_file id="fl-3">
         <path>.\</path>
         <kind>object</kind>
         <file>frame_graphics.obj</file>
         <name>frame_graphics.obj</name>
      </input_file>
      <input_file id="fl-4">
         <path>.\</path>
         <kind>object</kind>
         <file>lm3s8962_startup_ccs.obj</file>
         <name>lm3s8962_startup_ccs.obj</name>
      </input_file>
      <input_file id="fl-5">
         <path>.\</path>
         <kind>object</kind>
         <file>main.obj</file>
         <name>main.obj</name>
      </input_file>
      <input_file id="fl-6">
         <path>.\</path>
         <kind>object</kind>
         <file>rit128x96x4.obj</file>
         <name>rit128x96x4.obj</name>
      </input_file>
      <input_file id="fl-7">
         <path>.\</path>
         <kind>object</kind>
         <file>ustdlib.obj</file>
         <name>ustdlib.obj</name>
      </input_file>
      <input_file id="fl-c2">
         <path>C:\Program Files (x86)\Texas Instruments\ccsv6\tools\compiler\arm_15.12.3.LTS\lib\</path>
         <kind>archive</kind>
         <file>rtsv7M3_T_le_eabi.lib</file>
         <name>boot.obj</name>
      </input_file>
      <input_file id="fl-c3">
         <path>C:\Program Files (x86)\Texas Instruments\ccsv6\tools\compiler\arm_15.12.3.LTS\lib\</path>
         <kind>archive</kind>
         <file>rtsv7M3_T_le_eabi.lib</file>
         <name>copy_decompress_none.obj</name>
      </input_file>
      <input_file id="fl-c4">
         <path>C:\Program Files (x86)\Texas Instruments\ccsv6\tools\compiler\arm_15.12.3.LTS\lib\</path>
         <kind>archive</kind>
         <file>rtsv7M3_T_le_eabi.lib</file>
         <name>copy_decompress_rle.obj</name>
      </input_file>
      <input_file id="fl-c5">
         <path>C:\Program Files (x86)\Texas Instruments\ccsv6\tools\compiler\arm_15.12.3.LTS\lib\</path>
         <kind>archive</kind>
         <file>rtsv7M3_T_le_eabi.lib</file>
         <name>copy_zero_init.obj</name>
      </input_file>
      <input_file id="fl-c6">
         <path>C:\Program Files (x86)\Texas Instruments\ccsv6\tools\compiler\arm_15.12.3.LTS\lib\</path>
         <kind>archive</kind>
         <file>rtsv7M3_T_le_eabi.lib</file>
         <name>exit.obj</name>
      </input_file>
      <input_file id="fl-c7">
         <path>C:\Program Files (x86)\Texas Instruments\ccsv6\tools\compiler\arm_15.12.3.LTS\lib\</path>
         <kind>archive</kind>
         <file>rtsv7M3_T_le_eabi.lib</file>
         <name>fd_div_t2.obj</name>
      </input_file>
      <input_file id="fl-c8">
         <path>C:\Program Files (x86)\Texas Instruments\ccsv6\tools\compiler\arm_15.12.3.LTS\lib\</path>
         <kind>archive</kind>
         <file>rtsv7M3_T_le_eabi.lib</file>
         <name>fd_mul_t2.obj</name>
      </input_file>
      <input_file id="fl-c9">
         <path>C:\Program Files (x86)\Texas Instruments\ccsv6\tools\compiler\arm_15.12.3.LTS\lib\</path>
         <kind>archive</kind>
         <file>rtsv7M3_T_le_eabi.lib</file>
         <name>fd_tos_t2.obj</name>
      </input_file>
      <input_file id="fl-ca">
         <path>C:\Program Files (x86)\Texas Instruments\ccsv6\tools\compiler\arm_15.12.3.LTS\lib\</path>
         <kind>archive</kind>
         <file>rtsv7M3_T_le_eabi.lib</file>
         <name>fs_add_t2.obj</name>
      </input_file>
      <input_file id="fl-cb">
         <path>C:\Program Files (x86)\Texas Instruments\ccsv6\tools\compiler\arm_15.12.3.LTS\lib\</path>
         <kind>archive</kind>
         <file>rtsv7M3_T_le_eabi.lib</file>
         <name>fs_mul_t2.obj</name>
      </input_file>
      <input_file id="fl-cc">
         <path>C:\Program Files (x86)\Texas Instruments\ccsv6\tools\compiler\arm_15.12.3.LTS\lib\</path>
         <kind>archive</kind>
         <file>rtsv7M3_T_le_eabi.lib</file>
         <name>fs_toi_t2.obj</name>
      </input_file>
      <input_file id="fl-cd">
         <path>C:\Program Files (x86)\Texas Instruments\ccsv6\tools\compiler\arm_15.12.3.LTS\lib\</path>
         <kind>archive</kind>
         <file>rtsv7M3_T_le_eabi.lib</file>
         <name>i_divt2.obj</name>
      </input_file>
      <input_file id="fl-ce">
         <path>C:\Program Files (x86)\Texas Instruments\ccsv6\tools\compiler\arm_15.12.3.LTS\lib\</path>
         <kind>archive</kind>
         <file>rtsv7M3_T_le_eabi.lib</file>
         <name>i_tofd_t2.obj</name>
      </input_file>
      <input_file id="fl-cf">
         <path>C:\Program Files (x86)\Texas Instruments\ccsv6\tools\compiler\arm_15.12.3.LTS\lib\</path>
         <kind>archive</kind>
         <file>rtsv7M3_T_le_eabi.lib</file>
         <name>memcpy_t2.obj</name>
      </input_file>
      <input_file id="fl-d0">
         <path>C:\Program Files (x86)\Texas Instruments\ccsv6\tools\compiler\arm_15.12.3.LTS\lib\</path>
         <kind>archive</kind>
         <file>rtsv7M3_T_le_eabi.lib</file>
         <name>memset_t2.obj</name>
      </input_file>
      <input_file id="fl-d1">
         <path>C:\Program Files (x86)\Texas Instruments\ccsv6\tools\compiler\arm_15.12.3.LTS\lib\</path>
         <kind>archive</kind>
         <file>rtsv7M3_T_le_eabi.lib</file>
         <name>mpu_init.obj</name>
      </input_file>
      <input_file id="fl-d2">
         <path>C:\Program Files (x86)\Texas Instruments\ccsv6\tools\compiler\arm_15.12.3.LTS\lib\</path>
         <kind>archive</kind>
         <file>rtsv7M3_T_le_eabi.lib</file>
         <name>pre_init.obj</name>
      </input_file>
      <input_file id="fl-d3">
         <path>C:\Program Files (x86)\Texas Instruments\ccsv6\tools\compiler\arm_15.12.3.LTS\lib\</path>
         <kind>archive</kind>
         <file>rtsv7M3_T_le_eabi.lib</file>
         <name>s_cosf.obj</name>
      </input_file>
      <input_file id="fl-d4">
         <path>C:\Program Files (x86)\Texas Instruments\ccsv6\tools\compiler\arm_15.12.3.LTS\lib\</path>
         <kind>archive</kind>
         <file>rtsv7M3_T_le_eabi.lib</file>
         <name>s_sinf.obj</name>
      </input_file>
      <input_file id="fl-d5">
         <path>C:\Program Files (x86)\Texas Instruments\ccsv6\tools\compiler\arm_15.12.3.LTS\lib\</path>
         <kind>archive</kind>
         <file>rtsv7M3_T_le_eabi.lib</file>
         <name>stkdepth_vars.obj</name>
      </input_file>
      <input_file id="fl-d6">
         <path>C:\Program Files (x86)\Texas Instruments\ccsv6\tools\compiler\arm_15.12.3.LTS\lib\</path>
         <kind>archive</kind>
         <file>rtsv7M3_T_le_eabi.lib</file>
         <name>u_divt2.obj</name>
      </input_file>
      <input_file id="fl-d7">
         <path>C:\Program Files (x86)\Texas Instruments\ccsv6\tools\compiler\arm_15.12.3.LTS\lib\</path>
         <kind>archive</kind>
         <file>rtsv7M3_T_le_eabi.lib</file>
         <name>_lock.obj</name>
      </input_file>
      <input_file id="fl-d8">
         <path>C:\Program Files (x86)\Texas Instruments\ccsv6\tools\compiler\arm_15.12.3.LTS\lib\</path>
         <kind>archive</kind>
         <file>rtsv7M3_T_le_eabi.lib</file>
         <name>args_main.obj</name>
      </input_file>
      <input_file id="fl-d9">
         <path>C:\Program Files (x86)\Texas Instruments\ccsv6\tools\compiler\arm_15.12.3.LTS\lib\</path>
         <kind>archive</kind>
         <file>rtsv7M3_T_le_eabi.lib</file>
         <name>autoinit.obj</name>
      </input_file>
      <input_file id="fl-da">
         <path>C:\Program Files (x86)\Texas Instruments\ccsv6\tools\compiler\arm_15.12.3.LTS\lib\</path>
         <kind>archive</kind>
         <file>rtsv7M3_T_le_eabi.lib</file>
         <name>cpy_tbl.obj</name>
      </input_file>
      <input_file id="fl-db">
         <path>C:\Program Files (x86)\Texas Instruments\ccsv6\tools\compiler\arm_15.12.3.LTS\lib\</path>
         <kind>archive</kind>
         <file>rtsv7M3_T_le_eabi.lib</file>
         <name>fd_add_t2.obj</name>
      </input_file>
      <input_file id="fl-dc">
         <path>C:\Program Files (x86)\Texas Instruments\ccsv6\tools\compiler\arm_15.12.3.LTS\lib\</path>
         <kind>archive</kind>
         <file>rtsv7M3_T_le_eabi.lib</file>
         <name>fd_toi_t2.obj</name>
      </input_file>
      <input_file id="fl-dd">
         <path>C:\Program Files (x86)\Texas Instruments\ccsv6\tools\compiler\arm_15.12.3.LTS\lib\</path>
         <kind>archive</kind>
         <file>rtsv7M3_T_le_eabi.lib</file>
         <name>fs_tod_t2.obj</name>
      </input_file>
      <input_file id="fl-de">
         <path>C:\Program Files (x86)\Texas Instruments\ccsv6\tools\compiler\arm_15.12.3.LTS\lib\</path>
         <kind>archive</kind>
         <file>rtsv7M3_T_le_eabi.lib</file>
         <name>i_div0.obj</name>
      </input_file>
      <input_file id="fl-df">
         <path>C:\Program Files (x86)\Texas Instruments\ccsv6\tools\compiler\arm_15.12.3.LTS\lib\</path>
         <kind>archive</kind>
         <file>rtsv7M3_T_le_eabi.lib</file>
         <name>k_rem_pio2.obj</name>
      </input_file>
      <input_file id="fl-e0">
         <path>C:\Program Files (x86)\Texas Instruments\ccsv6\tools\compiler\arm_15.12.3.LTS\lib\</path>
         <kind>archive</kind>
         <file>rtsv7M3_T_le_eabi.lib</file>
         <name>s_floor.obj</name>
      </input_file>
      <input_file id="fl-e1">
         <path>C:\Program Files (x86)\Texas Instruments\ccsv6\tools\compiler\arm_15.12.3.LTS\lib\</path>
         <kind>archive</kind>
         <file>rtsv7M3_T_le_eabi.lib</file>
         <name>s_scalbn.obj</name>
      </input_file>
      <input_file id="fl-e2">
         <path>C:\Program Files (x86)\Texas Instruments\ccsv6\tools\compiler\arm_15.12.3.LTS\lib\</path>
         <kind>archive</kind>
         <file>rtsv7M3_T_le_eabi.lib</file>
         <name>startup.obj</name>
      </input_file>
      <input_file id="fl-e3">
         <path>C:\Program Files (x86)\Texas Instruments\ccsv6\tools\compiler\arm_15.12.3.LTS\lib\</path>
         <kind>archive</kind>
         <file>rtsv7M3_T_le_eabi.lib</file>
         <name>errno.obj</name>
      </input_file>
      <input_file id="fl-e4">
         <path>C:\Program Files (x86)\Texas Instruments\ccsv6\tools\compiler\arm_15.12.3.LTS\lib\</path>
         <kind>archive</kind>
         <file>rtsv7M3_T_le_eabi.lib</file>
         <name>fd_cmp_t2.obj</name>
      </input_file>
      <input_file id="fl-e5">
         <path>C:\Program Files (x86)\Texas Instruments\ccsv6\tools\compiler\arm_15.12.3.LTS\lib\</path>
         <kind>archive</kind>
         <file>rtsv7M3_T_le_eabi.lib</file>
         <name>s_copysign.obj</name>
      </input_file>
      <input_file id="fl-e6">
         <path>C:\Program Files (x86)\Texas Instruments\StellarisWare\driverlib\ccs-cm3\Debug\</path>
         <kind>archive</kind>
         <file>driverlib-cm3.lib</file>
         <name>timer.obj</name>
      </input_file>
      <input_file id="fl-e7">
         <path>C:\Program Files (x86)\Texas Instruments\StellarisWare\driverlib\ccs-cm3\Debug\</path>
         <kind>archive</kind>
         <file>driverlib-cm3.lib</file>
         <name>sysctl.obj</name>
      </input_file>
      <input_file id="fl-e8">
         <path>C:\Program Files (x86)\Texas Instruments\StellarisWare\driverlib\ccs-cm3\Debug\</path>
         <kind>archive</kind>
         <file>driverlib-cm3.lib</file>
         <name>ssi.obj</name>
      </input_file>
      <input_file id="fl-e9">
         <path>C:\Program Files (x86)\Texas Instruments\StellarisWare\driverlib\ccs-cm3\Debug\</path>
         <kind>archive</kind>
         <file>driverlib-cm3.lib</file>
         <name>interrupt.obj</name>
      </input_file>
      <input_file id="fl-ea">
         <path>C:\Program Files (x86)\Texas Instruments\StellarisWare\driverlib\ccs-cm3\Debug\</path>
         <kind>archive</kind>
         <file>driverlib-cm3.lib</file>
         <name>gpio.obj</name>
      </input_file>
      <input_file id="fl-eb">
         <path>C:\Program Files (x86)\Texas Instruments\StellarisWare\driverlib\ccs-cm3\Debug\</path>
         <kind>archive</kind>
         <file>driverlib-cm3.lib</file>
         <name>cpu.obj</name>
      </input_file>
   </input_file_list>
   <object_component_list>
      <object_component id="oc-f">
         <name>.intvecs</name>
         <load_address>0x0</load_address>
         <run_address>0x0</run_address>
         <size>0xf0</size>
         <input_file_ref idref="fl-4"/>
      </object_component>
      <object_component id="oc-a2">
         <name>.text</name>
         <load_address>0xf0</load_address>
         <run_address>0xf0</run_address>
         <size>0xdb4</size>
         <input_file_ref idref="fl-d3"/>
      </object_component>
      <object_component id="oc-b7">
         <name>.text</name>
         <load_address>0xea4</load_address>
         <run_address>0xea4</run_address>
         <size>0xd68</size>
         <input_file_ref idref="fl-d4"/>
      </object_component>
      <object_component id="oc-88">
         <name>.text</name>
         <load_address>0x1c0c</load_address>
         <run_address>0x1c0c</run_address>
         <size>0xa48</size>
         <input_file_ref idref="fl-7"/>
      </object_component>
      <object_component id="oc-17d">
         <name>.text</name>
         <load_address>0x2654</load_address>
         <run_address>0x2654</run_address>
         <size>0x704</size>
         <input_file_ref idref="fl-df"/>
      </object_component>
      <object_component id="oc-bd">
         <name>.text</name>
         <load_address>0x2d58</load_address>
         <run_address>0x2d58</run_address>
         <size>0x684</size>
         <input_file_ref idref="fl-3"/>
      </object_component>
      <object_component id="oc-da">
         <name>.text</name>
         <load_address>0x33dc</load_address>
         <run_address>0x33dc</run_address>
         <size>0x510</size>
         <input_file_ref idref="fl-6"/>
      </object_component>
      <object_component id="oc-31">
         <name>.text</name>
         <load_address>0x38ec</load_address>
         <run_address>0x38ec</run_address>
         <size>0x4d0</size>
         <input_file_ref idref="fl-5"/>
      </object_component>
      <object_component id="oc-178">
         <name>.text</name>
         <load_address>0x3dbc</load_address>
         <run_address>0x3dbc</run_address>
         <size>0x1b6</size>
         <input_file_ref idref="fl-db"/>
      </object_component>
      <object_component id="oc-19e">
         <name>.text</name>
         <load_address>0x3f72</load_address>
         <run_address>0x3f72</run_address>
         <size>0x2</size>
         <input_file_ref idref="fl-de"/>
      </object_component>
      <object_component id="oc-d6">
         <name>.text:SysCtlClockGet</name>
         <load_address>0x3f74</load_address>
         <run_address>0x3f74</run_address>
         <size>0x198</size>
         <input_file_ref idref="fl-e7"/>
      </object_component>
      <object_component id="oc-d2">
         <name>.text:SysCtlClockSet</name>
         <load_address>0x410c</load_address>
         <run_address>0x410c</run_address>
         <size>0x144</size>
         <input_file_ref idref="fl-e7"/>
      </object_component>
      <object_component id="oc-98">
         <name>.text</name>
         <load_address>0x4250</load_address>
         <run_address>0x4250</run_address>
         <size>0x136</size>
         <input_file_ref idref="fl-c7"/>
      </object_component>
      <object_component id="oc-93">
         <name>.text</name>
         <load_address>0x4386</load_address>
         <run_address>0x4386</run_address>
         <size>0xfc</size>
         <input_file_ref idref="fl-c8"/>
      </object_component>
      <object_component id="oc-ad">
         <name>.text</name>
         <load_address>0x4482</load_address>
         <run_address>0x4482</run_address>
         <size>0xfa</size>
         <input_file_ref idref="fl-ca"/>
      </object_component>
      <object_component id="oc-24b">
         <name>.text</name>
         <load_address>0x457c</load_address>
         <run_address>0x457c</run_address>
         <size>0xf4</size>
         <input_file_ref idref="fl-e0"/>
      </object_component>
      <object_component id="oc-245">
         <name>.text</name>
         <load_address>0x4670</load_address>
         <run_address>0x4670</run_address>
         <size>0xd0</size>
         <input_file_ref idref="fl-e1"/>
      </object_component>
      <object_component id="oc-100">
         <name>.text:GPIOPadConfigSet</name>
         <load_address>0x4740</load_address>
         <run_address>0x4740</run_address>
         <size>0xc8</size>
         <input_file_ref idref="fl-ea"/>
      </object_component>
      <object_component id="oc-3a">
         <name>.text</name>
         <load_address>0x4808</load_address>
         <run_address>0x4808</run_address>
         <size>0x9c</size>
         <input_file_ref idref="fl-cf"/>
      </object_component>
      <object_component id="oc-82">
         <name>.text</name>
         <load_address>0x48a4</load_address>
         <run_address>0x48a4</run_address>
         <size>0x94</size>
         <input_file_ref idref="fl-2"/>
      </object_component>
      <object_component id="oc-259">
         <name>.text:__aeabi_cdcmple</name>
         <load_address>0x4938</load_address>
         <run_address>0x4938</run_address>
         <size>0x86</size>
         <input_file_ref idref="fl-e4"/>
      </object_component>
      <object_component id="oc-251">
         <name>.text:__aeabi_cdrcmple</name>
         <load_address>0x49be</load_address>
         <run_address>0x49be</run_address>
         <size>0x86</size>
         <input_file_ref idref="fl-e4"/>
      </object_component>
      <object_component id="oc-a8">
         <name>.text</name>
         <load_address>0x4a44</load_address>
         <run_address>0x4a44</run_address>
         <size>0x7a</size>
         <input_file_ref idref="fl-cb"/>
      </object_component>
      <object_component id="oc-53">
         <name>.text</name>
         <load_address>0x4abe</load_address>
         <run_address>0x4abe</run_address>
         <size>0x7a</size>
         <input_file_ref idref="fl-d0"/>
      </object_component>
      <object_component id="oc-6b">
         <name>.text</name>
         <load_address>0x4b38</load_address>
         <run_address>0x4b38</run_address>
         <size>0x70</size>
         <input_file_ref idref="fl-d9"/>
      </object_component>
      <object_component id="oc-9d">
         <name>.text</name>
         <load_address>0x4ba8</load_address>
         <run_address>0x4ba8</run_address>
         <size>0x6e</size>
         <input_file_ref idref="fl-c9"/>
      </object_component>
      <object_component id="oc-46">
         <name>.text</name>
         <load_address>0x4c16</load_address>
         <run_address>0x4c16</run_address>
         <size>0x6a</size>
         <input_file_ref idref="fl-c4"/>
      </object_component>
      <object_component id="oc-108">
         <name>.text:IntEnable</name>
         <load_address>0x4c80</load_address>
         <run_address>0x4c80</run_address>
         <size>0x64</size>
         <input_file_ref idref="fl-e9"/>
      </object_component>
      <object_component id="oc-c9">
         <name>.text</name>
         <load_address>0x4ce4</load_address>
         <run_address>0x4ce4</run_address>
         <size>0x5e</size>
         <input_file_ref idref="fl-cd"/>
      </object_component>
      <object_component id="oc-5f">
         <name>.text</name>
         <load_address>0x4d42</load_address>
         <run_address>0x4d42</run_address>
         <size>0x2</size>
         <input_file_ref idref="fl-d1"/>
      </object_component>
      <object_component id="oc-e0">
         <name>.text:SysCtlPeripheralEnable</name>
         <load_address>0x4d44</load_address>
         <run_address>0x4d44</run_address>
         <size>0x58</size>
         <input_file_ref idref="fl-e7"/>
      </object_component>
      <object_component id="oc-77">
         <name>.text</name>
         <load_address>0x4d9c</load_address>
         <run_address>0x4d9c</run_address>
         <size>0x54</size>
         <input_file_ref idref="fl-c6"/>
      </object_component>
      <object_component id="oc-138">
         <name>.text</name>
         <load_address>0x4df0</load_address>
         <run_address>0x4df0</run_address>
         <size>0x4c</size>
         <input_file_ref idref="fl-da"/>
      </object_component>
      <object_component id="oc-183">
         <name>.text</name>
         <load_address>0x4e3c</load_address>
         <run_address>0x4e3c</run_address>
         <size>0x48</size>
         <input_file_ref idref="fl-dc"/>
      </object_component>
      <object_component id="oc-1c3">
         <name>.text:SSIConfigSetExpClk</name>
         <load_address>0x4e84</load_address>
         <run_address>0x4e84</run_address>
         <size>0x44</size>
         <input_file_ref idref="fl-e8"/>
      </object_component>
      <object_component id="oc-24">
         <name>.text</name>
         <load_address>0x4ec8</load_address>
         <run_address>0x4ec8</run_address>
         <size>0x40</size>
         <input_file_ref idref="fl-c2"/>
      </object_component>
      <object_component id="oc-155">
         <name>.text</name>
         <load_address>0x4f08</load_address>
         <run_address>0x4f08</run_address>
         <size>0x40</size>
         <input_file_ref idref="fl-d6"/>
      </object_component>
      <object_component id="oc-173">
         <name>.text</name>
         <load_address>0x4f48</load_address>
         <run_address>0x4f48</run_address>
         <size>0x38</size>
         <input_file_ref idref="fl-dd"/>
      </object_component>
      <object_component id="oc-b2">
         <name>.text</name>
         <load_address>0x4f80</load_address>
         <run_address>0x4f80</run_address>
         <size>0x38</size>
         <input_file_ref idref="fl-cc"/>
      </object_component>
      <object_component id="oc-1f5">
         <name>.text:GPIODirModeSet</name>
         <load_address>0x4fb8</load_address>
         <run_address>0x4fb8</run_address>
         <size>0x2e</size>
         <input_file_ref idref="fl-ea"/>
      </object_component>
      <object_component id="oc-8e">
         <name>.text</name>
         <load_address>0x4fe6</load_address>
         <run_address>0x4fe6</run_address>
         <size>0x2e</size>
         <input_file_ref idref="fl-ce"/>
      </object_component>
      <object_component id="oc-104">
         <name>.text:IntPrioritySet</name>
         <load_address>0x5014</load_address>
         <run_address>0x5014</run_address>
         <size>0x24</size>
         <input_file_ref idref="fl-e9"/>
      </object_component>
      <object_component id="oc-e8">
         <name>.text:TimerConfigure</name>
         <load_address>0x5038</load_address>
         <run_address>0x5038</run_address>
         <size>0x24</size>
         <input_file_ref idref="fl-e6"/>
      </object_component>
      <object_component id="oc-71">
         <name>.text</name>
         <load_address>0x505c</load_address>
         <run_address>0x505c</run_address>
         <size>0x18</size>
         <input_file_ref idref="fl-d8"/>
      </object_component>
      <object_component id="oc-e4">
         <name>.text:TimerDisable</name>
         <load_address>0x5074</load_address>
         <run_address>0x5074</run_address>
         <size>0x14</size>
         <input_file_ref idref="fl-e6"/>
      </object_component>
      <object_component id="oc-22d">
         <name>.text</name>
         <load_address>0x5088</load_address>
         <run_address>0x5088</run_address>
         <size>0x14</size>
         <input_file_ref idref="fl-d7"/>
      </object_component>
      <object_component id="oc-fc">
         <name>.text:GPIOPinTypeGPIOInput</name>
         <load_address>0x509c</load_address>
         <run_address>0x509c</run_address>
         <size>0x12</size>
         <input_file_ref idref="fl-ea"/>
      </object_component>
      <object_component id="oc-1d3">
         <name>.text:GPIOPinTypeGPIOOutput</name>
         <load_address>0x50ae</load_address>
         <run_address>0x50ae</run_address>
         <size>0x12</size>
         <input_file_ref idref="fl-ea"/>
      </object_component>
      <object_component id="oc-1c7">
         <name>.text:GPIOPinTypeSSI</name>
         <load_address>0x50c0</load_address>
         <run_address>0x50c0</run_address>
         <size>0x12</size>
         <input_file_ref idref="fl-ea"/>
      </object_component>
      <object_component id="oc-1cf">
         <name>.text:SSIDataGetNonBlocking</name>
         <load_address>0x50d2</load_address>
         <run_address>0x50d2</run_address>
         <size>0x12</size>
         <input_file_ref idref="fl-e8"/>
      </object_component>
      <object_component id="oc-ec">
         <name>.text:TimerLoadSet</name>
         <load_address>0x50e4</load_address>
         <run_address>0x50e4</run_address>
         <size>0x12</size>
         <input_file_ref idref="fl-e6"/>
      </object_component>
      <object_component id="oc-f0">
         <name>.text:TimerPrescaleSet</name>
         <load_address>0x50f6</load_address>
         <run_address>0x50f6</run_address>
         <size>0x12</size>
         <input_file_ref idref="fl-e6"/>
      </object_component>
      <object_component id="oc-f8">
         <name>.text:TimerEnable</name>
         <load_address>0x5108</load_address>
         <run_address>0x5108</run_address>
         <size>0xe</size>
         <input_file_ref idref="fl-e6"/>
      </object_component>
      <object_component id="oc-12">
         <name>.text:decompress:none</name>
         <load_address>0x5116</load_address>
         <run_address>0x5116</run_address>
         <size>0xe</size>
         <input_file_ref idref="fl-c3"/>
      </object_component>
      <object_component id="oc-203">
         <name>.text:CPUcpsie</name>
         <load_address>0x5124</load_address>
         <run_address>0x5124</run_address>
         <size>0xc</size>
         <input_file_ref idref="fl-eb"/>
      </object_component>
      <object_component id="oc-ce">
         <name>.text:SysCtlLDOSet</name>
         <load_address>0x5130</load_address>
         <run_address>0x5130</run_address>
         <size>0xc</size>
         <input_file_ref idref="fl-e7"/>
      </object_component>
      <object_component id="oc-2b">
         <name>.text</name>
         <load_address>0x513c</load_address>
         <run_address>0x513c</run_address>
         <size>0xc</size>
         <input_file_ref idref="fl-4"/>
      </object_component>
      <object_component id="oc-10c">
         <name>.text:IntMasterEnable</name>
         <load_address>0x5148</load_address>
         <run_address>0x5148</run_address>
         <size>0xa</size>
         <input_file_ref idref="fl-e9"/>
      </object_component>
      <object_component id="oc-1b8">
         <name>.text:SSIDataPut</name>
         <load_address>0x5152</load_address>
         <run_address>0x5152</run_address>
         <size>0xa</size>
         <input_file_ref idref="fl-e8"/>
      </object_component>
      <object_component id="oc-1bf">
         <name>.text:SSIDisable</name>
         <load_address>0x515c</load_address>
         <run_address>0x515c</run_address>
         <size>0xa</size>
         <input_file_ref idref="fl-e8"/>
      </object_component>
      <object_component id="oc-1cb">
         <name>.text:SSIEnable</name>
         <load_address>0x5166</load_address>
         <run_address>0x5166</run_address>
         <size>0xa</size>
         <input_file_ref idref="fl-e8"/>
      </object_component>
      <object_component id="oc-1b0">
         <name>.text:SSIBusy</name>
         <load_address>0x5170</load_address>
         <run_address>0x5170</run_address>
         <size>0x8</size>
         <input_file_ref idref="fl-e8"/>
      </object_component>
      <object_component id="oc-f4">
         <name>.text:TimerIntEnable</name>
         <load_address>0x5178</load_address>
         <run_address>0x5178</run_address>
         <size>0x8</size>
         <input_file_ref idref="fl-e6"/>
      </object_component>
      <object_component id="oc-29d">
         <name>.text</name>
         <load_address>0x5180</load_address>
         <run_address>0x5180</run_address>
         <size>0x8</size>
         <input_file_ref idref="fl-e5"/>
      </object_component>
      <object_component id="oc-1b4">
         <name>.text:GPIOPinWrite</name>
         <load_address>0x5188</load_address>
         <run_address>0x5188</run_address>
         <size>0x6</size>
         <input_file_ref idref="fl-ea"/>
      </object_component>
      <object_component id="oc-1ab">
         <name>.text:SysCtlDelay</name>
         <load_address>0x518e</load_address>
         <run_address>0x518e</run_address>
         <size>0x6</size>
         <input_file_ref idref="fl-e7"/>
      </object_component>
      <object_component id="oc-18">
         <name>.text:decompress:rle24</name>
         <load_address>0x5194</load_address>
         <run_address>0x5194</run_address>
         <size>0x6</size>
         <input_file_ref idref="fl-c4"/>
      </object_component>
      <object_component id="oc-65">
         <name>.text</name>
         <load_address>0x519a</load_address>
         <run_address>0x519a</run_address>
         <size>0x4</size>
         <input_file_ref idref="fl-d2"/>
      </object_component>
      <object_component id="oc-13e">
         <name>.text</name>
         <load_address>0x519e</load_address>
         <run_address>0x519e</run_address>
         <size>0x2</size>
         <input_file_ref idref="fl-e2"/>
      </object_component>
      <object_component id="oc-1e2">
         <name>.const:g_pucFont</name>
         <load_address>0x51a0</load_address>
         <run_address>0x51a0</run_address>
         <size>0x1e0</size>
         <input_file_ref idref="fl-6"/>
      </object_component>
      <object_component id="oc-194">
         <name>.const:g_pucFont</name>
         <load_address>0x5380</load_address>
         <run_address>0x5380</run_address>
         <size>0x1db</size>
         <input_file_ref idref="fl-3"/>
      </object_component>
      <object_component id="oc-15a">
         <name>.const</name>
         <load_address>0x555c</load_address>
         <run_address>0x555c</run_address>
         <size>0x4</size>
         <input_file_ref idref="fl-7"/>
      </object_component>
      <object_component id="oc-256">
         <name>.const:$O1$$</name>
         <load_address>0x5560</load_address>
         <run_address>0x5560</run_address>
         <size>0x158</size>
         <input_file_ref idref="fl-df"/>
      </object_component>
      <object_component id="oc-1fc">
         <name>.const:g_pulRegs</name>
         <load_address>0x56b8</load_address>
         <run_address>0x56b8</run_address>
         <size>0x9c</size>
         <input_file_ref idref="fl-e9"/>
      </object_component>
      <object_component id="oc-200">
         <name>.const</name>
         <load_address>0x5754</load_address>
         <run_address>0x5754</run_address>
         <size>0x70</size>
         <input_file_ref idref="fl-e9"/>
      </object_component>
      <object_component id="oc-1ad">
         <name>.const:g_pulXtals</name>
         <load_address>0x57c4</load_address>
         <run_address>0x57c4</run_address>
         <size>0x6c</size>
         <input_file_ref idref="fl-e7"/>
      </object_component>
      <object_component id="oc-1e5">
         <name>.const:.string:g_pucRIT128x96x4Init</name>
         <load_address>0x5830</load_address>
         <run_address>0x5830</run_address>
         <size>0x4f</size>
         <input_file_ref idref="fl-6"/>
      </object_component>
      <object_component id="oc-1eb">
         <name>.const</name>
         <load_address>0x5880</load_address>
         <run_address>0x5880</run_address>
         <size>0x40</size>
         <input_file_ref idref="fl-e7"/>
      </object_component>
      <object_component id="oc-197">
         <name>.const:mask_left$2</name>
         <load_address>0x58c0</load_address>
         <run_address>0x58c0</run_address>
         <size>0x20</size>
         <input_file_ref idref="fl-3"/>
      </object_component>
      <object_component id="oc-198">
         <name>.const:mask_right$1</name>
         <load_address>0x58e0</load_address>
         <run_address>0x58e0</run_address>
         <size>0x20</size>
         <input_file_ref idref="fl-3"/>
      </object_component>
      <object_component id="oc-15d">
         <name>.const:g_psDaysToMonth</name>
         <load_address>0x5900</load_address>
         <run_address>0x5900</run_address>
         <size>0x18</size>
         <input_file_ref idref="fl-7"/>
      </object_component>
      <object_component id="oc-23a">
         <name>.const:.string</name>
         <load_address>0x5918</load_address>
         <run_address>0x5918</run_address>
         <size>0x12</size>
         <input_file_ref idref="fl-7"/>
      </object_component>
      <object_component id="oc-1da">
         <name>.const:.string:pucCommand1$1</name>
         <load_address>0x592a</load_address>
         <run_address>0x592a</run_address>
         <size>0x3</size>
         <input_file_ref idref="fl-6"/>
      </object_component>
      <object_component id="oc-1db">
         <name>.const:.string:pucCommand2$2</name>
         <load_address>0x592d</load_address>
         <run_address>0x592d</run_address>
         <size>0x3</size>
         <input_file_ref idref="fl-6"/>
      </object_component>
      <object_component id="oc-1dc">
         <name>.const:.string:g_pucRIT128x96x4HorizontalInc</name>
         <load_address>0x5930</load_address>
         <run_address>0x5930</run_address>
         <size>0x2</size>
         <input_file_ref idref="fl-6"/>
      </object_component>
      <object_component id="oc-1df">
         <name>.const:.string:g_pucRIT128x96x4VerticalInc</name>
         <load_address>0x5932</load_address>
         <run_address>0x5932</run_address>
         <size>0x2</size>
         <input_file_ref idref="fl-6"/>
      </object_component>
      <object_component id="oc-1e8">
         <name>.const:.string:pucCommand1$3</name>
         <load_address>0x5934</load_address>
         <run_address>0x5934</run_address>
         <size>0x2</size>
         <input_file_ref idref="fl-6"/>
      </object_component>
      <object_component id="oc-2df">
         <name>.cinit..data.load</name>
         <load_address>0x5938</load_address>
         <run_address>0x5938</run_address>
         <size>0x23</size>
      </object_component>
      <object_component id="oc-2e0">
         <name>.cinit..bss.load</name>
         <load_address>0x5960</load_address>
         <run_address>0x5960</run_address>
         <size>0xb</size>
      </object_component>
      <object_component id="oc-2dd">
         <name>__TI_handler_table</name>
         <load_address>0x596c</load_address>
         <run_address>0x596c</run_address>
         <size>0x8</size>
      </object_component>
      <object_component id="oc-2de">
         <name>__TI_cinit_table</name>
         <load_address>0x5974</load_address>
         <run_address>0x5974</run_address>
         <size>0x10</size>
      </object_component>
      <object_component id="oc-c6">
         <name>.data</name>
         <load_address>0x20002034</load_address>
         <run_address>0x20002034</run_address>
         <size>0xc</size>
         <input_file_ref idref="fl-5"/>
      </object_component>
      <object_component id="oc-160">
         <name>.data</name>
         <load_address>0x20002050</load_address>
         <run_address>0x20002050</run_address>
         <size>0x4</size>
         <input_file_ref idref="fl-7"/>
      </object_component>
      <object_component id="oc-148">
         <name>.data:$O1$$</name>
         <load_address>0x20002028</load_address>
         <run_address>0x20002028</run_address>
         <size>0xc</size>
         <input_file_ref idref="fl-c6"/>
      </object_component>
      <object_component id="oc-7d">
         <name>.data</name>
         <load_address>0x2000204c</load_address>
         <run_address>0x2000204c</run_address>
         <size>0x4</size>
         <input_file_ref idref="fl-d5"/>
      </object_component>
      <object_component id="oc-14b">
         <name>.data:$O1$$</name>
         <load_address>0x20002040</load_address>
         <run_address>0x20002040</run_address>
         <size>0x8</size>
         <input_file_ref idref="fl-d7"/>
      </object_component>
      <object_component id="oc-2a3">
         <name>.data</name>
         <load_address>0x20002048</load_address>
         <run_address>0x20002048</run_address>
         <size>0x4</size>
         <input_file_ref idref="fl-e3"/>
      </object_component>
      <object_component id="oc-153">
         <name>.bss:piState$1</name>
         <uninitialized>true</uninitialized>
         <run_address>0x20001800</run_address>
         <size>0x14</size>
         <input_file_ref idref="fl-2"/>
      </object_component>
      <object_component id="oc-1bc">
         <name>.bss</name>
         <uninitialized>true</uninitialized>
         <run_address>0x2000181c</run_address>
         <size>0x4</size>
         <input_file_ref idref="fl-6"/>
      </object_component>
      <object_component id="oc-1d7">
         <name>.bss:g_pucBuffer</name>
         <uninitialized>true</uninitialized>
         <run_address>0x20001814</run_address>
         <size>0x8</size>
         <input_file_ref idref="fl-6"/>
      </object_component>
      <object_component id="oc-c3">
         <name>.common:g_ulButtons</name>
         <uninitialized>true</uninitialized>
         <run_address>0x20001820</run_address>
         <size>0x4</size>
      </object_component>
      <object_component id="oc-113">
         <name>.common:g_pucFrame</name>
         <uninitialized>true</uninitialized>
         <run_address>0x20000000</run_address>
         <size>0x1800</size>
      </object_component>
      <object_component id="oc-110">
         <name>.common:g_ulSystemClock</name>
         <uninitialized>true</uninitialized>
         <run_address>0x20001824</run_address>
         <size>0x4</size>
      </object_component>
      <object_component id="oc-2a">
         <name>.stack</name>
         <uninitialized>true</uninitialized>
         <run_address>0x20001828</run_address>
         <size>0x0</size>
         <input_file_ref idref="fl-c2"/>
      </object_component>
      <object_component id="oc-2e1">
         <name>.stack</name>
         <uninitialized>true</uninitialized>
         <run_address>0x20001828</run_address>
         <size>0x0</size>
      </object_component>
      <object_component id="oc-c4">
         <name>.debug_info</name>
         <load_address>0x0</load_address>
         <run_address>0x0</run_address>
         <size>0xf0</size>
         <input_file_ref idref="fl-2"/>
      </object_component>
      <object_component id="oc-83">
         <name>.debug_info</name>
         <load_address>0xf0</load_address>
         <run_address>0xf0</run_address>
         <size>0x185</size>
         <input_file_ref idref="fl-2"/>
      </object_component>
      <object_component id="oc-117">
         <name>.debug_info</name>
         <load_address>0x275</load_address>
         <run_address>0x275</run_address>
         <size>0x84</size>
         <input_file_ref idref="fl-2"/>
      </object_component>
      <object_component id="oc-20e">
         <name>.debug_info</name>
         <load_address>0x2f9</load_address>
         <run_address>0x2f9</run_address>
         <size>0x2c</size>
         <input_file_ref idref="fl-2"/>
      </object_component>
      <object_component id="oc-114">
         <name>.debug_info</name>
         <load_address>0x325</load_address>
         <run_address>0x325</run_address>
         <size>0x141</size>
         <input_file_ref idref="fl-3"/>
      </object_component>
      <object_component id="oc-195">
         <name>.debug_info</name>
         <load_address>0x466</load_address>
         <run_address>0x466</run_address>
         <size>0xe1</size>
         <input_file_ref idref="fl-3"/>
      </object_component>
      <object_component id="oc-c1">
         <name>.debug_info</name>
         <load_address>0x547</load_address>
         <run_address>0x547</run_address>
         <size>0xaf0</size>
         <input_file_ref idref="fl-3"/>
      </object_component>
      <object_component id="oc-39">
         <name>.debug_info</name>
         <load_address>0x1037</load_address>
         <run_address>0x1037</run_address>
         <size>0x118</size>
         <input_file_ref idref="fl-4"/>
      </object_component>
      <object_component id="oc-10">
         <name>.debug_info</name>
         <load_address>0x114f</load_address>
         <run_address>0x114f</run_address>
         <size>0xec</size>
         <input_file_ref idref="fl-4"/>
      </object_component>
      <object_component id="oc-2f">
         <name>.debug_info</name>
         <load_address>0x123b</load_address>
         <run_address>0x123b</run_address>
         <size>0x23f</size>
         <input_file_ref idref="fl-4"/>
      </object_component>
      <object_component id="oc-11e">
         <name>.debug_info</name>
         <load_address>0x147a</load_address>
         <run_address>0x147a</run_address>
         <size>0x18b</size>
         <input_file_ref idref="fl-4"/>
      </object_component>
      <object_component id="oc-111">
         <name>.debug_info</name>
         <load_address>0x1605</load_address>
         <run_address>0x1605</run_address>
         <size>0x653</size>
         <input_file_ref idref="fl-5"/>
      </object_component>
      <object_component id="oc-c7">
         <name>.debug_info</name>
         <load_address>0x1c58</load_address>
         <run_address>0x1c58</run_address>
         <size>0xd4</size>
         <input_file_ref idref="fl-5"/>
      </object_component>
      <object_component id="oc-33">
         <name>.debug_info</name>
         <load_address>0x1d2c</load_address>
         <run_address>0x1d2c</run_address>
         <size>0x9f8</size>
         <input_file_ref idref="fl-5"/>
      </object_component>
      <object_component id="oc-16a">
         <name>.debug_info</name>
         <load_address>0x2724</load_address>
         <run_address>0x2724</run_address>
         <size>0xc2</size>
         <input_file_ref idref="fl-5"/>
      </object_component>
      <object_component id="oc-165">
         <name>.debug_info</name>
         <load_address>0x27e6</load_address>
         <run_address>0x27e6</run_address>
         <size>0x4e</size>
         <input_file_ref idref="fl-5"/>
      </object_component>
      <object_component id="oc-1ea">
         <name>.debug_info</name>
         <load_address>0x2834</load_address>
         <run_address>0x2834</run_address>
         <size>0x3ff</size>
         <input_file_ref idref="fl-6"/>
      </object_component>
      <object_component id="oc-1bd">
         <name>.debug_info</name>
         <load_address>0x2c33</load_address>
         <run_address>0x2c33</run_address>
         <size>0x131</size>
         <input_file_ref idref="fl-6"/>
      </object_component>
      <object_component id="oc-1d8">
         <name>.debug_info</name>
         <load_address>0x2d64</load_address>
         <run_address>0x2d64</run_address>
         <size>0x12f</size>
         <input_file_ref idref="fl-6"/>
      </object_component>
      <object_component id="oc-1e0">
         <name>.debug_info</name>
         <load_address>0x2e93</load_address>
         <run_address>0x2e93</run_address>
         <size>0x14f</size>
         <input_file_ref idref="fl-6"/>
      </object_component>
      <object_component id="oc-1dd">
         <name>.debug_info</name>
         <load_address>0x2fe2</load_address>
         <run_address>0x2fe2</run_address>
         <size>0x153</size>
         <input_file_ref idref="fl-6"/>
      </object_component>
      <object_component id="oc-1e3">
         <name>.debug_info</name>
         <load_address>0x3135</load_address>
         <run_address>0x3135</run_address>
         <size>0x12b</size>
         <input_file_ref idref="fl-6"/>
      </object_component>
      <object_component id="oc-1e6">
         <name>.debug_info</name>
         <load_address>0x3260</load_address>
         <run_address>0x3260</run_address>
         <size>0x141</size>
         <input_file_ref idref="fl-6"/>
      </object_component>
      <object_component id="oc-dc">
         <name>.debug_info</name>
         <load_address>0x33a1</load_address>
         <run_address>0x33a1</run_address>
         <size>0x128f</size>
         <input_file_ref idref="fl-6"/>
      </object_component>
      <object_component id="oc-164">
         <name>.debug_info</name>
         <load_address>0x4630</load_address>
         <run_address>0x4630</run_address>
         <size>0x12b</size>
         <input_file_ref idref="fl-7"/>
      </object_component>
      <object_component id="oc-15b">
         <name>.debug_info</name>
         <load_address>0x475b</load_address>
         <run_address>0x475b</run_address>
         <size>0x10e</size>
         <input_file_ref idref="fl-7"/>
      </object_component>
      <object_component id="oc-15e">
         <name>.debug_info</name>
         <load_address>0x4869</load_address>
         <run_address>0x4869</run_address>
         <size>0x11f</size>
         <input_file_ref idref="fl-7"/>
      </object_component>
      <object_component id="oc-161">
         <name>.debug_info</name>
         <load_address>0x4988</load_address>
         <run_address>0x4988</run_address>
         <size>0x11d</size>
         <input_file_ref idref="fl-7"/>
      </object_component>
      <object_component id="oc-89">
         <name>.debug_info</name>
         <load_address>0x4aa5</load_address>
         <run_address>0x4aa5</run_address>
         <size>0x1662</size>
         <input_file_ref idref="fl-7"/>
      </object_component>
      <object_component id="oc-12e">
         <name>.debug_info</name>
         <load_address>0x6107</load_address>
         <run_address>0x6107</run_address>
         <size>0x2c</size>
         <input_file_ref idref="fl-7"/>
      </object_component>
      <object_component id="oc-25">
         <name>.debug_info</name>
         <load_address>0x6133</load_address>
         <run_address>0x6133</run_address>
         <size>0x161</size>
         <input_file_ref idref="fl-c2"/>
      </object_component>
      <object_component id="oc-45">
         <name>.debug_info</name>
         <load_address>0x6294</load_address>
         <run_address>0x6294</run_address>
         <size>0x141</size>
         <input_file_ref idref="fl-c3"/>
      </object_component>
      <object_component id="oc-14">
         <name>.debug_info</name>
         <load_address>0x63d5</load_address>
         <run_address>0x63d5</run_address>
         <size>0x1e0</size>
         <input_file_ref idref="fl-c3"/>
      </object_component>
      <object_component id="oc-40">
         <name>.debug_info</name>
         <load_address>0x65b5</load_address>
         <run_address>0x65b5</run_address>
         <size>0x46</size>
         <input_file_ref idref="fl-c3"/>
      </object_component>
      <object_component id="oc-124">
         <name>.debug_info</name>
         <load_address>0x65fb</load_address>
         <run_address>0x65fb</run_address>
         <size>0x2c</size>
         <input_file_ref idref="fl-c3"/>
      </object_component>
      <object_component id="oc-4d">
         <name>.debug_info</name>
         <load_address>0x6627</load_address>
         <run_address>0x6627</run_address>
         <size>0x135</size>
         <input_file_ref idref="fl-c4"/>
      </object_component>
      <object_component id="oc-48">
         <name>.debug_info</name>
         <load_address>0x675c</load_address>
         <run_address>0x675c</run_address>
         <size>0x248</size>
         <input_file_ref idref="fl-c4"/>
      </object_component>
      <object_component id="oc-1b">
         <name>.debug_info</name>
         <load_address>0x69a4</load_address>
         <run_address>0x69a4</run_address>
         <size>0x1b2</size>
         <input_file_ref idref="fl-c4"/>
      </object_component>
      <object_component id="oc-4e">
         <name>.debug_info</name>
         <load_address>0x6b56</load_address>
         <run_address>0x6b56</run_address>
         <size>0x39</size>
         <input_file_ref idref="fl-c4"/>
      </object_component>
      <object_component id="oc-14f">
         <name>.debug_info</name>
         <load_address>0x6b8f</load_address>
         <run_address>0x6b8f</run_address>
         <size>0x235</size>
         <input_file_ref idref="fl-c6"/>
      </object_component>
      <object_component id="oc-149">
         <name>.debug_info</name>
         <load_address>0x6dc4</load_address>
         <run_address>0x6dc4</run_address>
         <size>0x186</size>
         <input_file_ref idref="fl-c6"/>
      </object_component>
      <object_component id="oc-79">
         <name>.debug_info</name>
         <load_address>0x6f4a</load_address>
         <run_address>0x6f4a</run_address>
         <size>0x215</size>
         <input_file_ref idref="fl-c6"/>
      </object_component>
      <object_component id="oc-99">
         <name>.debug_info</name>
         <load_address>0x715f</load_address>
         <run_address>0x715f</run_address>
         <size>0x133</size>
         <input_file_ref idref="fl-c7"/>
      </object_component>
      <object_component id="oc-94">
         <name>.debug_info</name>
         <load_address>0x7292</load_address>
         <run_address>0x7292</run_address>
         <size>0x133</size>
         <input_file_ref idref="fl-c8"/>
      </object_component>
      <object_component id="oc-9e">
         <name>.debug_info</name>
         <load_address>0x73c5</load_address>
         <run_address>0x73c5</run_address>
         <size>0x137</size>
         <input_file_ref idref="fl-c9"/>
      </object_component>
      <object_component id="oc-b0">
         <name>.debug_info</name>
         <load_address>0x74fc</load_address>
         <run_address>0x74fc</run_address>
         <size>0x139</size>
         <input_file_ref idref="fl-ca"/>
      </object_component>
      <object_component id="oc-a9">
         <name>.debug_info</name>
         <load_address>0x7635</load_address>
         <run_address>0x7635</run_address>
         <size>0x133</size>
         <input_file_ref idref="fl-cb"/>
      </object_component>
      <object_component id="oc-b3">
         <name>.debug_info</name>
         <load_address>0x7768</load_address>
         <run_address>0x7768</run_address>
         <size>0x127</size>
         <input_file_ref idref="fl-cc"/>
      </object_component>
      <object_component id="oc-ca">
         <name>.debug_info</name>
         <load_address>0x788f</load_address>
         <run_address>0x788f</run_address>
         <size>0x139</size>
         <input_file_ref idref="fl-cd"/>
      </object_component>
      <object_component id="oc-91">
         <name>.debug_info</name>
         <load_address>0x79c8</load_address>
         <run_address>0x79c8</run_address>
         <size>0x125</size>
         <input_file_ref idref="fl-ce"/>
      </object_component>
      <object_component id="oc-3b">
         <name>.debug_info</name>
         <load_address>0x7aed</load_address>
         <run_address>0x7aed</run_address>
         <size>0x112</size>
         <input_file_ref idref="fl-cf"/>
      </object_component>
      <object_component id="oc-54">
         <name>.debug_info</name>
         <load_address>0x7bff</load_address>
         <run_address>0x7bff</run_address>
         <size>0x140</size>
         <input_file_ref idref="fl-d0"/>
      </object_component>
      <object_component id="oc-63">
         <name>.debug_info</name>
         <load_address>0x7d3f</load_address>
         <run_address>0x7d3f</run_address>
         <size>0x139</size>
         <input_file_ref idref="fl-d1"/>
      </object_component>
      <object_component id="oc-69">
         <name>.debug_info</name>
         <load_address>0x7e78</load_address>
         <run_address>0x7e78</run_address>
         <size>0x149</size>
         <input_file_ref idref="fl-d2"/>
      </object_component>
      <object_component id="oc-18e">
         <name>.debug_info</name>
         <load_address>0x7fc1</load_address>
         <run_address>0x7fc1</run_address>
         <size>0x17f</size>
         <input_file_ref idref="fl-d3"/>
      </object_component>
      <object_component id="oc-a4">
         <name>.debug_info</name>
         <load_address>0x8140</load_address>
         <run_address>0x8140</run_address>
         <size>0x15b7</size>
         <input_file_ref idref="fl-d3"/>
      </object_component>
      <object_component id="oc-189">
         <name>.debug_info</name>
         <load_address>0x96f7</load_address>
         <run_address>0x96f7</run_address>
         <size>0x2c</size>
         <input_file_ref idref="fl-d3"/>
      </object_component>
      <object_component id="oc-193">
         <name>.debug_info</name>
         <load_address>0x9723</load_address>
         <run_address>0x9723</run_address>
         <size>0x17f</size>
         <input_file_ref idref="fl-d4"/>
      </object_component>
      <object_component id="oc-b9">
         <name>.debug_info</name>
         <load_address>0x98a2</load_address>
         <run_address>0x98a2</run_address>
         <size>0x1663</size>
         <input_file_ref idref="fl-d4"/>
      </object_component>
      <object_component id="oc-7e">
         <name>.debug_info</name>
         <load_address>0xaf05</load_address>
         <run_address>0xaf05</run_address>
         <size>0x10a</size>
         <input_file_ref idref="fl-d5"/>
      </object_component>
      <object_component id="oc-157">
         <name>.debug_info</name>
         <load_address>0xb00f</load_address>
         <run_address>0xb00f</run_address>
         <size>0x13b</size>
         <input_file_ref idref="fl-d6"/>
      </object_component>
      <object_component id="oc-235">
         <name>.debug_info</name>
         <load_address>0xb14a</load_address>
         <run_address>0xb14a</run_address>
         <size>0x125</size>
         <input_file_ref idref="fl-d7"/>
      </object_component>
      <object_component id="oc-14c">
         <name>.debug_info</name>
         <load_address>0xb26f</load_address>
         <run_address>0xb26f</run_address>
         <size>0x114</size>
         <input_file_ref idref="fl-d7"/>
      </object_component>
      <object_component id="oc-230">
         <name>.debug_info</name>
         <load_address>0xb383</load_address>
         <run_address>0xb383</run_address>
         <size>0x220</size>
         <input_file_ref idref="fl-d7"/>
      </object_component>
      <object_component id="oc-147">
         <name>.debug_info</name>
         <load_address>0xb5a3</load_address>
         <run_address>0xb5a3</run_address>
         <size>0x167</size>
         <input_file_ref idref="fl-d8"/>
      </object_component>
      <object_component id="oc-73">
         <name>.debug_info</name>
         <load_address>0xb70a</load_address>
         <run_address>0xb70a</run_address>
         <size>0x168</size>
         <input_file_ref idref="fl-d8"/>
      </object_component>
      <object_component id="oc-226">
         <name>.debug_info</name>
         <load_address>0xb872</load_address>
         <run_address>0xb872</run_address>
         <size>0x5e</size>
         <input_file_ref idref="fl-d8"/>
      </object_component>
      <object_component id="oc-145">
         <name>.debug_info</name>
         <load_address>0xb8d0</load_address>
         <run_address>0xb8d0</run_address>
         <size>0x2ea</size>
         <input_file_ref idref="fl-d9"/>
      </object_component>
      <object_component id="oc-6c">
         <name>.debug_info</name>
         <load_address>0xbbba</load_address>
         <run_address>0xbbba</run_address>
         <size>0x1cb</size>
         <input_file_ref idref="fl-d9"/>
      </object_component>
      <object_component id="oc-21a">
         <name>.debug_info</name>
         <load_address>0xbd85</load_address>
         <run_address>0xbd85</run_address>
         <size>0x39</size>
         <input_file_ref idref="fl-d9"/>
      </object_component>
      <object_component id="oc-21f">
         <name>.debug_info</name>
         <load_address>0xbdbe</load_address>
         <run_address>0xbdbe</run_address>
         <size>0xcd</size>
         <input_file_ref idref="fl-d9"/>
      </object_component>
      <object_component id="oc-216">
         <name>.debug_info</name>
         <load_address>0xbe8b</load_address>
         <run_address>0xbe8b</run_address>
         <size>0x1e1</size>
         <input_file_ref idref="fl-da"/>
      </object_component>
      <object_component id="oc-13a">
         <name>.debug_info</name>
         <load_address>0xc06c</load_address>
         <run_address>0xc06c</run_address>
         <size>0x184</size>
         <input_file_ref idref="fl-da"/>
      </object_component>
      <object_component id="oc-295">
         <name>.debug_info</name>
         <load_address>0xc1f0</load_address>
         <run_address>0xc1f0</run_address>
         <size>0x2c</size>
         <input_file_ref idref="fl-da"/>
      </object_component>
      <object_component id="oc-17a">
         <name>.debug_info</name>
         <load_address>0xc21c</load_address>
         <run_address>0xc21c</run_address>
         <size>0x145</size>
         <input_file_ref idref="fl-db"/>
      </object_component>
      <object_component id="oc-186">
         <name>.debug_info</name>
         <load_address>0xc361</load_address>
         <run_address>0xc361</run_address>
         <size>0x127</size>
         <input_file_ref idref="fl-dc"/>
      </object_component>
      <object_component id="oc-175">
         <name>.debug_info</name>
         <load_address>0xc488</load_address>
         <run_address>0xc488</run_address>
         <size>0x125</size>
         <input_file_ref idref="fl-dd"/>
      </object_component>
      <object_component id="oc-19f">
         <name>.debug_info</name>
         <load_address>0xc5ad</load_address>
         <run_address>0xc5ad</run_address>
         <size>0x148</size>
         <input_file_ref idref="fl-de"/>
      </object_component>
      <object_component id="oc-25f">
         <name>.debug_info</name>
         <load_address>0xc6f5</load_address>
         <run_address>0xc6f5</run_address>
         <size>0x201</size>
         <input_file_ref idref="fl-df"/>
      </object_component>
      <object_component id="oc-257">
         <name>.debug_info</name>
         <load_address>0xc8f6</load_address>
         <run_address>0xc8f6</run_address>
         <size>0x130</size>
         <input_file_ref idref="fl-df"/>
      </object_component>
      <object_component id="oc-17e">
         <name>.debug_info</name>
         <load_address>0xca26</load_address>
         <run_address>0xca26</run_address>
         <size>0x715</size>
         <input_file_ref idref="fl-df"/>
      </object_component>
      <object_component id="oc-2a9">
         <name>.debug_info</name>
         <load_address>0xd13b</load_address>
         <run_address>0xd13b</run_address>
         <size>0x135</size>
         <input_file_ref idref="fl-e0"/>
      </object_component>
      <object_component id="oc-24c">
         <name>.debug_info</name>
         <load_address>0xd270</load_address>
         <run_address>0xd270</run_address>
         <size>0x21f</size>
         <input_file_ref idref="fl-e0"/>
      </object_component>
      <object_component id="oc-2aa">
         <name>.debug_info</name>
         <load_address>0xd48f</load_address>
         <run_address>0xd48f</run_address>
         <size>0x39</size>
         <input_file_ref idref="fl-e0"/>
      </object_component>
      <object_component id="oc-2a7">
         <name>.debug_info</name>
         <load_address>0xd4c8</load_address>
         <run_address>0xd4c8</run_address>
         <size>0x17d</size>
         <input_file_ref idref="fl-e1"/>
      </object_component>
      <object_component id="oc-249">
         <name>.debug_info</name>
         <load_address>0xd645</load_address>
         <run_address>0xd645</run_address>
         <size>0x1e7</size>
         <input_file_ref idref="fl-e1"/>
      </object_component>
      <object_component id="oc-13f">
         <name>.debug_info</name>
         <load_address>0xd82c</load_address>
         <run_address>0xd82c</run_address>
         <size>0x146</size>
         <input_file_ref idref="fl-e2"/>
      </object_component>
      <object_component id="oc-2a4">
         <name>.debug_info</name>
         <load_address>0xd972</load_address>
         <run_address>0xd972</run_address>
         <size>0xf4</size>
         <input_file_ref idref="fl-e3"/>
      </object_component>
      <object_component id="oc-25a">
         <name>.debug_info</name>
         <load_address>0xda66</load_address>
         <run_address>0xda66</run_address>
         <size>0x121</size>
         <input_file_ref idref="fl-e4"/>
      </object_component>
      <object_component id="oc-252">
         <name>.debug_info</name>
         <load_address>0xdb87</load_address>
         <run_address>0xdb87</run_address>
         <size>0x123</size>
         <input_file_ref idref="fl-e4"/>
      </object_component>
      <object_component id="oc-29f">
         <name>.debug_info</name>
         <load_address>0xdcaa</load_address>
         <run_address>0xdcaa</run_address>
         <size>0x155</size>
         <input_file_ref idref="fl-e5"/>
      </object_component>
      <object_component id="oc-1ef">
         <name>.debug_info</name>
         <load_address>0xddff</load_address>
         <run_address>0xddff</run_address>
         <size>0x473</size>
         <input_file_ref idref="fl-e6"/>
      </object_component>
      <object_component id="oc-f2">
         <name>.debug_info</name>
         <load_address>0xe272</load_address>
         <run_address>0xe272</run_address>
         <size>0x21f</size>
         <input_file_ref idref="fl-e6"/>
      </object_component>
      <object_component id="oc-ee">
         <name>.debug_info</name>
         <load_address>0xe491</load_address>
         <run_address>0xe491</run_address>
         <size>0x217</size>
         <input_file_ref idref="fl-e6"/>
      </object_component>
      <object_component id="oc-f6">
         <name>.debug_info</name>
         <load_address>0xe6a8</load_address>
         <run_address>0xe6a8</run_address>
         <size>0x1f9</size>
         <input_file_ref idref="fl-e6"/>
      </object_component>
      <object_component id="oc-fa">
         <name>.debug_info</name>
         <load_address>0xe8a1</load_address>
         <run_address>0xe8a1</run_address>
         <size>0x1e4</size>
         <input_file_ref idref="fl-e6"/>
      </object_component>
      <object_component id="oc-e6">
         <name>.debug_info</name>
         <load_address>0xea85</load_address>
         <run_address>0xea85</run_address>
         <size>0x1e6</size>
         <input_file_ref idref="fl-e6"/>
      </object_component>
      <object_component id="oc-eb">
         <name>.debug_info</name>
         <load_address>0xec6b</load_address>
         <run_address>0xec6b</run_address>
         <size>0x1f1</size>
         <input_file_ref idref="fl-e6"/>
      </object_component>
      <object_component id="oc-1a6">
         <name>.debug_info</name>
         <load_address>0xee5c</load_address>
         <run_address>0xee5c</run_address>
         <size>0x84</size>
         <input_file_ref idref="fl-e6"/>
      </object_component>
      <object_component id="oc-208">
         <name>.debug_info</name>
         <load_address>0xeee0</load_address>
         <run_address>0xeee0</run_address>
         <size>0x2c</size>
         <input_file_ref idref="fl-e6"/>
      </object_component>
      <object_component id="oc-1aa">
         <name>.debug_info</name>
         <load_address>0xef0c</load_address>
         <run_address>0xef0c</run_address>
         <size>0x4cc</size>
         <input_file_ref idref="fl-e7"/>
      </object_component>
      <object_component id="oc-1ec">
         <name>.debug_info</name>
         <load_address>0xf3d8</load_address>
         <run_address>0xf3d8</run_address>
         <size>0x1b8</size>
         <input_file_ref idref="fl-e7"/>
      </object_component>
      <object_component id="oc-1ae">
         <name>.debug_info</name>
         <load_address>0xf590</load_address>
         <run_address>0xf590</run_address>
         <size>0x10e</size>
         <input_file_ref idref="fl-e7"/>
      </object_component>
      <object_component id="oc-e1">
         <name>.debug_info</name>
         <load_address>0xf69e</load_address>
         <run_address>0xf69e</run_address>
         <size>0x1ea</size>
         <input_file_ref idref="fl-e7"/>
      </object_component>
      <object_component id="oc-cf">
         <name>.debug_info</name>
         <load_address>0xf888</load_address>
         <run_address>0xf888</run_address>
         <size>0x1ca</size>
         <input_file_ref idref="fl-e7"/>
      </object_component>
      <object_component id="oc-d3">
         <name>.debug_info</name>
         <load_address>0xfa52</load_address>
         <run_address>0xfa52</run_address>
         <size>0x2e4</size>
         <input_file_ref idref="fl-e7"/>
      </object_component>
      <object_component id="oc-d7">
         <name>.debug_info</name>
         <load_address>0xfd36</load_address>
         <run_address>0xfd36</run_address>
         <size>0x1ea</size>
         <input_file_ref idref="fl-e7"/>
      </object_component>
      <object_component id="oc-26e">
         <name>.debug_info</name>
         <load_address>0xff20</load_address>
         <run_address>0xff20</run_address>
         <size>0x477</size>
         <input_file_ref idref="fl-e8"/>
      </object_component>
      <object_component id="oc-1cc">
         <name>.debug_info</name>
         <load_address>0x10397</load_address>
         <run_address>0x10397</run_address>
         <size>0x1af</size>
         <input_file_ref idref="fl-e8"/>
      </object_component>
      <object_component id="oc-1c0">
         <name>.debug_info</name>
         <load_address>0x10546</load_address>
         <run_address>0x10546</run_address>
         <size>0x1b1</size>
         <input_file_ref idref="fl-e8"/>
      </object_component>
      <object_component id="oc-1b9">
         <name>.debug_info</name>
         <load_address>0x106f7</load_address>
         <run_address>0x106f7</run_address>
         <size>0x261</size>
         <input_file_ref idref="fl-e8"/>
      </object_component>
      <object_component id="oc-1d0">
         <name>.debug_info</name>
         <load_address>0x10958</load_address>
         <run_address>0x10958</run_address>
         <size>0x1f9</size>
         <input_file_ref idref="fl-e8"/>
      </object_component>
      <object_component id="oc-1c4">
         <name>.debug_info</name>
         <load_address>0x10b51</load_address>
         <run_address>0x10b51</run_address>
         <size>0x396</size>
         <input_file_ref idref="fl-e8"/>
      </object_component>
      <object_component id="oc-1b1">
         <name>.debug_info</name>
         <load_address>0x10ee7</load_address>
         <run_address>0x10ee7</run_address>
         <size>0x1af</size>
         <input_file_ref idref="fl-e8"/>
      </object_component>
      <object_component id="oc-1ff">
         <name>.debug_info</name>
         <load_address>0x11096</load_address>
         <run_address>0x11096</run_address>
         <size>0x478</size>
         <input_file_ref idref="fl-e9"/>
      </object_component>
      <object_component id="oc-201">
         <name>.debug_info</name>
         <load_address>0x1150e</load_address>
         <run_address>0x1150e</run_address>
         <size>0x1bd</size>
         <input_file_ref idref="fl-e9"/>
      </object_component>
      <object_component id="oc-1fd">
         <name>.debug_info</name>
         <load_address>0x116cb</load_address>
         <run_address>0x116cb</run_address>
         <size>0x10f</size>
         <input_file_ref idref="fl-e9"/>
      </object_component>
      <object_component id="oc-105">
         <name>.debug_info</name>
         <load_address>0x117da</load_address>
         <run_address>0x117da</run_address>
         <size>0x22e</size>
         <input_file_ref idref="fl-e9"/>
      </object_component>
      <object_component id="oc-10e">
         <name>.debug_info</name>
         <load_address>0x11a08</load_address>
         <run_address>0x11a08</run_address>
         <size>0x1b3</size>
         <input_file_ref idref="fl-e9"/>
      </object_component>
      <object_component id="oc-10a">
         <name>.debug_info</name>
         <load_address>0x11bbb</load_address>
         <run_address>0x11bbb</run_address>
         <size>0x1d5</size>
         <input_file_ref idref="fl-e9"/>
      </object_component>
      <object_component id="oc-1fb">
         <name>.debug_info</name>
         <load_address>0x11d90</load_address>
         <run_address>0x11d90</run_address>
         <size>0x471</size>
         <input_file_ref idref="fl-ea"/>
      </object_component>
      <object_component id="oc-1b5">
         <name>.debug_info</name>
         <load_address>0x12201</load_address>
         <run_address>0x12201</run_address>
         <size>0x208</size>
         <input_file_ref idref="fl-ea"/>
      </object_component>
      <object_component id="oc-1f6">
         <name>.debug_info</name>
         <load_address>0x12409</load_address>
         <run_address>0x12409</run_address>
         <size>0x214</size>
         <input_file_ref idref="fl-ea"/>
      </object_component>
      <object_component id="oc-101">
         <name>.debug_info</name>
         <load_address>0x1261d</load_address>
         <run_address>0x1261d</run_address>
         <size>0x25a</size>
         <input_file_ref idref="fl-ea"/>
      </object_component>
      <object_component id="oc-1c8">
         <name>.debug_info</name>
         <load_address>0x12877</load_address>
         <run_address>0x12877</run_address>
         <size>0x1e8</size>
         <input_file_ref idref="fl-ea"/>
      </object_component>
      <object_component id="oc-1d4">
         <name>.debug_info</name>
         <load_address>0x12a5f</load_address>
         <run_address>0x12a5f</run_address>
         <size>0x1f6</size>
         <input_file_ref idref="fl-ea"/>
      </object_component>
      <object_component id="oc-fd">
         <name>.debug_info</name>
         <load_address>0x12c55</load_address>
         <run_address>0x12c55</run_address>
         <size>0x1f4</size>
         <input_file_ref idref="fl-ea"/>
      </object_component>
      <object_component id="oc-204">
         <name>.debug_info</name>
         <load_address>0x12e49</load_address>
         <run_address>0x12e49</run_address>
         <size>0x187</size>
         <input_file_ref idref="fl-eb"/>
      </object_component>
      <object_component id="oc-2e2">
         <name>.debug_info</name>
         <load_address>0x12fd0</load_address>
         <run_address>0x12fd0</run_address>
         <size>0xa6</size>
      </object_component>
      <object_component id="oc-19b">
         <name>.debug_line</name>
         <load_address>0x0</load_address>
         <run_address>0x0</run_address>
         <size>0x30</size>
         <input_file_ref idref="fl-2"/>
      </object_component>
      <object_component id="oc-86">
         <name>.debug_line</name>
         <load_address>0x30</load_address>
         <run_address>0x30</run_address>
         <size>0x65</size>
         <input_file_ref idref="fl-2"/>
      </object_component>
      <object_component id="oc-11a">
         <name>.debug_line</name>
         <load_address>0x95</load_address>
         <run_address>0x95</run_address>
         <size>0x20</size>
         <input_file_ref idref="fl-2"/>
      </object_component>
      <object_component id="oc-211">
         <name>.debug_line</name>
         <load_address>0xb5</load_address>
         <run_address>0xb5</run_address>
         <size>0x69</size>
         <input_file_ref idref="fl-2"/>
      </object_component>
      <object_component id="oc-214">
         <name>.debug_line</name>
         <load_address>0x11e</load_address>
         <run_address>0x11e</run_address>
         <size>0x37</size>
         <input_file_ref idref="fl-3"/>
      </object_component>
      <object_component id="oc-267">
         <name>.debug_line</name>
         <load_address>0x155</load_address>
         <run_address>0x155</run_address>
         <size>0x37</size>
         <input_file_ref idref="fl-3"/>
      </object_component>
      <object_component id="oc-bf">
         <name>.debug_line</name>
         <load_address>0x18c</load_address>
         <run_address>0x18c</run_address>
         <size>0x2cc</size>
         <input_file_ref idref="fl-3"/>
      </object_component>
      <object_component id="oc-11d">
         <name>.debug_line</name>
         <load_address>0x458</load_address>
         <run_address>0x458</run_address>
         <size>0x3d</size>
         <input_file_ref idref="fl-4"/>
      </object_component>
      <object_component id="oc-38">
         <name>.debug_line</name>
         <load_address>0x495</load_address>
         <run_address>0x495</run_address>
         <size>0x3d</size>
         <input_file_ref idref="fl-4"/>
      </object_component>
      <object_component id="oc-2e">
         <name>.debug_line</name>
         <load_address>0x4d2</load_address>
         <run_address>0x4d2</run_address>
         <size>0x9d</size>
         <input_file_ref idref="fl-4"/>
      </object_component>
      <object_component id="oc-121">
         <name>.debug_line</name>
         <load_address>0x56f</load_address>
         <run_address>0x56f</run_address>
         <size>0x82</size>
         <input_file_ref idref="fl-4"/>
      </object_component>
      <object_component id="oc-20d">
         <name>.debug_line</name>
         <load_address>0x5f1</load_address>
         <run_address>0x5f1</run_address>
         <size>0x295</size>
         <input_file_ref idref="fl-5"/>
      </object_component>
      <object_component id="oc-19d">
         <name>.debug_line</name>
         <load_address>0x886</load_address>
         <run_address>0x886</run_address>
         <size>0x2d</size>
         <input_file_ref idref="fl-5"/>
      </object_component>
      <object_component id="oc-32">
         <name>.debug_line</name>
         <load_address>0x8b3</load_address>
         <run_address>0x8b3</run_address>
         <size>0x12b</size>
         <input_file_ref idref="fl-5"/>
      </object_component>
      <object_component id="oc-16d">
         <name>.debug_line</name>
         <load_address>0x9de</load_address>
         <run_address>0x9de</run_address>
         <size>0x6a</size>
         <input_file_ref idref="fl-5"/>
      </object_component>
      <object_component id="oc-168">
         <name>.debug_line</name>
         <load_address>0xa48</load_address>
         <run_address>0xa48</run_address>
         <size>0x82</size>
         <input_file_ref idref="fl-5"/>
      </object_component>
      <object_component id="oc-284">
         <name>.debug_line</name>
         <load_address>0xaca</load_address>
         <run_address>0xaca</run_address>
         <size>0x102</size>
         <input_file_ref idref="fl-6"/>
      </object_component>
      <object_component id="oc-272">
         <name>.debug_line</name>
         <load_address>0xbcc</load_address>
         <run_address>0xbcc</run_address>
         <size>0x83</size>
         <input_file_ref idref="fl-6"/>
      </object_component>
      <object_component id="oc-27a">
         <name>.debug_line</name>
         <load_address>0xc4f</load_address>
         <run_address>0xc4f</run_address>
         <size>0x83</size>
         <input_file_ref idref="fl-6"/>
      </object_component>
      <object_component id="oc-27e">
         <name>.debug_line</name>
         <load_address>0xcd2</load_address>
         <run_address>0xcd2</run_address>
         <size>0x83</size>
         <input_file_ref idref="fl-6"/>
      </object_component>
      <object_component id="oc-27c">
         <name>.debug_line</name>
         <load_address>0xd55</load_address>
         <run_address>0xd55</run_address>
         <size>0x83</size>
         <input_file_ref idref="fl-6"/>
      </object_component>
      <object_component id="oc-280">
         <name>.debug_line</name>
         <load_address>0xdd8</load_address>
         <run_address>0xdd8</run_address>
         <size>0x83</size>
         <input_file_ref idref="fl-6"/>
      </object_component>
      <object_component id="oc-282">
         <name>.debug_line</name>
         <load_address>0xe5b</load_address>
         <run_address>0xe5b</run_address>
         <size>0x83</size>
         <input_file_ref idref="fl-6"/>
      </object_component>
      <object_component id="oc-df">
         <name>.debug_line</name>
         <load_address>0xede</load_address>
         <run_address>0xede</run_address>
         <size>0x2d0</size>
         <input_file_ref idref="fl-6"/>
      </object_component>
      <object_component id="oc-242">
         <name>.debug_line</name>
         <load_address>0x11ae</load_address>
         <run_address>0x11ae</run_address>
         <size>0x20</size>
         <input_file_ref idref="fl-7"/>
      </object_component>
      <object_component id="oc-23c">
         <name>.debug_line</name>
         <load_address>0x11ce</load_address>
         <run_address>0x11ce</run_address>
         <size>0x6a</size>
         <input_file_ref idref="fl-7"/>
      </object_component>
      <object_component id="oc-23e">
         <name>.debug_line</name>
         <load_address>0x1238</load_address>
         <run_address>0x1238</run_address>
         <size>0x6a</size>
         <input_file_ref idref="fl-7"/>
      </object_component>
      <object_component id="oc-240">
         <name>.debug_line</name>
         <load_address>0x12a2</load_address>
         <run_address>0x12a2</run_address>
         <size>0x6a</size>
         <input_file_ref idref="fl-7"/>
      </object_component>
      <object_component id="oc-8c">
         <name>.debug_line</name>
         <load_address>0x130c</load_address>
         <run_address>0x130c</run_address>
         <size>0x5ac</size>
         <input_file_ref idref="fl-7"/>
      </object_component>
      <object_component id="oc-131">
         <name>.debug_line</name>
         <load_address>0x18b8</load_address>
         <run_address>0x18b8</run_address>
         <size>0x82</size>
         <input_file_ref idref="fl-7"/>
      </object_component>
      <object_component id="oc-28">
         <name>.debug_line</name>
         <load_address>0x193a</load_address>
         <run_address>0x193a</run_address>
         <size>0x4d</size>
         <input_file_ref idref="fl-c2"/>
      </object_component>
      <object_component id="oc-12a">
         <name>.debug_line</name>
         <load_address>0x1987</load_address>
         <run_address>0x1987</run_address>
         <size>0x8a</size>
         <input_file_ref idref="fl-c3"/>
      </object_component>
      <object_component id="oc-16">
         <name>.debug_line</name>
         <load_address>0x1a11</load_address>
         <run_address>0x1a11</run_address>
         <size>0x55</size>
         <input_file_ref idref="fl-c3"/>
      </object_component>
      <object_component id="oc-43">
[...]
         <object_component_ref idref="oc-bd"/>
      </symbol>
      <symbol id="sm-ae">
         <name>g_pucFont</name>
         <value>0x5380</value>
         <object_component_ref idref="oc-194"/>
      </symbol>
      <symbol id="sm-cf">
         <name>ResetISR</name>
         <value>0x513d</value>
         <object_component_ref idref="oc-2b"/>
      </symbol>
      <symbol id="sm-d0">
         <name>g_pfnVectors</name>
         <value>0x0</value>
         <object_component_ref idref="oc-f"/>
      </symbol>
      <symbol id="sm-129">
         <name>g_ulSystemClock</name>
         <value>0x20001824</value>
      </symbol>
      <symbol id="sm-12a">
         <name>printTime</name>
         <value>0x397d</value>
         <object_component_ref idref="oc-31"/>
      </symbol>
      <symbol id="sm-12b">
         <name>TimerISR</name>
         <value>0x38ed</value>
         <object_component_ref idref="oc-31"/>
      </symbol>
      <symbol id="sm-12c">
         <name>g_ulTime</name>
         <value>0x20002034</value>
         <object_component_ref idref="oc-c6"/>
      </symbol>
      <symbol id="sm-12d">
         <name>drawClock</name>
         <value>0x39dd</value>
         <object_component_ref idref="oc-31"/>
      </symbol>
      <symbol id="sm-12e">
         <name>main</name>
         <value>0x3c51</value>
         <object_component_ref idref="oc-31"/>
      </symbol>
      <symbol id="sm-12f">
         <name>drawFrame</name>
         <value>0x3b89</value>
         <object_component_ref idref="oc-31"/>
      </symbol>
      <symbol id="sm-1ae">
         <name>RIT128x96x4StringDraw</name>
         <value>0x3545</value>
         <object_component_ref idref="oc-da"/>
      </symbol>
      <symbol id="sm-1af">
         <name>RIT128x96x4DisplayOn</name>
         <value>0x3889</value>
         <object_component_ref idref="oc-da"/>
      </symbol>
      <symbol id="sm-1b0">
         <name>RIT128x96x4Enable</name>
         <value>0x3709</value>
         <object_component_ref idref="oc-da"/>
      </symbol>
      <symbol id="sm-1b1">
         <name>RIT128x96x4Clear</name>
         <value>0x34e9</value>
         <object_component_ref idref="oc-da"/>
      </symbol>
      <symbol id="sm-1b2">
         <name>RIT128x96x4Disable</name>
         <value>0x3763</value>
         <object_component_ref idref="oc-da"/>
      </symbol>
      <symbol id="sm-1b3">
         <name>RIT128x96x4DisplayOff</name>
         <value>0x38bd</value>
         <object_component_ref idref="oc-da"/>
      </symbol>
      <symbol id="sm-1b4">
         <name>RIT128x96x4ImageDraw</name>
         <value>0x3681</value>
         <object_component_ref idref="oc-da"/>
      </symbol>
      <symbol id="sm-1b5">
         <name>RIT128x96x4Init</name>
         <value>0x37dd</value>
         <object_component_ref idref="oc-da"/>
      </symbol>
      <symbol id="sm-272">
         <name>uvsnprintf</name>
         <value>0x1c65</value>
         <object_component_ref idref="oc-88"/>
      </symbol>
      <symbol id="sm-273">
         <name>ustrncpy</name>
         <value>0x1c0d</value>
         <object_component_ref idref="oc-88"/>
      </symbol>
      <symbol id="sm-274">
         <name>ustrlen</name>
         <value>0x24a5</value>
         <object_component_ref idref="oc-88"/>
      </symbol>
      <symbol id="sm-275">
         <name>ulocaltime</name>
         <value>0x20f1</value>
         <object_component_ref idref="oc-88"/>
      </symbol>
      <symbol id="sm-276">
         <name>ustrstr</name>
         <value>0x24c7</value>
         <object_component_ref idref="oc-88"/>
      </symbol>
      <symbol id="sm-277">
         <name>ustrcmp</name>
         <value>0x260d</value>
         <object_component_ref idref="oc-88"/>
      </symbol>
      <symbol id="sm-278">
         <name>usprintf</name>
         <value>0x208f</value>
         <object_component_ref idref="oc-88"/>
      </symbol>
      <symbol id="sm-279">
         <name>usnprintf</name>
         <value>0x20c1</value>
         <object_component_ref idref="oc-88"/>
      </symbol>
      <symbol id="sm-27a">
         <name>ustrtoul</name>
         <value>0x236d</value>
         <object_component_ref idref="oc-88"/>
      </symbol>
      <symbol id="sm-27b">
         <name>ustrcasecmp</name>
         <value>0x2599</value>
         <object_component_ref idref="oc-88"/>
      </symbol>
      <symbol id="sm-27c">
         <name>ustrnicmp</name>
         <value>0x24f9</value>
         <object_component_ref idref="oc-88"/>
      </symbol>
      <symbol id="sm-27d">
         <name>umktime</name>
         <value>0x22f3</value>
         <object_component_ref idref="oc-88"/>
      </symbol>
      <symbol id="sm-27e">
         <name>usrand</name>
         <value>0x2621</value>
         <object_component_ref idref="oc-88"/>
      </symbol>
      <symbol id="sm-27f">
         <name>ustrncmp</name>
         <value>0x25ad</value>
         <object_component_ref idref="oc-88"/>
      </symbol>
      <symbol id="sm-280">
         <name>urand</name>
         <value>0x2631</value>
         <object_component_ref idref="oc-88"/>
      </symbol>
      <symbol id="sm-290">
         <name>_c_int00</name>
         <value>0x4ec9</value>
         <object_component_ref idref="oc-24"/>
      </symbol>
      <symbol id="sm-291">
         <name>__stack</name>
         <value>0x20001828</value>
         <object_component_ref idref="oc-2a"/>
      </symbol>
      <symbol id="sm-2a8">
         <name>__TI_decompress_none</name>
         <value>0x5117</value>
         <object_component_ref idref="oc-12"/>
      </symbol>
      <symbol id="sm-2cb">
         <name>__TI_decompress_rle24</name>
         <value>0x5195</value>
         <object_component_ref idref="oc-18"/>
      </symbol>
      <symbol id="sm-2ed">
         <name>C$$EXIT</name>
         <value>0x4d9d</value>
         <object_component_ref idref="oc-77"/>
      </symbol>
      <symbol id="sm-2ee">
         <name>abort</name>
         <value>0x4da1</value>
         <object_component_ref idref="oc-77"/>
      </symbol>
      <symbol id="sm-2ef">
         <name>exit</name>
         <value>0x4da9</value>
         <object_component_ref idref="oc-77"/>
      </symbol>
      <symbol id="sm-2f0">
         <name>__TI_dtors_ptr</name>
         <value>0x2000202c</value>
         <object_component_ref idref="oc-148"/>
      </symbol>
      <symbol id="sm-2f1">
         <name>__TI_cleanup_ptr</name>
         <value>0x20002028</value>
         <object_component_ref idref="oc-148"/>
      </symbol>
      <symbol id="sm-2f2">
         <name>__TI_enable_exit_profile_output</name>
         <value>0x20002030</value>
         <object_component_ref idref="oc-148"/>
      </symbol>
      <symbol id="sm-306">
         <name>__aeabi_ddiv</name>
         <value>0x4251</value>
         <object_component_ref idref="oc-98"/>
      </symbol>
      <symbol id="sm-311">
         <name>__aeabi_dmul</name>
         <value>0x4387</value>
         <object_component_ref idref="oc-93"/>
      </symbol>
      <symbol id="sm-31d">
         <name>__aeabi_d2f</name>
         <value>0x4ba9</value>
         <object_component_ref idref="oc-9d"/>
      </symbol>
      <symbol id="sm-32e">
         <name>__aeabi_fadd</name>
         <value>0x4487</value>
         <object_component_ref idref="oc-ad"/>
      </symbol>
      <symbol id="sm-32f">
         <name>__aeabi_fsub</name>
         <value>0x4483</value>
         <object_component_ref idref="oc-ad"/>
      </symbol>
      <symbol id="sm-339">
         <name>__aeabi_fmul</name>
         <value>0x4a45</value>
         <object_component_ref idref="oc-a8"/>
      </symbol>
      <symbol id="sm-343">
         <name>__aeabi_f2iz</name>
         <value>0x4f81</value>
         <object_component_ref idref="oc-b2"/>
      </symbol>
      <symbol id="sm-352">
         <name>__aeabi_idivmod</name>
         <value>0x4ce5</value>
         <object_component_ref idref="oc-c9"/>
      </symbol>
      <symbol id="sm-353">
         <name>__aeabi_idiv</name>
         <value>0x4ce5</value>
         <object_component_ref idref="oc-c9"/>
      </symbol>
      <symbol id="sm-35d">
         <name>__aeabi_i2d</name>
         <value>0x4fe7</value>
         <object_component_ref idref="oc-8e"/>
      </symbol>
      <symbol id="sm-378">
         <name>memcpy</name>
         <value>0x4809</value>
         <object_component_ref idref="oc-3a"/>
      </symbol>
      <symbol id="sm-379">
         <name>__aeabi_memcpy</name>
         <value>0x4809</value>
         <object_component_ref idref="oc-3a"/>
      </symbol>
      <symbol id="sm-37a">
         <name>__aeabi_memcpy8</name>
         <value>0x4809</value>
         <object_component_ref idref="oc-3a"/>
      </symbol>
      <symbol id="sm-37b">
         <name>__aeabi_memcpy4</name>
         <value>0x4809</value>
         <object_component_ref idref="oc-3a"/>
      </symbol>
      <symbol id="sm-38a">
         <name>__aeabi_memset</name>
         <value>0x4ac1</value>
         <object_component_ref idref="oc-53"/>
      </symbol>
      <symbol id="sm-38b">
         <name>memset</name>
         <value>0x4ac7</value>
         <object_component_ref idref="oc-53"/>
      </symbol>
      <symbol id="sm-38c">
         <name>__aeabi_memset8</name>
         <value>0x4ac1</value>
         <object_component_ref idref="oc-53"/>
      </symbol>
      <symbol id="sm-38d">
         <name>__aeabi_memset4</name>
         <value>0x4ac1</value>
         <object_component_ref idref="oc-53"/>
      </symbol>
      <symbol id="sm-38e">
         <name>__aeabi_memclr8</name>
         <value>0x4abf</value>
         <object_component_ref idref="oc-53"/>
      </symbol>
      <symbol id="sm-38f">
         <name>__aeabi_memclr4</name>
         <value>0x4abf</value>
         <object_component_ref idref="oc-53"/>
      </symbol>
      <symbol id="sm-390">
         <name>__aeabi_memclr</name>
         <value>0x4abf</value>
         <object_component_ref idref="oc-53"/>
      </symbol>
      <symbol id="sm-39a">
         <name>__mpu_init</name>
         <value>0x4d43</value>
         <object_component_ref idref="oc-5f"/>
      </symbol>
      <symbol id="sm-3a4">
         <name>_system_pre_init</name>
         <value>0x519b</value>
         <object_component_ref idref="oc-65"/>
      </symbol>
      <symbol id="sm-3f8">
         <name>cosf</name>
         <value>0xf1</value>
         <object_component_ref idref="oc-a2"/>
      </symbol>
      <symbol id="sm-447">
         <name>sinf</name>
         <value>0xea5</value>
         <object_component_ref idref="oc-b7"/>
      </symbol>
      <symbol id="sm-44f">
         <name>main_func_sp</name>
         <value>0x2000204c</value>
         <object_component_ref idref="oc-7d"/>
      </symbol>
      <symbol id="sm-45e">
         <name>__aeabi_uidivmod</name>
         <value>0x4f09</value>
         <object_component_ref idref="oc-155"/>
      </symbol>
      <symbol id="sm-45f">
         <name>__aeabi_uidiv</name>
         <value>0x4f09</value>
         <object_component_ref idref="oc-155"/>
      </symbol>
      <symbol id="sm-478">
         <name>_nop</name>
         <value>0x5097</value>
         <object_component_ref idref="oc-22d"/>
      </symbol>
      <symbol id="sm-479">
         <name>_lock</name>
         <value>0x20002040</value>
         <object_component_ref idref="oc-14b"/>
      </symbol>
      <symbol id="sm-47a">
         <name>_unlock</name>
         <value>0x20002044</value>
         <object_component_ref idref="oc-14b"/>
      </symbol>
      <symbol id="sm-47b">
         <name>_register_lock</name>
         <value>0x508f</value>
         <object_component_ref idref="oc-22d"/>
      </symbol>
      <symbol id="sm-47c">
         <name>_register_unlock</name>
         <value>0x5089</value>
         <object_component_ref idref="oc-22d"/>
      </symbol>
      <symbol id="sm-490">
         <name>_args_main</name>
         <value>0x505d</value>
         <object_component_ref idref="oc-71"/>
      </symbol>
      <symbol id="sm-4b5">
         <name>__TI_auto_init</name>
         <value>0x4b39</value>
         <object_component_ref idref="oc-6b"/>
      </symbol>
      <symbol id="sm-4cf">
         <name>copy_in</name>
         <value>0x4df1</value>
         <object_component_ref idref="oc-138"/>
      </symbol>
      <symbol id="sm-4e6">
         <name>__aeabi_dsub</name>
         <value>0x3dbd</value>
         <object_component_ref idref="oc-178"/>
      </symbol>
      <symbol id="sm-4e7">
         <name>__aeabi_dadd</name>
         <value>0x3dc7</value>
         <object_component_ref idref="oc-178"/>
      </symbol>
      <symbol id="sm-4f1">
         <name>__aeabi_d2iz</name>
         <value>0x4e3d</value>
         <object_component_ref idref="oc-183"/>
      </symbol>
      <symbol id="sm-4fc">
         <name>__aeabi_f2d</name>
         <value>0x4f49</value>
         <object_component_ref idref="oc-173"/>
      </symbol>
      <symbol id="sm-506">
         <name>__aeabi_idiv0</name>
         <value>0x3f73</value>
         <object_component_ref idref="oc-19e"/>
      </symbol>
      <symbol id="sm-569">
         <name>__kernel_rem_pio2</name>
         <value>0x2655</value>
         <object_component_ref idref="oc-17d"/>
      </symbol>
      <symbol id="sm-58b">
         <name>floorl</name>
         <value>0x457d</value>
         <object_component_ref idref="oc-24b"/>
      </symbol>
      <symbol id="sm-58c">
         <name>floor</name>
         <value>0x457d</value>
         <object_component_ref idref="oc-24b"/>
      </symbol>
      <symbol id="sm-5aa">
         <name>scalbn</name>
         <value>0x4671</value>
         <object_component_ref idref="oc-245"/>
      </symbol>
      <symbol id="sm-5ab">
         <name>scalbnl</name>
         <value>0x4671</value>
         <object_component_ref idref="oc-245"/>
      </symbol>
      <symbol id="sm-5ac">
         <name>ldexpl</name>
         <value>0x4671</value>
         <object_component_ref idref="oc-245"/>
      </symbol>
      <symbol id="sm-5ad">
         <name>ldexp</name>
         <value>0x4671</value>
         <object_component_ref idref="oc-245"/>
      </symbol>
      <symbol id="sm-5b7">
         <name>_system_post_cinit</name>
         <value>0x519f</value>
         <object_component_ref idref="oc-13e"/>
      </symbol>
      <symbol id="sm-5bf">
         <name>errno</name>
         <value>0x20002048</value>
         <object_component_ref idref="oc-2a3"/>
      </symbol>
      <symbol id="sm-5e1">
         <name>__aeabi_cdcmpeq</name>
         <value>0x4939</value>
         <object_component_ref idref="oc-259"/>
      </symbol>
      <symbol id="sm-5e2">
         <name>__aeabi_cdcmple</name>
         <value>0x4939</value>
         <object_component_ref idref="oc-259"/>
      </symbol>
      <symbol id="sm-5e3">
         <name>__aeabi_cdrcmple</name>
         <value>0x49bf</value>
         <object_component_ref idref="oc-251"/>
      </symbol>
      <symbol id="sm-5ed">
         <name>copysign</name>
         <value>0x5181</value>
         <object_component_ref idref="oc-29d"/>
      </symbol>
      <symbol id="sm-5ee">
         <name>copysignl</name>
         <value>0x5181</value>
         <object_component_ref idref="oc-29d"/>
      </symbol>
      <symbol id="sm-627">
         <name>TimerLoadSet</name>
         <value>0x50e5</value>
         <object_component_ref idref="oc-ec"/>
      </symbol>
      <symbol id="sm-628">
         <name>TimerDisable</name>
         <value>0x5075</value>
         <object_component_ref idref="oc-e4"/>
      </symbol>
      <symbol id="sm-629">
         <name>TimerEnable</name>
         <value>0x5109</value>
         <object_component_ref idref="oc-f8"/>
      </symbol>
      <symbol id="sm-62a">
         <name>TimerPrescaleSet</name>
         <value>0x50f7</value>
         <object_component_ref idref="oc-f0"/>
      </symbol>
      <symbol id="sm-62b">
         <name>TimerIntEnable</name>
         <value>0x5179</value>
         <object_component_ref idref="oc-f4"/>
      </symbol>
      <symbol id="sm-62c">
         <name>TimerConfigure</name>
         <value>0x5039</value>
         <object_component_ref idref="oc-e8"/>
      </symbol>
      <symbol id="sm-6a5">
         <name>SysCtlClockSet</name>
         <value>0x410d</value>
         <object_component_ref idref="oc-d2"/>
      </symbol>
      <symbol id="sm-6a6">
         <name>SysCtlLDOSet</name>
         <value>0x5131</value>
         <object_component_ref idref="oc-ce"/>
      </symbol>
      <symbol id="sm-6a7">
         <name>SysCtlDelay</name>
         <value>0x518f</value>
         <object_component_ref idref="oc-1ab"/>
      </symbol>
      <symbol id="sm-6a8">
         <name>SysCtlPeripheralEnable</name>
         <value>0x4d45</value>
         <object_component_ref idref="oc-e0"/>
      </symbol>
      <symbol id="sm-6a9">
         <name>SysCtlClockGet</name>
         <value>0x3f75</value>
         <object_component_ref idref="oc-d6"/>
      </symbol>
      <symbol id="sm-6dd">
         <name>SSIDataPut</name>
         <value>0x5153</value>
         <object_component_ref idref="oc-1b8"/>
      </symbol>
      <symbol id="sm-6de">
         <name>SSIDataGetNonBlocking</name>
         <value>0x50d3</value>
         <object_component_ref idref="oc-1cf"/>
      </symbol>
      <symbol id="sm-6df">
         <name>SSIConfigSetExpClk</name>
         <value>0x4e85</value>
         <object_component_ref idref="oc-1c3"/>
      </symbol>
      <symbol id="sm-6e0">
         <name>SSIEnable</name>
         <value>0x5167</value>
         <object_component_ref idref="oc-1cb"/>
      </symbol>
      <symbol id="sm-6e1">
         <name>SSIBusy</name>
         <value>0x5171</value>
         <object_component_ref idref="oc-1b0"/>
      </symbol>
      <symbol id="sm-6e2">
         <name>SSIDisable</name>
         <value>0x515d</value>
         <object_component_ref idref="oc-1bf"/>
      </symbol>
      <symbol id="sm-718">
         <name>IntPrioritySet</name>
         <value>0x5015</value>
         <object_component_ref idref="oc-104"/>
      </symbol>
      <symbol id="sm-719">
         <name>IntEnable</name>
         <value>0x4c81</value>
         <object_component_ref idref="oc-108"/>
      </symbol>
      <symbol id="sm-71a">
         <name>IntMasterEnable</name>
         <value>0x5149</value>
         <object_component_ref idref="oc-10c"/>
      </symbol>
      <symbol id="sm-759">
         <name>GPIOPinTypeGPIOInput</name>
         <value>0x509d</value>
         <object_component_ref idref="oc-fc"/>
      </symbol>
      <symbol id="sm-75a">
         <name>GPIOPinTypeGPIOOutput</name>
         <value>0x50af</value>
         <object_component_ref idref="oc-1d3"/>
      </symbol>
      <symbol id="sm-75b">
         <name>GPIODirModeSet</name>
         <value>0x4fb9</value>
         <object_component_ref idref="oc-1f5"/>
      </symbol>
      <symbol id="sm-75c">
         <name>GPIOPinWrite</name>
         <value>0x5189</value>
         <object_component_ref idref="oc-1b4"/>
      </symbol>
      <symbol id="sm-75d">
         <name>GPIOPadConfigSet</name>
         <value>0x4741</value>
         <object_component_ref idref="oc-100"/>
      </symbol>
      <symbol id="sm-75e">
         <name>GPIOPinTypeSSI</name>
         <value>0x50c1</value>
         <object_component_ref idref="oc-1c7"/>
      </symbol>
      <symbol id="sm-766">
         <name>CPUcpsie</name>
         <value>0x5125</value>
         <object_component_ref idref="oc-203"/>
      </symbol>
      <symbol id="sm-767">
         <name>__TI_static_base__</name>
         <value>0x0</value>
      </symbol>
      <symbol id="sm-76a">
         <name>SHT$$INIT_ARRAY$$Limit</name>
         <value>0x0</value>
      </symbol>
      <symbol id="sm-76b">
         <name>SHT$$INIT_ARRAY$$Base</name>
         <value>0x0</value>
      </symbol>
   </symbol_table>
   <title>Link successful</title>
</link_info>
