******************************************************************************
                  TI ARM Linker PC v15.12.3                    
******************************************************************************
>> Linked Tue Nov 01 02:30:10 2016

OUTPUT FILE NAME:   <ece3849b16_lab0_yuyan_nhtranngoc.out>
ENTRY POINT SYMBOL: "_c_int00"  address: 00004ec9


MEMORY CONFIGURATION

         name            origin    length      used     unused   attr    fill
----------------------  --------  ---------  --------  --------  ----  --------
  FLASH                 00000000   00040000  00005982  0003a67e  R  X
  SRAM                  20000000   00010000  00002054  0000dfac  RW X


SEGMENT ALLOCATION MAP

run origin  load origin   length   init length attrs members
----------  ----------- ---------- ----------- ----- -------
00000000    00000000    00005984   00005984    r-x
  00000000    00000000    000000f0   000000f0    r-- .intvecs
  000000f0    000000f0    000050b0   000050b0    r-x .text
  000051a0    000051a0    00000796   00000796    r-- .const
  00005938    00005938    0000004c   0000004c    r-- .cinit
20000000    20000000    00002054   00000000    rw-
  20000000    20000000    00001828   00000000    rw- .bss
  20001828    20001828    00000800   00000000    rw- .stack
  20002028    20002028    0000002c   00000000    rw- .data


SECTION ALLOCATION MAP

 output                                  attributes/
section   page    origin      length       input sections
--------  ----  ----------  ----------   ----------------
.intvecs   0    00000000    000000f0     
                  00000000    000000f0     lm3s8962_startup_ccs.obj (.intvecs)

.text      0    000000f0    000050b0     
                  000000f0    00000db4     rtsv7M3_T_le_eabi.lib : s_cosf.obj (.text)
                  00000ea4    00000d68                           : s_sinf.obj (.text)
                  00001c0c    00000a48     ustdlib.obj (.text)
                  00002654    00000704     rtsv7M3_T_le_eabi.lib : k_rem_pio2.obj (.text)
                  00002d58    00000684     frame_graphics.obj (.text)
                  000033dc    00000510     rit128x96x4.obj (.text)
                  000038ec    000004d0     main.obj (.text)
                  00003dbc    000001b6     rtsv7M3_T_le_eabi.lib : fd_add_t2.obj (.text)
                  00003f72    00000002                           : i_div0.obj (.text)
                  00003f74    00000198     driverlib-cm3.lib : sysctl.obj (.text:SysCtlClockGet)
                  0000410c    00000144                       : sysctl.obj (.text:SysCtlClockSet)
                  00004250    00000136     rtsv7M3_T_le_eabi.lib : fd_div_t2.obj (.text)
                  00004386    000000fc                           : fd_mul_t2.obj (.text)
                  00004482    000000fa                           : fs_add_t2.obj (.text)
                  0000457c    000000f4                           : s_floor.obj (.text)
                  00004670    000000d0                           : s_scalbn.obj (.text)
                  00004740    000000c8     driverlib-cm3.lib : gpio.obj (.text:GPIOPadConfigSet)
                  00004808    0000009c     rtsv7M3_T_le_eabi.lib : memcpy_t2.obj (.text)
                  000048a4    00000094     buttons.obj (.text)
                  00004938    00000086     rtsv7M3_T_le_eabi.lib : fd_cmp_t2.obj (.text:__aeabi_cdcmple)
                  000049be    00000086                           : fd_cmp_t2.obj (.text:__aeabi_cdrcmple)
                  00004a44    0000007a                           : fs_mul_t2.obj (.text)
                  00004abe    0000007a                           : memset_t2.obj (.text)
                  00004b38    00000070                           : autoinit.obj (.text)
                  00004ba8    0000006e                           : fd_tos_t2.obj (.text)
                  00004c16    0000006a                           : copy_decompress_rle.obj (.text)
                  00004c80    00000064     driverlib-cm3.lib : interrupt.obj (.text:IntEnable)
                  00004ce4    0000005e     rtsv7M3_T_le_eabi.lib : i_divt2.obj (.text)
                  00004d42    00000002                           : mpu_init.obj (.text)
                  00004d44    00000058     driverlib-cm3.lib : sysctl.obj (.text:SysCtlPeripheralEnable)
                  00004d9c    00000054     rtsv7M3_T_le_eabi.lib : exit.obj (.text)
                  00004df0    0000004c                           : cpy_tbl.obj (.text)
                  00004e3c    00000048                           : fd_toi_t2.obj (.text)
                  00004e84    00000044     driverlib-cm3.lib : ssi.obj (.text:SSIConfigSetExpClk)
                  00004ec8    00000040     rtsv7M3_T_le_eabi.lib : boot.obj (.text)
                  00004f08    00000040                           : u_divt2.obj (.text)
                  00004f48    00000038                           : fs_tod_t2.obj (.text)
                  00004f80    00000038                           : fs_toi_t2.obj (.text)
                  00004fb8    0000002e     driverlib-cm3.lib : gpio.obj (.text:GPIODirModeSet)
                  00004fe6    0000002e     rtsv7M3_T_le_eabi.lib : i_tofd_t2.obj (.text)
                  00005014    00000024     driverlib-cm3.lib : interrupt.obj (.text:IntPrioritySet)
                  00005038    00000024                       : timer.obj (.text:TimerConfigure)
                  0000505c    00000018     rtsv7M3_T_le_eabi.lib : args_main.obj (.text)
                  00005074    00000014     driverlib-cm3.lib : timer.obj (.text:TimerDisable)
                  00005088    00000014     rtsv7M3_T_le_eabi.lib : _lock.obj (.text)
                  0000509c    00000012     driverlib-cm3.lib : gpio.obj (.text:GPIOPinTypeGPIOInput)
                  000050ae    00000012                       : gpio.obj (.text:GPIOPinTypeGPIOOutput)
                  000050c0    00000012                       : gpio.obj (.text:GPIOPinTypeSSI)
                  000050d2    00000012                       : ssi.obj (.text:SSIDataGetNonBlocking)
                  000050e4    00000012                       : timer.obj (.text:TimerLoadSet)
                  000050f6    00000012                       : timer.obj (.text:TimerPrescaleSet)
                  00005108    0000000e                       : timer.obj (.text:TimerEnable)
                  00005116    0000000e     rtsv7M3_T_le_eabi.lib : copy_decompress_none.obj (.text:decompress:none)
                  00005124    0000000c     driverlib-cm3.lib : cpu.obj (.text:CPUcpsie)
                  00005130    0000000c                       : sysctl.obj (.text:SysCtlLDOSet)
                  0000513c    0000000c     lm3s8962_startup_ccs.obj (.text)
                  00005148    0000000a     driverlib-cm3.lib : interrupt.obj (.text:IntMasterEnable)
                  00005152    0000000a                       : ssi.obj (.text:SSIDataPut)
                  0000515c    0000000a                       : ssi.obj (.text:SSIDisable)
                  00005166    0000000a                       : ssi.obj (.text:SSIEnable)
                  00005170    00000008                       : ssi.obj (.text:SSIBusy)
                  00005178    00000008                       : timer.obj (.text:TimerIntEnable)
                  00005180    00000008     rtsv7M3_T_le_eabi.lib : s_copysign.obj (.text)
                  00005188    00000006     driverlib-cm3.lib : gpio.obj (.text:GPIOPinWrite)
                  0000518e    00000006                       : sysctl.obj (.text:SysCtlDelay)
                  00005194    00000006     rtsv7M3_T_le_eabi.lib : copy_decompress_rle.obj (.text:decompress:rle24)
                  0000519a    00000004                           : pre_init.obj (.text)
                  0000519e    00000002                           : startup.obj (.text)

.const     0    000051a0    00000796     
                  000051a0    000001e0     rit128x96x4.obj (.const:g_pucFont)
                  00005380    000001db     frame_graphics.obj (.const:g_pucFont)
                  0000555b    00000001     --HOLE-- [fill = 0]
                  0000555c    00000004     ustdlib.obj (.const)
                  00005560    00000158     rtsv7M3_T_le_eabi.lib : k_rem_pio2.obj (.const:$O1$$)
                  000056b8    0000009c     driverlib-cm3.lib : interrupt.obj (.const:g_pulRegs)
                  00005754    00000070                       : interrupt.obj (.const)
                  000057c4    0000006c                       : sysctl.obj (.const:g_pulXtals)
                  00005830    0000004f     rit128x96x4.obj (.const:.string:g_pucRIT128x96x4Init)
                  0000587f    00000001     --HOLE-- [fill = 0]
                  00005880    00000040     driverlib-cm3.lib : sysctl.obj (.const)
                  000058c0    00000020     frame_graphics.obj (.const:mask_left$2)
                  000058e0    00000020     frame_graphics.obj (.const:mask_right$1)
                  00005900    00000018     ustdlib.obj (.const:g_psDaysToMonth)
                  00005918    00000012     ustdlib.obj (.const:.string)
                  0000592a    00000003     rit128x96x4.obj (.const:.string:pucCommand1$1)
                  0000592d    00000003     rit128x96x4.obj (.const:.string:pucCommand2$2)
                  00005930    00000002     rit128x96x4.obj (.const:.string:g_pucRIT128x96x4HorizontalInc)
                  00005932    00000002     rit128x96x4.obj (.const:.string:g_pucRIT128x96x4VerticalInc)
                  00005934    00000002     rit128x96x4.obj (.const:.string:pucCommand1$3)

.cinit     0    00005938    0000004c     
                  00005938    00000023     (.cinit..data.load) [load image, compression = rle]
                  0000595b    00000005     --HOLE-- [fill = 0]
                  00005960    0000000b     (.cinit..bss.load) [load image, compression = rle]
                  0000596b    00000001     --HOLE-- [fill = 0]
                  0000596c    00000008     (__TI_handler_table)
                  00005974    00000010     (__TI_cinit_table)

.init_array 
*          0    00000000    00000000     UNINITIALIZED

.bss       0    20000000    00001828     UNINITIALIZED
                  20000000    00001800     (.common:g_pucFrame)
                  20001800    00000014     buttons.obj (.bss:piState$1)
                  20001814    00000008     rit128x96x4.obj (.bss:g_pucBuffer)
                  2000181c    00000004     rit128x96x4.obj (.bss)
                  20001820    00000004     (.common:g_ulButtons)
                  20001824    00000004     (.common:g_ulSystemClock)

.stack     0    20001828    00000800     UNINITIALIZED
                  20001828    00000800     --HOLE--

.data      0    20002028    0000002c     UNINITIALIZED
                  20002028    0000000c     rtsv7M3_T_le_eabi.lib : exit.obj (.data:$O1$$)
                  20002034    0000000c     main.obj (.data)
                  20002040    00000008     rtsv7M3_T_le_eabi.lib : _lock.obj (.data:$O1$$)
                  20002048    00000004                           : errno.obj (.data)
                  2000204c    00000004                           : stkdepth_vars.obj (.data)
                  20002050    00000004     ustdlib.obj (.data)

MODULE SUMMARY

       Module                     code    ro data   rw data
       ------                     ----    -------   -------
    .\
       frame_graphics.obj         1668    539       6144   
       ustdlib.obj                2632    46        4      
       rit128x96x4.obj            1296    571       12     
       main.obj                   1232    0         16     
       lm3s8962_startup_ccs.obj   12      240       0      
       buttons.obj                148     0         24     
    +--+--------------------------+-------+---------+---------+
       Total:                     6988    1396      6200   
                                                           
    C:/Program Files (x86)/Texas Instruments/StellarisWare/driverlib/ccs-cm3/Debug/driverlib-cm3.lib
       sysctl.obj                 838     172       0      
       interrupt.obj              146     268       0      
       gpio.obj                   306     0         0      
       ssi.obj                    124     0         0      
       timer.obj                  114     0         0      
       cpu.obj                    12      0         0      
    +--+--------------------------+-------+---------+---------+
       Total:                     1540    440       0      
                                                           
    C:\Program Files (x86)\Texas Instruments\ccsv6\tools\compiler\arm_15.12.3.LTS\lib\rtsv7M3_T_le_eabi.lib
       s_cosf.obj                 3508    0         0      
       s_sinf.obj                 3432    0         0      
       k_rem_pio2.obj             1796    344       0      
       fd_add_t2.obj              438     0         0      
       fd_div_t2.obj              310     0         0      
       fd_cmp_t2.obj              268     0         0      
       fd_mul_t2.obj              252     0         0      
       fs_add_t2.obj              250     0         0      
       s_floor.obj                244     0         0      
       s_scalbn.obj               208     0         0      
       memcpy_t2.obj              156     0         0      
       fs_mul_t2.obj              122     0         0      
       memset_t2.obj              122     0         0      
       autoinit.obj               112     0         0      
       copy_decompress_rle.obj    112     0         0      
       fd_tos_t2.obj              110     0         0      
       exit.obj                   84      0         12     
       i_divt2.obj                94      0         0      
       cpy_tbl.obj                76      0         0      
       fd_toi_t2.obj              72      0         0      
       boot.obj                   64      0         0      
       u_divt2.obj                64      0         0      
       fs_tod_t2.obj              56      0         0      
       fs_toi_t2.obj              56      0         0      
       i_tofd_t2.obj              46      0         0      
       _lock.obj                  20      0         8      
       args_main.obj              24      0         0      
       copy_decompress_none.obj   14      0         0      
       s_copysign.obj             8       0         0      
       errno.obj                  0       0         4      
       pre_init.obj               4       0         0      
       stkdepth_vars.obj          0       0         4      
       i_div0.obj                 2       0         0      
       mpu_init.obj               2       0         0      
       startup.obj                2       0         0      
    +--+--------------------------+-------+---------+---------+
       Total:                     12128   344       28     
                                                           
       Stack:                     0       0         2048   
       Linker Generated:          0       70        0      
    +--+--------------------------+-------+---------+---------+
       Grand Total:               20656   2250      8276   


LINKER GENERATED COPY TABLES

__TI_cinit_table @ 00005974 records: 2, size/record: 8, table size: 16
	.data: load addr=00005938, load size=00000023 bytes, run addr=20002028, run size=0000002c bytes, compression=rle
	.bss: load addr=00005960, load size=0000000b bytes, run addr=20000000, run size=00001828 bytes, compression=rle


LINKER GENERATED HANDLER TABLE

__TI_handler_table @ 0000596c records: 2, size/record: 4, table size: 8
	index: 0, handler: __TI_decompress_rle24
	index: 1, handler: __TI_decompress_none


GLOBAL SYMBOLS: SORTED ALPHABETICALLY BY Name 

address   name                           
-------   ----                           
000048a5  ButtonDebounce                 
00004d9d  C$$EXIT                        
00005125  CPUcpsie                       
00002f55  DrawChar                       
00003117  DrawCircle                     
000031b5  DrawFilledRectangle            
00002e3b  DrawLine                       
00002dcb  DrawPoint                      
0000302d  DrawString                     
00002d59  FillFrame                      
00004fb9  GPIODirModeSet                 
00004741  GPIOPadConfigSet               
0000509d  GPIOPinTypeGPIOInput           
000050af  GPIOPinTypeGPIOOutput          
000050c1  GPIOPinTypeSSI                 
00005189  GPIOPinWrite                   
00004c81  IntEnable                      
00005149  IntMasterEnable                
00005015  IntPrioritySet                 
000034e9  RIT128x96x4Clear               
00003763  RIT128x96x4Disable             
000038bd  RIT128x96x4DisplayOff          
00003889  RIT128x96x4DisplayOn           
00003709  RIT128x96x4Enable              
00003681  RIT128x96x4ImageDraw           
000037dd  RIT128x96x4Init                
00003545  RIT128x96x4StringDraw          
0000513d  ResetISR                       
UNDEFED   SHT$$INIT_ARRAY$$Base          
UNDEFED   SHT$$INIT_ARRAY$$Limit         
00005171  SSIBusy                        
00004e85  SSIConfigSetExpClk             
000050d3  SSIDataGetNonBlocking          
00005153  SSIDataPut                     
0000515d  SSIDisable                     
00005167  SSIEnable                      
00003f75  SysCtlClockGet                 
0000410d  SysCtlClockSet                 
0000518f  SysCtlDelay                    
00005131  SysCtlLDOSet                   
00004d45  SysCtlPeripheralEnable         
00005039  TimerConfigure                 
00005075  TimerDisable                   
00005109  TimerEnable                    
000038ed  TimerISR                       
00005179  TimerIntEnable                 
000050e5  TimerLoadSet                   
000050f7  TimerPrescaleSet               
20002028  __STACK_END                    
00000800  __STACK_SIZE                   
20001a28  __STACK_TOP                    
00005974  __TI_CINIT_Base                
00005984  __TI_CINIT_Limit               
0000596c  __TI_Handler_Table_Base        
00005974  __TI_Handler_Table_Limit       
00004b39  __TI_auto_init                 
20002028  __TI_cleanup_ptr               
00005117  __TI_decompress_none           
00005195  __TI_decompress_rle24          
2000202c  __TI_dtors_ptr                 
20002030  __TI_enable_exit_profile_output
ffffffff  __TI_pprof_out_hndl            
ffffffff  __TI_prof_data_size            
ffffffff  __TI_prof_data_start           
00000000  __TI_static_base__             
00004939  __aeabi_cdcmpeq                
00004939  __aeabi_cdcmple                
000049bf  __aeabi_cdrcmple               
00004ba9  __aeabi_d2f                    
00004e3d  __aeabi_d2iz                   
00003dc7  __aeabi_dadd                   
00004251  __aeabi_ddiv                   
00004387  __aeabi_dmul                   
00003dbd  __aeabi_dsub                   
00004f49  __aeabi_f2d                    
00004f81  __aeabi_f2iz                   
00004487  __aeabi_fadd                   
00004a45  __aeabi_fmul                   
00004483  __aeabi_fsub                   
00004fe7  __aeabi_i2d                    
00004ce5  __aeabi_idiv                   
00003f73  __aeabi_idiv0                  
00004ce5  __aeabi_idivmod                
00004abf  __aeabi_memclr                 
00004abf  __aeabi_memclr4                
00004abf  __aeabi_memclr8                
00004809  __aeabi_memcpy                 
00004809  __aeabi_memcpy4                
00004809  __aeabi_memcpy8                
00004ac1  __aeabi_memset                 
00004ac1  __aeabi_memset4                
00004ac1  __aeabi_memset8                
00004f09  __aeabi_uidiv                  
00004f09  __aeabi_uidivmod               
ffffffff  __binit__                      
ffffffff  __c_args__                     
00002655  __kernel_rem_pio2              
00004d43  __mpu_init                     
20001828  __stack                        
0000505d  _args_main                     
00004ec9  _c_int00                       
20002040  _lock                          
00005097  _nop                           
0000508f  _register_lock                 
00005089  _register_unlock               
0000519f  _system_post_cinit             
0000519b  _system_pre_init               
20002044  _unlock                        
00004da1  abort                          
ffffffff  binit                          
00004df1  copy_in                        
00005181  copysign                       
00005181  copysignl                      
000000f1  cosf                           
000039dd  drawClock                      
00003b89  drawFrame                      
20002048  errno                          
00004da9  exit                           
0000457d  floor                          
0000457d  floorl                         
00000000  g_pfnVectors                   
00005380  g_pucFont                      
20000000  g_pucFrame                     
20001820  g_ulButtons                    
20001824  g_ulSystemClock                
20002034  g_ulTime                       
00004671  ldexp                          
00004671  ldexpl                         
00003c51  main                           
2000204c  main_func_sp                   
00004809  memcpy                         
00004ac7  memset                         
0000397d  printTime                      
00004671  scalbn                         
00004671  scalbnl                        
00000ea5  sinf                           
000020f1  ulocaltime                     
000022f3  umktime                        
00002631  urand                          
000020c1  usnprintf                      
0000208f  usprintf                       
00002621  usrand                         
00002599  ustrcasecmp                    
0000260d  ustrcmp                        
000024a5  ustrlen                        
000025ad  ustrncmp                       
00001c0d  ustrncpy                       
000024f9  ustrnicmp                      
000024c7  ustrstr                        
0000236d  ustrtoul                       
00001c65  uvsnprintf                     


GLOBAL SYMBOLS: SORTED BY Symbol Address 

address   name                           
-------   ----                           
00000000  __TI_static_base__             
00000000  g_pfnVectors                   
000000f1  cosf                           
00000800  __STACK_SIZE                   
00000ea5  sinf                           
00001c0d  ustrncpy                       
00001c65  uvsnprintf                     
0000208f  usprintf                       
000020c1  usnprintf                      
000020f1  ulocaltime                     
000022f3  umktime                        
0000236d  ustrtoul                       
000024a5  ustrlen                        
000024c7  ustrstr                        
000024f9  ustrnicmp                      
00002599  ustrcasecmp                    
000025ad  ustrncmp                       
0000260d  ustrcmp                        
00002621  usrand                         
00002631  urand                          
00002655  __kernel_rem_pio2              
00002d59  FillFrame                      
00002dcb  DrawPoint                      
00002e3b  DrawLine                       
00002f55  DrawChar                       
0000302d  DrawString                     
00003117  DrawCircle                     
000031b5  DrawFilledRectangle            
000034e9  RIT128x96x4Clear               
00003545  RIT128x96x4StringDraw          
00003681  RIT128x96x4ImageDraw           
00003709  RIT128x96x4Enable              
00003763  RIT128x96x4Disable             
000037dd  RIT128x96x4Init                
00003889  RIT128x96x4DisplayOn           
000038bd  RIT128x96x4DisplayOff          
000038ed  TimerISR                       
0000397d  printTime                      
000039dd  drawClock                      
00003b89  drawFrame                      
00003c51  main                           
00003dbd  __aeabi_dsub                   
00003dc7  __aeabi_dadd                   
00003f73  __aeabi_idiv0                  
00003f75  SysCtlClockGet                 
0000410d  SysCtlClockSet                 
00004251  __aeabi_ddiv                   
00004387  __aeabi_dmul                   
00004483  __aeabi_fsub                   
00004487  __aeabi_fadd                   
0000457d  floor                          
0000457d  floorl                         
00004671  ldexp                          
00004671  ldexpl                         
00004671  scalbn                         
00004671  scalbnl                        
00004741  GPIOPadConfigSet               
00004809  __aeabi_memcpy                 
00004809  __aeabi_memcpy4                
00004809  __aeabi_memcpy8                
00004809  memcpy                         
000048a5  ButtonDebounce                 
00004939  __aeabi_cdcmpeq                
00004939  __aeabi_cdcmple                
000049bf  __aeabi_cdrcmple               
00004a45  __aeabi_fmul                   
00004abf  __aeabi_memclr                 
00004abf  __aeabi_memclr4                
00004abf  __aeabi_memclr8                
00004ac1  __aeabi_memset                 
00004ac1  __aeabi_memset4                
00004ac1  __aeabi_memset8                
00004ac7  memset                         
00004b39  __TI_auto_init                 
00004ba9  __aeabi_d2f                    
00004c81  IntEnable                      
00004ce5  __aeabi_idiv                   
00004ce5  __aeabi_idivmod                
00004d43  __mpu_init                     
00004d45  SysCtlPeripheralEnable         
00004d9d  C$$EXIT                        
00004da1  abort                          
00004da9  exit                           
00004df1  copy_in                        
00004e3d  __aeabi_d2iz                   
00004e85  SSIConfigSetExpClk             
00004ec9  _c_int00                       
00004f09  __aeabi_uidiv                  
00004f09  __aeabi_uidivmod               
00004f49  __aeabi_f2d                    
00004f81  __aeabi_f2iz                   
00004fb9  GPIODirModeSet                 
00004fe7  __aeabi_i2d                    
00005015  IntPrioritySet                 
00005039  TimerConfigure                 
0000505d  _args_main                     
00005075  TimerDisable                   
00005089  _register_unlock               
0000508f  _register_lock                 
00005097  _nop                           
0000509d  GPIOPinTypeGPIOInput           
000050af  GPIOPinTypeGPIOOutput          
000050c1  GPIOPinTypeSSI                 
000050d3  SSIDataGetNonBlocking          
000050e5  TimerLoadSet                   
000050f7  TimerPrescaleSet               
00005109  TimerEnable                    
00005117  __TI_decompress_none           
00005125  CPUcpsie                       
00005131  SysCtlLDOSet                   
0000513d  ResetISR                       
00005149  IntMasterEnable                
00005153  SSIDataPut                     
0000515d  SSIDisable                     
00005167  SSIEnable                      
00005171  SSIBusy                        
00005179  TimerIntEnable                 
00005181  copysign                       
00005181  copysignl                      
00005189  GPIOPinWrite                   
0000518f  SysCtlDelay                    
00005195  __TI_decompress_rle24          
0000519b  _system_pre_init               
0000519f  _system_post_cinit             
00005380  g_pucFont                      
0000596c  __TI_Handler_Table_Base        
00005974  __TI_CINIT_Base                
00005974  __TI_Handler_Table_Limit       
00005984  __TI_CINIT_Limit               
20000000  g_pucFrame                     
20001820  g_ulButtons                    
20001824  g_ulSystemClock                
20001828  __stack                        
20001a28  __STACK_TOP                    
20002028  __STACK_END                    
20002028  __TI_cleanup_ptr               
2000202c  __TI_dtors_ptr                 
20002030  __TI_enable_exit_profile_output
20002034  g_ulTime                       
20002040  _lock                          
20002044  _unlock                        
20002048  errno                          
2000204c  main_func_sp                   
ffffffff  __TI_pprof_out_hndl            
ffffffff  __TI_prof_data_size            
ffffffff  __TI_prof_data_start           
ffffffff  __binit__                      
ffffffff  __c_args__                     
ffffffff  binit                          
UNDEFED   SHT$$INIT_ARRAY$$Base          
UNDEFED   SHT$$INIT_ARRAY$$Limit         

[151 symbols]
