******************************************************************************
                  TI ARM Linker PC v15.12.3                    
******************************************************************************
>> Linked Wed Nov 02 10:50:27 2016

OUTPUT FILE NAME:   <ece3849b16_lab1_yuyan_nhtranngoc.out>
ENTRY POINT SYMBOL: "_c_int00"  address: 00002195


MEMORY CONFIGURATION

         name            origin    length      used     unused   attr    fill
----------------------  --------  ---------  --------  --------  ----  --------
  FLASH                 00000000   00040000  00002a48  0003d5b8  R  X
  SRAM                  20000000   00010000  00002094  0000df6c  RW X


SEGMENT ALLOCATION MAP

run origin  load origin   length   init length attrs members
----------  ----------- ---------- ----------- ----- -------
00000000    00000000    00002a4c   00002a4c    r-x
  00000000    00000000    000000f0   000000f0    r-- .intvecs
  000000f0    000000f0    000022d6   000022d6    r-x .text
  000023c8    000023c8    0000063e   0000063e    r-- .const
  00002a08    00002a08    00000044   00000044    r-- .cinit
20000000    20000000    00002094   00000000    rw-
  20000000    20000000    0000185c   00000000    rw- .bss
  2000185c    2000185c    00000800   00000000    rw- .stack
  2000205c    2000205c    00000038   00000000    rw- .data


SECTION ALLOCATION MAP

 output                                  attributes/
section   page    origin      length       input sections
--------  ----  ----------  ----------   ----------------
.intvecs   0    00000000    000000f0     
                  00000000    000000f0     lm3s8962_startup_ccs.obj (.intvecs)

.text      0    000000f0    000022d6     
                  000000f0    00000a48     ustdlib.obj (.text)
                  00000b38    00000684     frame_graphics.obj (.text)
                  000011bc    00000510     rit128x96x4.obj (.text)
                  000016cc    000002fc     main.obj (.text)
                  000019c8    00000198     driverlib-cm3.lib : sysctl.obj (.text:SysCtlClockGet)
                  00001b60    00000144                       : sysctl.obj (.text:SysCtlClockSet)
                  00001ca4    000000c8                       : gpio.obj (.text:GPIOPadConfigSet)
                  00001d6c    0000009c     rtsv7M3_T_le_eabi.lib : memcpy_t2.obj (.text)
                  00001e08    00000094     buttons.obj (.text)
                  00001e9c    0000007a     rtsv7M3_T_le_eabi.lib : memset_t2.obj (.text)
                  00001f16    00000002                           : i_div0.obj (.text)
                  00001f18    00000070                           : autoinit.obj (.text)
                  00001f88    0000006a                           : copy_decompress_rle.obj (.text)
                  00001ff2    00000002                           : mpu_init.obj (.text)
                  00001ff4    00000064     driverlib-cm3.lib : interrupt.obj (.text:IntEnable)
                  00002058    00000058                       : sysctl.obj (.text:SysCtlPeripheralEnable)
                  000020b0    00000054     rtsv7M3_T_le_eabi.lib : exit.obj (.text)
                  00002104    0000004c                           : cpy_tbl.obj (.text)
                  00002150    00000044     driverlib-cm3.lib : ssi.obj (.text:SSIConfigSetExpClk)
                  00002194    00000040     rtsv7M3_T_le_eabi.lib : boot.obj (.text)
                  000021d4    00000040                           : u_divt2.obj (.text)
                  00002214    0000002e     driverlib-cm3.lib : gpio.obj (.text:GPIODirModeSet)
                  00002242    00000002     rtsv7M3_T_le_eabi.lib : startup.obj (.text)
                  00002244    00000024     driverlib-cm3.lib : interrupt.obj (.text:IntPrioritySet)
                  00002268    00000024                       : timer.obj (.text:TimerConfigure)
                  0000228c    00000018     rtsv7M3_T_le_eabi.lib : args_main.obj (.text)
                  000022a4    00000014     driverlib-cm3.lib : timer.obj (.text:TimerDisable)
                  000022b8    00000014     rtsv7M3_T_le_eabi.lib : _lock.obj (.text)
                  000022cc    00000012     driverlib-cm3.lib : gpio.obj (.text:GPIOPinTypeGPIOInput)
                  000022de    00000012                       : gpio.obj (.text:GPIOPinTypeGPIOOutput)
                  000022f0    00000012                       : gpio.obj (.text:GPIOPinTypeSSI)
                  00002302    00000012                       : ssi.obj (.text:SSIDataGetNonBlocking)
                  00002314    00000012                       : timer.obj (.text:TimerLoadSet)
                  00002326    00000012                       : timer.obj (.text:TimerPrescaleSet)
                  00002338    0000000e                       : timer.obj (.text:TimerEnable)
                  00002346    0000000e     rtsv7M3_T_le_eabi.lib : copy_decompress_none.obj (.text:decompress:none)
                  00002354    0000000c     driverlib-cm3.lib : cpu.obj (.text:CPUcpsie)
                  00002360    0000000c                       : sysctl.obj (.text:SysCtlLDOSet)
                  0000236c    0000000c     lm3s8962_startup_ccs.obj (.text)
                  00002378    0000000a     driverlib-cm3.lib : interrupt.obj (.text:IntMasterEnable)
                  00002382    0000000a                       : ssi.obj (.text:SSIDataPut)
                  0000238c    0000000a                       : ssi.obj (.text:SSIDisable)
                  00002396    0000000a                       : ssi.obj (.text:SSIEnable)
                  000023a0    00000008                       : ssi.obj (.text:SSIBusy)
                  000023a8    00000008                       : timer.obj (.text:TimerIntEnable)
                  000023b0    00000006                       : gpio.obj (.text:GPIOPinWrite)
                  000023b6    00000006                       : sysctl.obj (.text:SysCtlDelay)
                  000023bc    00000006     rtsv7M3_T_le_eabi.lib : copy_decompress_rle.obj (.text:decompress:rle24)
                  000023c2    00000004                           : pre_init.obj (.text)

.const     0    000023c8    0000063e     
                  000023c8    000001e0     rit128x96x4.obj (.const:g_pucFont)
                  000025a8    000001db     frame_graphics.obj (.const:g_pucFont)
                  00002783    00000001     --HOLE-- [fill = 0]
                  00002784    0000009c     driverlib-cm3.lib : interrupt.obj (.const:g_pulRegs)
                  00002820    00000070                       : interrupt.obj (.const)
                  00002890    0000006c                       : sysctl.obj (.const:g_pulXtals)
                  000028fc    0000004f     rit128x96x4.obj (.const:.string:g_pucRIT128x96x4Init)
                  0000294b    00000001     --HOLE-- [fill = 0]
                  0000294c    00000040     driverlib-cm3.lib : sysctl.obj (.const)
                  0000298c    00000020     frame_graphics.obj (.const:mask_left$2)
                  000029ac    00000020     frame_graphics.obj (.const:mask_right$1)
                  000029cc    00000018     ustdlib.obj (.const:g_psDaysToMonth)
                  000029e4    00000012     ustdlib.obj (.const:.string)
                  000029f6    00000002     rit128x96x4.obj (.const:.string:g_pucRIT128x96x4HorizontalInc)
                  000029f8    00000004     ustdlib.obj (.const)
                  000029fc    00000003     rit128x96x4.obj (.const:.string:pucCommand1$1)
                  000029ff    00000003     rit128x96x4.obj (.const:.string:pucCommand2$2)
                  00002a02    00000002     rit128x96x4.obj (.const:.string:g_pucRIT128x96x4VerticalInc)
                  00002a04    00000002     rit128x96x4.obj (.const:.string:pucCommand1$3)

.cinit     0    00002a08    00000044     
                  00002a08    0000001e     (.cinit..data.load) [load image, compression = rle]
                  00002a26    00000002     --HOLE-- [fill = 0]
                  00002a28    0000000b     (.cinit..bss.load) [load image, compression = rle]
                  00002a33    00000001     --HOLE-- [fill = 0]
                  00002a34    00000008     (__TI_handler_table)
                  00002a3c    00000010     (__TI_cinit_table)

.init_array 
*          0    00000000    00000000     UNINITIALIZED

.bss       0    20000000    0000185c     UNINITIALIZED
                  20000000    00001800     (.common:g_pucFrame)
                  20001800    00000034     main.obj (.bss:timeString)
                  20001834    00000014     buttons.obj (.bss:piState$1)
                  20001848    00000008     rit128x96x4.obj (.bss:g_pucBuffer)
                  20001850    00000004     rit128x96x4.obj (.bss)
                  20001854    00000004     (.common:g_ulButtons)
                  20001858    00000004     (.common:g_ulSystemClock)

.stack     0    2000185c    00000800     UNINITIALIZED
                  2000185c    00000800     --HOLE--

.data      0    2000205c    00000038     UNINITIALIZED
                  2000205c    0000001c     main.obj (.data)
                  20002078    0000000c     rtsv7M3_T_le_eabi.lib : exit.obj (.data:$O1$$)
                  20002084    00000008                           : _lock.obj (.data:$O1$$)
                  2000208c    00000004                           : stkdepth_vars.obj (.data)
                  20002090    00000004     ustdlib.obj (.data)

MODULE SUMMARY

       Module                     code   ro data   rw data
       ------                     ----   -------   -------
    .\
       frame_graphics.obj         1668   539       6144   
       ustdlib.obj                2632   46        4      
       rit128x96x4.obj            1296   571       12     
       main.obj                   764    0         84     
       lm3s8962_startup_ccs.obj   12     240       0      
       buttons.obj                148    0         24     
    +--+--------------------------+------+---------+---------+
       Total:                     6520   1396      6268   
                                                          
    C:/Program Files (x86)/Texas Instruments/StellarisWare/driverlib/ccs-cm3/Debug/driverlib-cm3.lib
       sysctl.obj                 838    172       0      
       interrupt.obj              146    268       0      
       gpio.obj                   306    0         0      
       ssi.obj                    124    0         0      
       timer.obj                  114    0         0      
       cpu.obj                    12     0         0      
    +--+--------------------------+------+---------+---------+
       Total:                     1540   440       0      
                                                          
    C:\Program Files (x86)\Texas Instruments\ccsv6\tools\compiler\arm_15.12.3.LTS\lib\rtsv7M3_T_le_eabi.lib
       memcpy_t2.obj              156    0         0      
       memset_t2.obj              122    0         0      
       autoinit.obj               112    0         0      
       copy_decompress_rle.obj    112    0         0      
       exit.obj                   84     0         12     
       cpy_tbl.obj                76     0         0      
       boot.obj                   64     0         0      
       u_divt2.obj                64     0         0      
       _lock.obj                  20     0         8      
       args_main.obj              24     0         0      
       copy_decompress_none.obj   14     0         0      
       pre_init.obj               4      0         0      
       stkdepth_vars.obj          0      0         4      
       i_div0.obj                 2      0         0      
       mpu_init.obj               2      0         0      
       startup.obj                2      0         0      
    +--+--------------------------+------+---------+---------+
       Total:                     858    0         24     
                                                          
       Stack:                     0      0         2048   
       Linker Generated:          0      65        0      
    +--+--------------------------+------+---------+---------+
       Grand Total:               8918   1901      8340   


LINKER GENERATED COPY TABLES

__TI_cinit_table @ 00002a3c records: 2, size/record: 8, table size: 16
	.data: load addr=00002a08, load size=0000001e bytes, run addr=2000205c, run size=00000038 bytes, compression=rle
	.bss: load addr=00002a28, load size=0000000b bytes, run addr=20000000, run size=0000185c bytes, compression=rle


LINKER GENERATED HANDLER TABLE

__TI_handler_table @ 00002a34 records: 2, size/record: 4, table size: 8
	index: 0, handler: __TI_decompress_rle24
	index: 1, handler: __TI_decompress_none


GLOBAL SYMBOLS: SORTED ALPHABETICALLY BY Name 

address   name                           
-------   ----                           
00001e09  ButtonDebounce                 
000020b1  C$$EXIT                        
00002355  CPUcpsie                       
00000d35  DrawChar                       
00000ef7  DrawCircle                     
00000f95  DrawFilledRectangle            
00000c1b  DrawLine                       
00000bab  DrawPoint                      
00000e0d  DrawString                     
00000b39  FillFrame                      
00002215  GPIODirModeSet                 
00001ca5  GPIOPadConfigSet               
000022cd  GPIOPinTypeGPIOInput           
000022df  GPIOPinTypeGPIOOutput          
000022f1  GPIOPinTypeSSI                 
000023b1  GPIOPinWrite                   
00001ff5  IntEnable                      
00002379  IntMasterEnable                
00002245  IntPrioritySet                 
000012c9  RIT128x96x4Clear               
00001543  RIT128x96x4Disable             
0000169d  RIT128x96x4DisplayOff          
00001669  RIT128x96x4DisplayOn           
000014e9  RIT128x96x4Enable              
00001461  RIT128x96x4ImageDraw           
000015bd  RIT128x96x4Init                
00001325  RIT128x96x4StringDraw          
0000236d  ResetISR                       
UNDEFED   SHT$$INIT_ARRAY$$Base          
UNDEFED   SHT$$INIT_ARRAY$$Limit         
000023a1  SSIBusy                        
00002151  SSIConfigSetExpClk             
00002303  SSIDataGetNonBlocking          
00002383  SSIDataPut                     
0000238d  SSIDisable                     
00002397  SSIEnable                      
000019c9  SysCtlClockGet                 
00001b61  SysCtlClockSet                 
000023b7  SysCtlDelay                    
00002361  SysCtlLDOSet                   
00002059  SysCtlPeripheralEnable         
00002269  TimerConfigure                 
000022a5  TimerDisable                   
00002339  TimerEnable                    
000016cd  TimerISR                       
000023a9  TimerIntEnable                 
00002315  TimerLoadSet                   
00002327  TimerPrescaleSet               
2000205c  __STACK_END                    
00000800  __STACK_SIZE                   
20001a5c  __STACK_TOP                    
00002a3c  __TI_CINIT_Base                
00002a4c  __TI_CINIT_Limit               
00002a34  __TI_Handler_Table_Base        
00002a3c  __TI_Handler_Table_Limit       
00001f19  __TI_auto_init                 
20002078  __TI_cleanup_ptr               
00002347  __TI_decompress_none           
000023bd  __TI_decompress_rle24          
2000207c  __TI_dtors_ptr                 
20002080  __TI_enable_exit_profile_output
ffffffff  __TI_pprof_out_hndl            
ffffffff  __TI_prof_data_size            
ffffffff  __TI_prof_data_start           
00000000  __TI_static_base__             
00001f17  __aeabi_idiv0                  
00001e9d  __aeabi_memclr                 
00001e9d  __aeabi_memclr4                
00001e9d  __aeabi_memclr8                
00001d6d  __aeabi_memcpy                 
00001d6d  __aeabi_memcpy4                
00001d6d  __aeabi_memcpy8                
00001e9f  __aeabi_memset                 
00001e9f  __aeabi_memset4                
00001e9f  __aeabi_memset8                
000021d5  __aeabi_uidiv                  
000021d5  __aeabi_uidivmod               
ffffffff  __binit__                      
ffffffff  __c_args__                     
00001ff3  __mpu_init                     
2000185c  __stack                        
0000228d  _args_main                     
00002195  _c_int00                       
20002084  _lock                          
000022c7  _nop                           
000022bf  _register_lock                 
000022b9  _register_unlock               
00002243  _system_post_cinit             
000023c3  _system_pre_init               
20002088  _unlock                        
000020b5  abort                          
ffffffff  binit                          
00001749  checkButtons                   
00002105  copy_in                        
000020bd  exit                           
00000000  g_pfnVectors                   
000025a8  g_pucFont                      
20000000  g_pucFrame                     
20001854  g_ulButtons                    
20001858  g_ulSystemClock                
2000205c  g_ulTime                       
000016d9  incrementTime                  
00001923  initializeADC                  
00001823  initializeButtonClock          
00001889  initializeButtonInterface      
00001819  initializeDisplay              
00001925  initializeScreen               
000017f5  initializeSystemClock          
00001927  main                           
2000208c  main_func_sp                   
00001d6d  memcpy                         
00001ea5  memset                         
000018d3  printTime                      
00001905  screenClean                    
0000190f  screenDraw                     
000005d5  ulocaltime                     
000007d7  umktime                        
00000b15  urand                          
000005a5  usnprintf                      
00000573  usprintf                       
00000b05  usrand                         
00000a7d  ustrcasecmp                    
00000af1  ustrcmp                        
00000989  ustrlen                        
00000a91  ustrncmp                       
000000f1  ustrncpy                       
000009dd  ustrnicmp                      
000009ab  ustrstr                        
00000851  ustrtoul                       
00000149  uvsnprintf                     


GLOBAL SYMBOLS: SORTED BY Symbol Address 

address   name                           
-------   ----                           
00000000  __TI_static_base__             
00000000  g_pfnVectors                   
000000f1  ustrncpy                       
00000149  uvsnprintf                     
00000573  usprintf                       
000005a5  usnprintf                      
000005d5  ulocaltime                     
000007d7  umktime                        
00000800  __STACK_SIZE                   
00000851  ustrtoul                       
00000989  ustrlen                        
000009ab  ustrstr                        
000009dd  ustrnicmp                      
00000a7d  ustrcasecmp                    
00000a91  ustrncmp                       
00000af1  ustrcmp                        
00000b05  usrand                         
00000b15  urand                          
00000b39  FillFrame                      
00000bab  DrawPoint                      
00000c1b  DrawLine                       
00000d35  DrawChar                       
00000e0d  DrawString                     
00000ef7  DrawCircle                     
00000f95  DrawFilledRectangle            
000012c9  RIT128x96x4Clear               
00001325  RIT128x96x4StringDraw          
00001461  RIT128x96x4ImageDraw           
000014e9  RIT128x96x4Enable              
00001543  RIT128x96x4Disable             
000015bd  RIT128x96x4Init                
00001669  RIT128x96x4DisplayOn           
0000169d  RIT128x96x4DisplayOff          
000016cd  TimerISR                       
000016d9  incrementTime                  
00001749  checkButtons                   
000017f5  initializeSystemClock          
00001819  initializeDisplay              
00001823  initializeButtonClock          
00001889  initializeButtonInterface      
000018d3  printTime                      
00001905  screenClean                    
0000190f  screenDraw                     
00001923  initializeADC                  
00001925  initializeScreen               
00001927  main                           
000019c9  SysCtlClockGet                 
00001b61  SysCtlClockSet                 
00001ca5  GPIOPadConfigSet               
00001d6d  __aeabi_memcpy                 
00001d6d  __aeabi_memcpy4                
00001d6d  __aeabi_memcpy8                
00001d6d  memcpy                         
00001e09  ButtonDebounce                 
00001e9d  __aeabi_memclr                 
00001e9d  __aeabi_memclr4                
00001e9d  __aeabi_memclr8                
00001e9f  __aeabi_memset                 
00001e9f  __aeabi_memset4                
00001e9f  __aeabi_memset8                
00001ea5  memset                         
00001f17  __aeabi_idiv0                  
00001f19  __TI_auto_init                 
00001ff3  __mpu_init                     
00001ff5  IntEnable                      
00002059  SysCtlPeripheralEnable         
000020b1  C$$EXIT                        
000020b5  abort                          
000020bd  exit                           
00002105  copy_in                        
00002151  SSIConfigSetExpClk             
00002195  _c_int00                       
000021d5  __aeabi_uidiv                  
000021d5  __aeabi_uidivmod               
00002215  GPIODirModeSet                 
00002243  _system_post_cinit             
00002245  IntPrioritySet                 
00002269  TimerConfigure                 
0000228d  _args_main                     
000022a5  TimerDisable                   
000022b9  _register_unlock               
000022bf  _register_lock                 
000022c7  _nop                           
000022cd  GPIOPinTypeGPIOInput           
000022df  GPIOPinTypeGPIOOutput          
000022f1  GPIOPinTypeSSI                 
00002303  SSIDataGetNonBlocking          
00002315  TimerLoadSet                   
00002327  TimerPrescaleSet               
00002339  TimerEnable                    
00002347  __TI_decompress_none           
00002355  CPUcpsie                       
00002361  SysCtlLDOSet                   
0000236d  ResetISR                       
00002379  IntMasterEnable                
00002383  SSIDataPut                     
0000238d  SSIDisable                     
00002397  SSIEnable                      
000023a1  SSIBusy                        
000023a9  TimerIntEnable                 
000023b1  GPIOPinWrite                   
000023b7  SysCtlDelay                    
000023bd  __TI_decompress_rle24          
000023c3  _system_pre_init               
000025a8  g_pucFont                      
00002a34  __TI_Handler_Table_Base        
00002a3c  __TI_CINIT_Base                
00002a3c  __TI_Handler_Table_Limit       
00002a4c  __TI_CINIT_Limit               
20000000  g_pucFrame                     
20001854  g_ulButtons                    
20001858  g_ulSystemClock                
2000185c  __stack                        
20001a5c  __STACK_TOP                    
2000205c  __STACK_END                    
2000205c  g_ulTime                       
20002078  __TI_cleanup_ptr               
2000207c  __TI_dtors_ptr                 
20002080  __TI_enable_exit_profile_output
20002084  _lock                          
20002088  _unlock                        
2000208c  main_func_sp                   
ffffffff  __TI_pprof_out_hndl            
ffffffff  __TI_prof_data_size            
ffffffff  __TI_prof_data_start           
ffffffff  __binit__                      
ffffffff  __c_args__                     
ffffffff  binit                          
UNDEFED   SHT$$INIT_ARRAY$$Base          
UNDEFED   SHT$$INIT_ARRAY$$Limit         

[130 symbols]
